Archive member included to satisfy reference by file (symbol)

C:/Users/User/.pico-sdk/toolchain/14_2_Rel1/bin/../lib/gcc/arm-none-eabi/14.2.1/thumb/v6-m/nofp\libgcc.a(_dvmd_tls.o)
                              CMakeFiles/carrier_receiver_baseband.dir/C_/Users/User/.pico-sdk/sdk/2.1.1/src/rp2_common/pico_divider/divider_hardware.S.obj (__aeabi_idiv0)
C:/Users/User/.pico-sdk/toolchain/14_2_Rel1/bin/../lib/gcc/arm-none-eabi/14.2.1/thumb/v6-m/nofp\libg.a(libc_a-calloc.o)
                              CMakeFiles/carrier_receiver_baseband.dir/C_/Users/User/.pico-sdk/sdk/2.1.1/src/rp2_common/pico_malloc/malloc.c.obj (calloc)
C:/Users/User/.pico-sdk/toolchain/14_2_Rel1/bin/../lib/gcc/arm-none-eabi/14.2.1/thumb/v6-m/nofp\libg.a(libc_a-callocr.o)
                              C:/Users/User/.pico-sdk/toolchain/14_2_Rel1/bin/../lib/gcc/arm-none-eabi/14.2.1/thumb/v6-m/nofp\libg.a(libc_a-calloc.o) (_calloc_r)
C:/Users/User/.pico-sdk/toolchain/14_2_Rel1/bin/../lib/gcc/arm-none-eabi/14.2.1/thumb/v6-m/nofp\libg.a(libc_a-malloc.o)
                              CMakeFiles/carrier_receiver_baseband.dir/C_/Users/User/.pico-sdk/sdk/2.1.1/src/rp2_common/pico_malloc/malloc.c.obj (malloc)
C:/Users/User/.pico-sdk/toolchain/14_2_Rel1/bin/../lib/gcc/arm-none-eabi/14.2.1/thumb/v6-m/nofp\libg.a(libc_a-mallocr.o)
                              C:/Users/User/.pico-sdk/toolchain/14_2_Rel1/bin/../lib/gcc/arm-none-eabi/14.2.1/thumb/v6-m/nofp\libg.a(libc_a-callocr.o) (_malloc_r)
C:/Users/User/.pico-sdk/toolchain/14_2_Rel1/bin/../lib/gcc/arm-none-eabi/14.2.1/thumb/v6-m/nofp\libg.a(libc_a-mlock.o)
                              C:/Users/User/.pico-sdk/toolchain/14_2_Rel1/bin/../lib/gcc/arm-none-eabi/14.2.1/thumb/v6-m/nofp\libg.a(libc_a-mallocr.o) (__malloc_lock)
C:/Users/User/.pico-sdk/toolchain/14_2_Rel1/bin/../lib/gcc/arm-none-eabi/14.2.1/thumb/v6-m/nofp\libg.a(libc_a-realloc.o)
                              CMakeFiles/carrier_receiver_baseband.dir/C_/Users/User/.pico-sdk/sdk/2.1.1/src/rp2_common/pico_malloc/malloc.c.obj (realloc)
C:/Users/User/.pico-sdk/toolchain/14_2_Rel1/bin/../lib/gcc/arm-none-eabi/14.2.1/thumb/v6-m/nofp\libg.a(libc_a-reallocr.o)
                              C:/Users/User/.pico-sdk/toolchain/14_2_Rel1/bin/../lib/gcc/arm-none-eabi/14.2.1/thumb/v6-m/nofp\libg.a(libc_a-realloc.o) (_realloc_r)
C:/Users/User/.pico-sdk/toolchain/14_2_Rel1/bin/../lib/gcc/arm-none-eabi/14.2.1/thumb/v6-m/nofp\libg.a(libc_a-memcmp.o)
                              CMakeFiles/carrier_receiver_baseband.dir/C_/Users/User/.pico-sdk/sdk/2.1.1/src/rp2_common/pico_atomic/atomic.c.obj (memcmp)
C:/Users/User/.pico-sdk/toolchain/14_2_Rel1/bin/../lib/gcc/arm-none-eabi/14.2.1/thumb/v6-m/nofp\libg.a(libc_a-memmove.o)
                              C:/Users/User/.pico-sdk/toolchain/14_2_Rel1/bin/../lib/gcc/arm-none-eabi/14.2.1/thumb/v6-m/nofp\libg.a(libc_a-reallocr.o) (memmove)
C:/Users/User/.pico-sdk/toolchain/14_2_Rel1/bin/../lib/gcc/arm-none-eabi/14.2.1/thumb/v6-m/nofp\libg.a(libc_a-lcltime_r.o)
                              CMakeFiles/carrier_receiver_baseband.dir/C_/Users/User/.pico-sdk/sdk/2.1.1/src/common/pico_util/datetime.c.obj (localtime_r)
C:/Users/User/.pico-sdk/toolchain/14_2_Rel1/bin/../lib/gcc/arm-none-eabi/14.2.1/thumb/v6-m/nofp\libg.a(libc_a-mktime.o)
                              CMakeFiles/carrier_receiver_baseband.dir/C_/Users/User/.pico-sdk/sdk/2.1.1/src/common/pico_util/datetime.c.obj (mktime)
C:/Users/User/.pico-sdk/toolchain/14_2_Rel1/bin/../lib/gcc/arm-none-eabi/14.2.1/thumb/v6-m/nofp\libg.a(libc_a-month_lengths.o)
                              C:/Users/User/.pico-sdk/toolchain/14_2_Rel1/bin/../lib/gcc/arm-none-eabi/14.2.1/thumb/v6-m/nofp\libg.a(libc_a-lcltime_r.o) (__month_lengths)
C:/Users/User/.pico-sdk/toolchain/14_2_Rel1/bin/../lib/gcc/arm-none-eabi/14.2.1/thumb/v6-m/nofp\libg.a(libc_a-tzcalc_limits.o)
                              C:/Users/User/.pico-sdk/toolchain/14_2_Rel1/bin/../lib/gcc/arm-none-eabi/14.2.1/thumb/v6-m/nofp\libg.a(libc_a-lcltime_r.o) (__tzcalc_limits)
C:/Users/User/.pico-sdk/toolchain/14_2_Rel1/bin/../lib/gcc/arm-none-eabi/14.2.1/thumb/v6-m/nofp\libg.a(libc_a-tzlock.o)
                              C:/Users/User/.pico-sdk/toolchain/14_2_Rel1/bin/../lib/gcc/arm-none-eabi/14.2.1/thumb/v6-m/nofp\libg.a(libc_a-lcltime_r.o) (__tz_lock)
C:/Users/User/.pico-sdk/toolchain/14_2_Rel1/bin/../lib/gcc/arm-none-eabi/14.2.1/thumb/v6-m/nofp\libg.a(libc_a-tzset.o)
                              C:/Users/User/.pico-sdk/toolchain/14_2_Rel1/bin/../lib/gcc/arm-none-eabi/14.2.1/thumb/v6-m/nofp\libg.a(libc_a-lcltime_r.o) (_tzset_unlocked)
C:/Users/User/.pico-sdk/toolchain/14_2_Rel1/bin/../lib/gcc/arm-none-eabi/14.2.1/thumb/v6-m/nofp\libg.a(libc_a-tzset_r.o)
                              C:/Users/User/.pico-sdk/toolchain/14_2_Rel1/bin/../lib/gcc/arm-none-eabi/14.2.1/thumb/v6-m/nofp\libg.a(libc_a-tzset.o) (_tzset_unlocked_r)
[...]
Memory Configuration

Name             Origin             Length             Attributes
FLASH            0x10000000         0x00200000         xr
RAM              0x20000000         0x00040000         xrw
SCRATCH_X        0x20040000         0x00001000         xrw
SCRATCH_Y        0x20041000         0x00001000         xrw
*default*        0x00000000         0xffffffff

Linker script and memory map

LOAD C:/Users/User/.pico-sdk/toolchain/14_2_Rel1/bin/../lib/gcc/arm-none-eabi/14.2.1/thumb/v6-m/nofp/crti.o
LOAD C:/Users/User/.pico-sdk/toolchain/14_2_Rel1/bin/../lib/gcc/arm-none-eabi/14.2.1/thumb/v6-m/nofp/crtbegin.o
LOAD C:/Users/User/.pico-sdk/toolchain/14_2_Rel1/bin/../lib/gcc/arm-none-eabi/14.2.1/thumb/v6-m/nofp/crt0.o

.flash_begin    0x10000000        0x0
                0x10000000                        __flash_binary_start = .

.boot2          0x10000000      0x100
                0x10000000                        __boot2_start__ = .
 *(.boot2)
 .boot2         0x10000000      0x100 pico-sdk\src\rp2040\boot_stage2\CMakeFiles\bs2_default_library.dir\bs2_default_padded_checksummed.S.obj
                0x10000100                        __boot2_end__ = .
                0x00000001                        ASSERT (((__boot2_end__ - __boot2_start__) == 0x100), ERROR: Pico second stage bootloader must be 256 bytes in size)

.text           0x10000100     0xa63c
                0x10000100                        __logical_binary_start = .
 *(.vectors)
 .vectors       0x10000100       0xd4 CMakeFiles/carrier_receiver_baseband.dir/C_/Users/User/.pico-sdk/sdk/2.1.1/src/rp2_common/pico_crt0/crt0.S.obj
                0x10000100                __VECTOR_TABLE
                0x10000100                __vectors
                0x100001c0                isr_invalid
                0x100001c0                __default_isrs_start
                0x100001c2                isr_nmi
                0x100001c4                isr_hardfault
                0x100001c6                isr_svcall
                0x100001c8                isr_pendsv
                0x100001ca                isr_systick
                0x100001cc                isr_irq23
                0x100001cc                isr_irq18
                0x100001cc                isr_irq11
                0x100001cc                isr_irq28
                0x100001cc                isr_irq19
                0x100001cc                isr_irq0
                0x100001cc                isr_irq6
                0x100001cc                isr_irq5
                0x100001cc                isr_irq12
                0x100001cc                isr_irq22
                0x100001cc                isr_irq31
                0x100001cc                isr_irq17
                0x100001cc                isr_irq27
                0x100001cc                isr_irq30
                0x100001cc                isr_irq2
                0x100001cc                isr_irq10
                0x100001cc                isr_irq8
                0x100001cc                isr_irq24
                0x100001cc                isr_irq1
                0x100001cc                isr_irq7
                0x100001cc                isr_irq21
                0x100001cc                isr_irq20
                0x100001cc                isr_irq15
                0x100001cc                isr_irq25
                0x100001cc                isr_irq13
                0x100001cc                __unhandled_user_irq
                0x100001cc                isr_irq4
                0x100001cc                isr_irq16
                0x100001cc                isr_irq29
                0x100001cc                isr_irq26
                0x100001cc                __default_isrs_end
                0x100001cc                isr_irq3
                0x100001cc                isr_irq14
                0x100001cc                isr_irq9
                0x100001d2                unhandled_user_irq_num_in_r0
 *(.binary_info_header)
 .binary_info_header
                0x100001d4       0x14 CMakeFiles/carrier_receiver_baseband.dir/C_/Users/User/.pico-sdk/sdk/2.1.1/src/rp2_common/pico_crt0/crt0.S.obj
                0x100001e8                        __binary_info_header_end = .
 *(.embedded_block)
                0x100001e8                        __embedded_block_end = .
 *(.reset)
 .reset         0x100001e8       0x9c CMakeFiles/carrier_receiver_baseband.dir/C_/Users/User/.pico-sdk/sdk/2.1.1/src/rp2_common/pico_crt0/crt0.S.obj
                0x100001e8                _entry_point
 *(.init)
 .init          0x10000284        0x4 C:/Users/User/.pico-sdk/toolchain/14_2_Rel1/bin/../lib/gcc/arm-none-eabi/14.2.1/thumb/v6-m/nofp/crti.o
                0x10000284                _init
 *(EXCLUDE_FILE(*libm.a: *libc.a:*lib_a-mem*.o *libgcc.a:) .text*)
 .text.register_tm_clones
                0x10000288       0x28 C:/Users/User/.pico-sdk/toolchain/14_2_Rel1/bin/../lib/gcc/arm-none-eabi/14.2.1/thumb/v6-m/nofp/crtbegin.o
 .text.frame_dummy
                0x100002b0       0x24 C:/Users/User/.pico-sdk/toolchain/14_2_Rel1/bin/../lib/gcc/arm-none-eabi/14.2.1/thumb/v6-m/nofp/crtbegin.o
 .text.startup.main
                0x100002d4      0x20c CMakeFiles/carrier_receiver_baseband.dir/main.c.obj
                0x100002d4                main
 .text.packet_hdr_template
                0x100004e0       0x1c CMakeFiles/carrier_receiver_baseband.dir/C_/Users/User/tradlosaprojvar/WcnesProject2025/project_pico_libs/packet_generation.c.obj
                0x100004e0                packet_hdr_template
 .text.generate_sample
                0x100004fc      0x100 CMakeFiles/carrier_receiver_baseband.dir/C_/Users/User/tradlosaprojvar/WcnesProject2025/project_pico_libs/packet_generation.c.obj
                0x100004fc                generate_sample
 .text.generate_data
                0x100005fc       0x60 CMakeFiles/carrier_receiver_baseband.dir/C_/Users/User/tradlosaprojvar/WcnesProject2025/project_pico_libs/packet_generation.c.obj
                0x100005fc                generate_data
 .text.add_header
                0x1000065c       0x44 CMakeFiles/carrier_receiver_baseband.dir/C_/Users/User/tradlosaprojvar/WcnesProject2025/project_pico_libs/packet_generation.c.obj
                0x1000065c                add_header
 .text.receiver_isr
                0x100006a0       0x38 CMakeFiles/carrier_receiver_baseband.dir/C_/Users/User/tradlosaprojvar/WcnesProject2025/project_pico_libs/receiver_CC2500.c.obj
                0x100006a0                receiver_isr
 .text.setupReceiver
                0x100006d8       0xf4 CMakeFiles/carrier_receiver_baseband.dir/C_/Users/User/tradlosaprojvar/WcnesProject2025/project_pico_libs/receiver_CC2500.c.obj
                0x100006d8                setupReceiver
 .text.RX_start_listen
                0x100007cc       0xdc CMakeFiles/carrier_receiver_baseband.dir/C_/Users/User/tradlosaprojvar/WcnesProject2025/project_pico_libs/receiver_CC2500.c.obj
                0x100007cc                RX_start_listen
 .text.readPacket
                0x100008a8      0x104 CMakeFiles/carrier_receiver_baseband.dir/C_/Users/User/tradlosaprojvar/WcnesProject2025/project_pico_libs/receiver_CC2500.c.obj
                0x100008a8                readPacket
 .text.printPacket
                0x100009ac       0xec CMakeFiles/carrier_receiver_baseband.dir/C_/Users/User/tradlosaprojvar/WcnesProject2025/project_pico_libs/receiver_CC2500.c.obj
                0x100009ac                printPacket
 .text.get_event
                0x10000a98       0x28 CMakeFiles/carrier_receiver_baseband.dir/C_/Users/User/tradlosaprojvar/WcnesProject2025/project_pico_libs/receiver_CC2500.c.obj
                0x10000a98                get_event
 .text.set_datarate_rx
                0x10000ac0      0x1b0 CMakeFiles/carrier_receiver_baseband.dir/C_/Users/User/tradlosaprojvar/WcnesProject2025/project_pico_libs/receiver_CC2500.c.obj
                0x10000ac0                set_datarate_rx
 .text.set_filter_bandwidth_rx
                0x10000c70      0x1ac CMakeFiles/carrier_receiver_baseband.dir/C_/Users/User/tradlosaprojvar/WcnesProject2025/project_pico_libs/receiver_CC2500.c.obj
                0x10000c70                set_filter_bandwidth_rx
 .text.set_frequency_deviation_rx
                0x10000e1c      0x17c CMakeFiles/carrier_receiver_baseband.dir/C_/Users/User/tradlosaprojvar/WcnesProject2025/project_pico_libs/receiver_CC2500.c.obj
                0x10000e1c                set_frequency_deviation_rx
 .text.set_frecuency_rx
                0x10000f98      0x1b8 CMakeFiles/carrier_receiver_baseband.dir/C_/Users/User/tradlosaprojvar/WcnesProject2025/project_pico_libs/receiver_CC2500.c.obj
                0x10000f98                set_frecuency_rx
 .text.setupCarrier
                0x10001150       0xf4 CMakeFiles/carrier_receiver_baseband.dir/C_/Users/User/tradlosaprojvar/WcnesProject2025/project_pico_libs/carrier_CC2500.c.obj
                0x10001150                setupCarrier
 .text.startCarrier
                0x10001244       0x48 CMakeFiles/carrier_receiver_baseband.dir/C_/Users/User/tradlosaprojvar/WcnesProject2025/project_pico_libs/carrier_CC2500.c.obj
                0x10001244                startCarrier
 .text.stopCarrier
                0x1000128c       0x48 CMakeFiles/carrier_receiver_baseband.dir/C_/Users/User/tradlosaprojvar/WcnesProject2025/project_pico_libs/carrier_CC2500.c.obj
                0x1000128c                stopCarrier
 .text.set_frecuency_tx
                0x100012d4      0x1b4 CMakeFiles/carrier_receiver_baseband.dir/C_/Users/User/tradlosaprojvar/WcnesProject2025/project_pico_libs/carrier_CC2500.c.obj
                0x100012d4                set_frecuency_tx
 .text.generatePIOprogram
                0x10001488      0x538 CMakeFiles/carrier_receiver_baseband.dir/C_/Users/User/tradlosaprojvar/WcnesProject2025/project_pico_libs/backscatter.c.obj
                0x10001488                generatePIOprogram
 .text.backscatter_program_init
                0x100019c0      0x2d8 CMakeFiles/carrier_receiver_baseband.dir/C_/Users/User/tradlosaprojvar/WcnesProject2025/project_pico_libs/backscatter.c.obj
                0x100019c0                backscatter_program_init
 .text.backscatter_send
                0x10001c98       0x30 CMakeFiles/carrier_receiver_baseband.dir/C_/Users/User/tradlosaprojvar/WcnesProject2025/project_pico_libs/backscatter.c.obj
                0x10001c98                backscatter_send
 .text.gpio_default_irq_handler
                0x10001cc8      0x2c8 CMakeFiles/carrier_receiver_baseband.dir/C_/Users/User/.pico-sdk/sdk/2.1.1/src/rp2_common/hardware_gpio/gpio.c.obj
 .text.gpio_set_function
                0x10001f90       0x34 CMakeFiles/carrier_receiver_baseband.dir/C_/Users/User/.pico-sdk/sdk/2.1.1/src/rp2_common/hardware_gpio/gpio.c.obj
                0x10001f90                gpio_set_function
 .text.gpio_set_irq_enabled_with_callback
                0x10001fc4       0xd0 CMakeFiles/carrier_receiver_baseband.dir/C_/Users/User/.pico-sdk/sdk/2.1.1/src/rp2_common/hardware_gpio/gpio.c.obj
                0x10001fc4                gpio_set_irq_enabled_with_callback
 .text.gpio_init
                0x10002094       0x40 CMakeFiles/carrier_receiver_baseband.dir/C_/Users/User/.pico-sdk/sdk/2.1.1/src/rp2_common/hardware_gpio/gpio.c.obj
                0x10002094                gpio_init
 .text.rp2040_chip_version
                0x100020d4        0xc CMakeFiles/carrier_receiver_baseband.dir/C_/Users/User/.pico-sdk/sdk/2.1.1/src/rp2040/pico_platform/platform.c.obj
                0x100020d4                rp2040_chip_version
 .text.panic    0x100020e0       0x30 CMakeFiles/carrier_receiver_baseband.dir/C_/Users/User/.pico-sdk/sdk/2.1.1/src/rp2_common/pico_platform_panic/panic.c.obj
                0x100020e0                panic
 .text.hw_claim_lock
                0x10002110       0x18 CMakeFiles/carrier_receiver_baseband.dir/C_/Users/User/.pico-sdk/sdk/2.1.1/src/common/hardware_claim/claim.c.obj
                0x10002110                hw_claim_lock
 .text.hw_claim_unlock
                0x10002128       0x14 CMakeFiles/carrier_receiver_baseband.dir/C_/Users/User/.pico-sdk/sdk/2.1.1/src/common/hardware_claim/claim.c.obj
                0x10002128                hw_claim_unlock
 .text.hw_claim_or_assert
                0x1000213c       0x44 CMakeFiles/carrier_receiver_baseband.dir/C_/Users/User/.pico-sdk/sdk/2.1.1/src/common/hardware_claim/claim.c.obj
                0x1000213c                hw_claim_or_assert
 .text.hw_claim_unused_from_range
                0x10002180       0x88 CMakeFiles/carrier_receiver_baseband.dir/C_/Users/User/.pico-sdk/sdk/2.1.1/src/common/hardware_claim/claim.c.obj
                0x10002180                hw_claim_unused_from_range
 .text.next_striped_spin_lock_num
                0x10002208       0x18 CMakeFiles/carrier_receiver_baseband.dir/C_/Users/User/.pico-sdk/sdk/2.1.1/src/rp2_common/hardware_sync/sync.c.obj
                0x10002208                next_striped_spin_lock_num
 .text.spin_lock_claim_unused
                0x10002220       0x24 CMakeFiles/carrier_receiver_baseband.dir/C_/Users/User/.pico-sdk/sdk/2.1.1/src/rp2_common/hardware_sync/sync.c.obj
                0x10002220                spin_lock_claim_unused
 .text.spin_locks_reset
                0x10002244       0x1c CMakeFiles/carrier_receiver_baseband.dir/C_/Users/User/.pico-sdk/sdk/2.1.1/src/rp2_common/hardware_sync_spin_lock/sync_spin_lock.c.obj
                0x10002244                spin_locks_reset
 .text.runtime_init_per_core_irq_priorities
                0x10002260       0x24 CMakeFiles/carrier_receiver_baseband.dir/C_/Users/User/.pico-sdk/sdk/2.1.1/src/rp2_common/hardware_irq/irq.c.obj
                0x10002260                runtime_init_per_core_irq_priorities
 .text.irq_set_enabled
                0x10002284       0x24 CMakeFiles/carrier_receiver_baseband.dir/C_/Users/User/.pico-sdk/sdk/2.1.1/src/rp2_common/hardware_irq/irq.c.obj
                0x10002284                irq_set_enabled
 .text.irq_is_enabled
                0x100022a8       0x18 CMakeFiles/carrier_receiver_baseband.dir/C_/Users/User/.pico-sdk/sdk/2.1.1/src/rp2_common/hardware_irq/irq.c.obj
                0x100022a8                irq_is_enabled
 .text.irq_set_pending
                0x100022c0       0x10 CMakeFiles/carrier_receiver_baseband.dir/C_/Users/User/.pico-sdk/sdk/2.1.1/src/rp2_common/hardware_irq/irq.c.obj
                0x100022c0                irq_set_pending
 .text.irq_has_shared_handler
                0x100022d0       0x24 CMakeFiles/carrier_receiver_baseband.dir/C_/Users/User/.pico-sdk/sdk/2.1.1/src/rp2_common/hardware_irq/irq.c.obj
                0x100022d0                irq_has_shared_handler
 .text.irq_set_exclusive_handler
                0x100022f4       0x54 CMakeFiles/carrier_receiver_baseband.dir/C_/Users/User/.pico-sdk/sdk/2.1.1/src/rp2_common/hardware_irq/irq.c.obj
                0x100022f4                irq_set_exclusive_handler
 .text.irq_add_shared_handler
                0x10002348      0x1f4 CMakeFiles/carrier_receiver_baseband.dir/C_/Users/User/.pico-sdk/sdk/2.1.1/src/rp2_common/hardware_irq/irq.c.obj
                0x10002348                irq_add_shared_handler
 .text.irq_remove_handler
                0x1000253c      0x1d4 CMakeFiles/carrier_receiver_baseband.dir/C_/Users/User/.pico-sdk/sdk/2.1.1/src/rp2_common/hardware_irq/irq.c.obj
                0x1000253c                irq_remove_handler
 .text.irq_add_tail_to_free_list
                0x10002710       0xb4 CMakeFiles/carrier_receiver_baseband.dir/C_/Users/User/.pico-sdk/sdk/2.1.1/src/rp2_common/hardware_irq/irq.c.obj
                0x10002710                irq_add_tail_to_free_list
 .text.user_irq_claim_unused
                0x100027c4       0x2c CMakeFiles/carrier_receiver_baseband.dir/C_/Users/User/.pico-sdk/sdk/2.1.1/src/rp2_common/hardware_irq/irq.c.obj
                0x100027c4                user_irq_claim_unused
 .text.lock_init
                0x100027f0       0x10 CMakeFiles/carrier_receiver_baseband.dir/C_/Users/User/.pico-sdk/sdk/2.1.1/src/common/pico_sync/lock_core.c.obj
                0x100027f0                lock_init
 .text.runtime_init_mutex
                0x10002800       0x50 CMakeFiles/carrier_receiver_baseband.dir/C_/Users/User/.pico-sdk/sdk/2.1.1/src/common/pico_sync/mutex.c.obj
                0x10002800                runtime_init_mutex
 .text.mutex_init
                0x10002850       0x1c CMakeFiles/carrier_receiver_baseband.dir/C_/Users/User/.pico-sdk/sdk/2.1.1/src/common/pico_sync/mutex.c.obj
                0x10002850                mutex_init
 .text.critical_section_init
                0x1000286c       0x1c CMakeFiles/carrier_receiver_baseband.dir/C_/Users/User/.pico-sdk/sdk/2.1.1/src/common/pico_sync/critical_section.c.obj
                0x1000286c                critical_section_init
 .text.critical_section_init_with_lock_num
                0x10002888       0x14 CMakeFiles/carrier_receiver_baseband.dir/C_/Users/User/.pico-sdk/sdk/2.1.1/src/common/pico_sync/critical_section.c.obj
                0x10002888                critical_section_init_with_lock_num
 .text.sleep_until_callback
                0x1000289c       0x30 CMakeFiles/carrier_receiver_baseband.dir/C_/Users/User/.pico-sdk/sdk/2.1.1/src/common/pico_time/time.c.obj
 .text.alarm_pool_irq_handler
                0x100028cc      0x300 CMakeFiles/carrier_receiver_baseband.dir/C_/Users/User/.pico-sdk/sdk/2.1.1/src/common/pico_time/time.c.obj
 .text.runtime_init_default_alarm_pool
                0x10002bcc       0xdc CMakeFiles/carrier_receiver_baseband.dir/C_/Users/User/.pico-sdk/sdk/2.1.1/src/common/pico_time/time.c.obj
                0x10002bcc                runtime_init_default_alarm_pool
 .text.alarm_pool_get_default
                0x10002ca8        0x8 CMakeFiles/carrier_receiver_baseband.dir/C_/Users/User/.pico-sdk/sdk/2.1.1/src/common/pico_time/time.c.obj
                0x10002ca8                alarm_pool_get_default
 .text.alarm_pool_add_alarm_at
                0x10002cb0       0xd0 CMakeFiles/carrier_receiver_baseband.dir/C_/Users/User/.pico-sdk/sdk/2.1.1/src/common/pico_time/time.c.obj
                0x10002cb0                alarm_pool_add_alarm_at
 .text.alarm_pool_add_alarm_at_force_in_context
                0x10002d80       0xb0 CMakeFiles/carrier_receiver_baseband.dir/C_/Users/User/.pico-sdk/sdk/2.1.1/src/common/pico_time/time.c.obj
                0x10002d80                alarm_pool_add_alarm_at_force_in_context
 .text.alarm_pool_cancel_alarm
                0x10002e30       0x74 CMakeFiles/carrier_receiver_baseband.dir/C_/Users/User/.pico-sdk/sdk/2.1.1/src/common/pico_time/time.c.obj
                0x10002e30                alarm_pool_cancel_alarm
 .text.alarm_pool_core_num
                0x10002ea4        0x4 CMakeFiles/carrier_receiver_baseband.dir/C_/Users/User/.pico-sdk/sdk/2.1.1/src/common/pico_time/time.c.obj
                0x10002ea4                alarm_pool_core_num
 .text.sleep_us
                0x10002ea8       0xec CMakeFiles/carrier_receiver_baseband.dir/C_/Users/User/.pico-sdk/sdk/2.1.1/src/common/pico_time/time.c.obj
                0x10002ea8                sleep_us
 .text.sleep_ms
                0x10002f94       0xfc CMakeFiles/carrier_receiver_baseband.dir/C_/Users/User/.pico-sdk/sdk/2.1.1/src/common/pico_time/time.c.obj
                0x10002f94                sleep_ms
 .text.best_effort_wfe_or_timeout
                0x10003090      0x10c CMakeFiles/carrier_receiver_baseband.dir/C_/Users/User/.pico-sdk/sdk/2.1.1/src/common/pico_time/time.c.obj
                0x10003090                best_effort_wfe_or_timeout
 .text.timer_hardware_alarm_claim
                0x1000319c       0x14 CMakeFiles/carrier_receiver_baseband.dir/C_/Users/User/.pico-sdk/sdk/2.1.1/src/rp2_common/hardware_timer/timer.c.obj
                0x1000319c                timer_hardware_alarm_claim
 .text.timer_time_us_64
                0x100031b0       0x10 CMakeFiles/carrier_receiver_baseband.dir/C_/Users/User/.pico-sdk/sdk/2.1.1/src/rp2_common/hardware_timer/timer.c.obj
                0x100031b0                timer_time_us_64
 .text.time_us_64
                0x100031c0       0x14 CMakeFiles/carrier_receiver_baseband.dir/C_/Users/User/.pico-sdk/sdk/2.1.1/src/rp2_common/hardware_timer/timer.c.obj
                0x100031c0                time_us_64
 .text.busy_wait_until
                0x100031d4       0x20 CMakeFiles/carrier_receiver_baseband.dir/C_/Users/User/.pico-sdk/sdk/2.1.1/src/rp2_common/hardware_timer/timer.c.obj
                0x100031d4                busy_wait_until
 .text.queue_init_with_spinlock
                0x100031f4       0x24 CMakeFiles/carrier_receiver_baseband.dir/C_/Users/User/.pico-sdk/sdk/2.1.1/src/common/pico_util/queue.c.obj
                0x100031f4                queue_init_with_spinlock
 .text.queue_try_add
                0x10003218       0x70 CMakeFiles/carrier_receiver_baseband.dir/C_/Users/User/.pico-sdk/sdk/2.1.1/src/common/pico_util/queue.c.obj
                0x10003218                queue_try_add
 .text.queue_try_remove
                0x10003288       0x74 CMakeFiles/carrier_receiver_baseband.dir/C_/Users/User/.pico-sdk/sdk/2.1.1/src/common/pico_util/queue.c.obj
                0x10003288                queue_try_remove
 .text.clock_configure_int_divider
                0x100032fc       0xf4 CMakeFiles/carrier_receiver_baseband.dir/C_/Users/User/.pico-sdk/sdk/2.1.1/src/rp2_common/hardware_clocks/clocks.c.obj
                0x100032fc                clock_configure_int_divider
 .text.clock_configure_undivided
                0x100033f0       0xe8 CMakeFiles/carrier_receiver_baseband.dir/C_/Users/User/.pico-sdk/sdk/2.1.1/src/rp2_common/hardware_clocks/clocks.c.obj
                0x100033f0                clock_configure_undivided
 .text.clock_get_hz
                0x100034d8        0xc CMakeFiles/carrier_receiver_baseband.dir/C_/Users/User/.pico-sdk/sdk/2.1.1/src/rp2_common/hardware_clocks/clocks.c.obj
                0x100034d8                clock_get_hz
 .text.pll_init
                0x100034e4       0xa4 CMakeFiles/carrier_receiver_baseband.dir/C_/Users/User/.pico-sdk/sdk/2.1.1/src/rp2_common/hardware_pll/pll.c.obj
                0x100034e4                pll_init
 .text.watchdog_reboot
                0x10003588       0x9c CMakeFiles/carrier_receiver_baseband.dir/C_/Users/User/.pico-sdk/sdk/2.1.1/src/rp2_common/hardware_watchdog/watchdog.c.obj
                0x10003588                watchdog_reboot
 .text.tick_start
                0x10003624       0x10 CMakeFiles/carrier_receiver_baseband.dir/C_/Users/User/.pico-sdk/sdk/2.1.1/src/rp2_common/hardware_ticks/ticks.c.obj
                0x10003624                tick_start
 .text.rom_func_lookup
                0x10003634       0x10 CMakeFiles/carrier_receiver_baseband.dir/C_/Users/User/.pico-sdk/sdk/2.1.1/src/rp2_common/pico_bootrom/bootrom.c.obj
                0x10003634                rom_func_lookup
 .text.rom_data_lookup
                0x10003644       0x10 CMakeFiles/carrier_receiver_baseband.dir/C_/Users/User/.pico-sdk/sdk/2.1.1/src/rp2_common/pico_bootrom/bootrom.c.obj
                0x10003644                rom_data_lookup
 .text.rom_funcs_lookup
                0x10003654       0x44 CMakeFiles/carrier_receiver_baseband.dir/C_/Users/User/.pico-sdk/sdk/2.1.1/src/rp2_common/pico_bootrom/bootrom.c.obj
                0x10003654                rom_funcs_lookup
 .text.rom_reset_usb_boot_extra
                0x10003698       0x24 CMakeFiles/carrier_receiver_baseband.dir/C_/Users/User/.pico-sdk/sdk/2.1.1/src/rp2_common/pico_bootrom/bootrom.c.obj
                0x10003698                rom_reset_usb_boot_extra
 .text.xosc_init
                0x100036bc       0x28 CMakeFiles/carrier_receiver_baseband.dir/C_/Users/User/.pico-sdk/sdk/2.1.1/src/rp2_common/hardware_xosc/xosc.c.obj
                0x100036bc                xosc_init
 .text.first_per_core_initializer
                0x100036e4        0x4 CMakeFiles/carrier_receiver_baseband.dir/C_/Users/User/.pico-sdk/sdk/2.1.1/src/rp2_common/pico_runtime/runtime.c.obj
 .text.hard_assertion_failure
                0x100036e8        0xc CMakeFiles/carrier_receiver_baseband.dir/C_/Users/User/.pico-sdk/sdk/2.1.1/src/rp2_common/pico_runtime/runtime.c.obj
                0x100036e8                hard_assertion_failure
 .text.runtime_run_initializers
                0x100036f4       0x28 CMakeFiles/carrier_receiver_baseband.dir/C_/Users/User/.pico-sdk/sdk/2.1.1/src/rp2_common/pico_runtime/runtime.c.obj
                0x100036f4                runtime_run_initializers
 .text.runtime_init_early_resets
                0x1000371c       0x2c CMakeFiles/carrier_receiver_baseband.dir/C_/Users/User/.pico-sdk/sdk/2.1.1/src/rp2_common/pico_runtime_init/runtime_init.c.obj
                0x1000371c                runtime_init_early_resets
 .text.runtime_init_usb_power_down
                0x10003748       0x1c CMakeFiles/carrier_receiver_baseband.dir/C_/Users/User/.pico-sdk/sdk/2.1.1/src/rp2_common/pico_runtime_init/runtime_init.c.obj
                0x10003748                runtime_init_usb_power_down
 .text.runtime_init_post_clock_resets
                0x10003764       0x20 CMakeFiles/carrier_receiver_baseband.dir/C_/Users/User/.pico-sdk/sdk/2.1.1/src/rp2_common/pico_runtime_init/runtime_init.c.obj
                0x10003764                runtime_init_post_clock_resets
 .text.runtime_init_rp2040_gpio_ie_disable
                0x10003784       0x14 CMakeFiles/carrier_receiver_baseband.dir/C_/Users/User/.pico-sdk/sdk/2.1.1/src/rp2_common/pico_runtime_init/runtime_init.c.obj
                0x10003784                runtime_init_rp2040_gpio_ie_disable
 .text.runtime_init_spin_locks_reset
                0x10003798        0x8 CMakeFiles/carrier_receiver_baseband.dir/C_/Users/User/.pico-sdk/sdk/2.1.1/src/rp2_common/pico_runtime_init/runtime_init.c.obj
                0x10003798                runtime_init_spin_locks_reset
 .text.runtime_init_install_ram_vector_table
                0x100037a0       0x1c CMakeFiles/carrier_receiver_baseband.dir/C_/Users/User/.pico-sdk/sdk/2.1.1/src/rp2_common/pico_runtime_init/runtime_init.c.obj
                0x100037a0                runtime_init_install_ram_vector_table
 .text.runtime_init_clocks
                0x100037bc       0xd8 CMakeFiles/carrier_receiver_baseband.dir/C_/Users/User/.pico-sdk/sdk/2.1.1/src/rp2_common/pico_runtime_init/runtime_init_clocks.c.obj
                0x100037bc                runtime_init_clocks
 .text          0x10003894       0x10 CMakeFiles/carrier_receiver_baseband.dir/C_/Users/User/.pico-sdk/sdk/2.1.1/src/rp2_common/pico_bit_ops/bit_ops_aeabi.S.obj
 .text.__wrap___aeabi_idiv
                0x100038a4       0x50 CMakeFiles/carrier_receiver_baseband.dir/C_/Users/User/.pico-sdk/sdk/2.1.1/src/rp2_common/pico_divider/divider_hardware.S.obj
                0x100038a4                __wrap___aeabi_idivmod
                0x100038a4                divmod_s32s32
                0x100038a4                div_s32s32
                0x100038a4                __wrap___aeabi_idiv
                0x100038ac                divmod_s32s32_unsafe
                0x100038d8                divmod_s32s32_savestate
 .text.__wrap___aeabi_uidiv
                0x100038f4       0x4c CMakeFiles/carrier_receiver_baseband.dir/C_/Users/User/.pico-sdk/sdk/2.1.1/src/rp2_common/pico_divider/divider_hardware.S.obj
                0x100038f4                __wrap___aeabi_uidiv
                0x100038f4                __wrap___aeabi_uidivmod
                0x100038f4                div_u32u32
                0x100038f4                divmod_u32u32
                0x100038fc                divmod_u32u32_unsafe
                0x10003924                divmod_u32u32_savestate
 .text.__wrap___aeabi_ldiv
                0x10003940      0x424 CMakeFiles/carrier_receiver_baseband.dir/C_/Users/User/.pico-sdk/sdk/2.1.1/src/rp2_common/pico_divider/divider_hardware.S.obj
                0x10003940                div_s64s64
                0x10003940                divmod_s64s64
                0x10003940                __wrap___aeabi_ldivmod
                0x10003970                divmod_u64u64
                0x10003970                div_u64u64
                0x10003970                __wrap___aeabi_uldivmod
                0x10003980                divmod_u64u64_savestate
                0x100039a0                divmod_s64s64_unsafe
                0x10003a28                divmod_u64u64_unsafe
 .text.push_r8_r11
                0x10003d64        0xc CMakeFiles/carrier_receiver_baseband.dir/C_/Users/User/.pico-sdk/sdk/2.1.1/src/rp2_common/pico_double/double_aeabi_rp2040.S.obj
                0x10003d64                push_r8_r11
 .text.pop_r8_r11
                0x10003d70        0xc CMakeFiles/carrier_receiver_baseband.dir/C_/Users/User/.pico-sdk/sdk/2.1.1/src/rp2_common/pico_double/double_aeabi_rp2040.S.obj
                0x10003d70                pop_r8_r11
 .text.__wrap___aeabi_darithmetic
                0x10003d7c       0x80 CMakeFiles/carrier_receiver_baseband.dir/C_/Users/User/.pico-sdk/sdk/2.1.1/src/rp2_common/pico_double/double_aeabi_rp2040.S.obj
                0x10003d7c                __wrap___aeabi_drsub
                0x10003d82                __wrap___aeabi_dsub
                0x10003d94                __wrap___aeabi_dadd
                0x10003da6                __wrap___aeabi_ddiv
                0x10003de2                __wrap___aeabi_dmul
 .text.__wrap___aeabi_cdcmple
                0x10003dfc       0x6c CMakeFiles/carrier_receiver_baseband.dir/C_/Users/User/.pico-sdk/sdk/2.1.1/src/rp2_common/pico_double/double_aeabi_rp2040.S.obj
                0x10003dfc                __wrap___aeabi_cdrcmple
                0x10003e0c                __wrap___aeabi_cdcmpeq
                0x10003e0c                __wrap___aeabi_cdcmple
 .text.__wrap___aeabi_dcmplt
                0x10003e68        0xc CMakeFiles/carrier_receiver_baseband.dir/C_/Users/User/.pico-sdk/sdk/2.1.1/src/rp2_common/pico_double/double_aeabi_rp2040.S.obj
                0x10003e68                __wrap___aeabi_dcmplt
 .text.__wrap___aeabi_dcmple
                0x10003e74       0x10 CMakeFiles/carrier_receiver_baseband.dir/C_/Users/User/.pico-sdk/sdk/2.1.1/src/rp2_common/pico_double/double_aeabi_rp2040.S.obj
                0x10003e74                __wrap___aeabi_dcmple
 .text.__wrap___aeabi_dcmpge
                0x10003e84       0x10 CMakeFiles/carrier_receiver_baseband.dir/C_/Users/User/.pico-sdk/sdk/2.1.1/src/rp2_common/pico_double/double_aeabi_rp2040.S.obj
                0x10003e84                __wrap___aeabi_dcmpge
 .text.__wrap___aeabi_dcmpgt
                0x10003e94        0xa CMakeFiles/carrier_receiver_baseband.dir/C_/Users/User/.pico-sdk/sdk/2.1.1/src/rp2_common/pico_double/double_aeabi_rp2040.S.obj
                0x10003e94                __wrap___aeabi_dcmpgt
 .text.__wrap___aeabi_dcmpun
                0x10003e9e       0x18 CMakeFiles/carrier_receiver_baseband.dir/C_/Users/User/.pico-sdk/sdk/2.1.1/src/rp2_common/pico_double/double_aeabi_rp2040.S.obj
                0x10003e9e                __wrap___aeabi_dcmpun
 *fill*         0x10003eb6        0x2 
 .text.__wrap___aeabi_i2d
                0x10003eb8       0x38 CMakeFiles/carrier_receiver_baseband.dir/C_/Users/User/.pico-sdk/sdk/2.1.1/src/rp2_common/pico_double/double_aeabi_rp2040.S.obj
                0x10003eb8                uint2double
                0x10003eb8                __wrap___aeabi_ui2d
                0x10003ec0                int2double
                0x10003ec0                __wrap___aeabi_i2d
 .text.__wrap___aeabi_d2iz
                0x10003ef0       0x48 CMakeFiles/carrier_receiver_baseband.dir/C_/Users/User/.pico-sdk/sdk/2.1.1/src/rp2_common/pico_double/double_aeabi_rp2040.S.obj
                0x10003ef0                double2int_z
                0x10003ef0                __wrap___aeabi_d2iz
 .text.__wrap___aeabi_d2uiz
                0x10003f38       0x18 CMakeFiles/carrier_receiver_baseband.dir/C_/Users/User/.pico-sdk/sdk/2.1.1/src/rp2_common/pico_double/double_aeabi_rp2040.S.obj
                0x10003f38                double2uint
                0x10003f38                __wrap___aeabi_d2uiz
                0x10003f38                double2uint_z
 .text.fix642double
                0x10003f50       0x18 CMakeFiles/carrier_receiver_baseband.dir/C_/Users/User/.pico-sdk/sdk/2.1.1/src/rp2_common/pico_double/double_aeabi_rp2040.S.obj
                0x10003f50                fix642double
 .text.__wrap_srqt
                0x10003f68       0x18 CMakeFiles/carrier_receiver_baseband.dir/C_/Users/User/.pico-sdk/sdk/2.1.1/src/rp2_common/pico_double/double_aeabi_rp2040.S.obj
                0x10003f68                __wrap_sqrt
 .text.__wrap_sincostan_remainder
                0x10003f80       0x14 CMakeFiles/carrier_receiver_baseband.dir/C_/Users/User/.pico-sdk/sdk/2.1.1/src/rp2_common/pico_double/double_aeabi_rp2040.S.obj
                0x10003f80                sincostan_remainder
 .text.__wrap_cos
                0x10003f94       0x2c CMakeFiles/carrier_receiver_baseband.dir/C_/Users/User/.pico-sdk/sdk/2.1.1/src/rp2_common/pico_double/double_aeabi_rp2040.S.obj
                0x10003f94                __wrap_cos
 .text.__wrap_log
                0x10003fc0       0x18 CMakeFiles/carrier_receiver_baseband.dir/C_/Users/User/.pico-sdk/sdk/2.1.1/src/rp2_common/pico_double/double_aeabi_rp2040.S.obj
                0x10003fc0                __wrap_log
 .text.__aeabi_double_init
                0x10003fd8       0xa4 CMakeFiles/carrier_receiver_baseband.dir/C_/Users/User/.pico-sdk/sdk/2.1.1/src/rp2_common/pico_double/double_init_rom_rp2040.c.obj
                0x10003fd8                __aeabi_double_init
 .text.__wrap_round
                0x1000407c       0x9c CMakeFiles/carrier_receiver_baseband.dir/C_/Users/User/.pico-sdk/sdk/2.1.1/src/rp2_common/pico_double/double_math.c.obj
                0x1000407c                __wrap_round
 .text.__wrap_floor
                0x10004118       0xb4 CMakeFiles/carrier_receiver_baseband.dir/C_/Users/User/.pico-sdk/sdk/2.1.1/src/rp2_common/pico_double/double_math.c.obj
                0x10004118                __wrap_floor
 .text.__wrap_remquo
                0x100041cc      0x2a0 CMakeFiles/carrier_receiver_baseband.dir/C_/Users/User/.pico-sdk/sdk/2.1.1/src/rp2_common/pico_double/double_math.c.obj
                0x100041cc                __wrap_remquo
 .text.__wrap_remainder
                0x1000446c       0x10 CMakeFiles/carrier_receiver_baseband.dir/C_/Users/User/.pico-sdk/sdk/2.1.1/src/rp2_common/pico_double/double_math.c.obj
                0x1000446c                __wrap_remainder
 .text.double_table_shim_on_use_helper
                0x1000447c       0x2c CMakeFiles/carrier_receiver_baseband.dir/C_/Users/User/.pico-sdk/sdk/2.1.1/src/rp2_common/pico_double/double_v1_rom_shim_rp2040.S.obj
                0x1000447c                double_table_shim_on_use_helper
 .text.__wrap___aeabi_dsub
                0x100044a8       0x10 CMakeFiles/carrier_receiver_baseband.dir/C_/Users/User/.pico-sdk/sdk/2.1.1/src/rp2_common/pico_double/double_v1_rom_shim_rp2040.S.obj
                0x100044a8                drsub_shim
                0x100044ae                dsub_shim
 .text.dadd_shim
                0x100044b8      0x15c CMakeFiles/carrier_receiver_baseband.dir/C_/Users/User/.pico-sdk/sdk/2.1.1/src/rp2_common/pico_double/double_v1_rom_shim_rp2040.S.obj
                0x100044b8                dadd_shim
 .text.dmul_shim
                0x10004614      0x15c CMakeFiles/carrier_receiver_baseband.dir/C_/Users/User/.pico-sdk/sdk/2.1.1/src/rp2_common/pico_double/double_v1_rom_shim_rp2040.S.obj
                0x10004614                dmul_shim
 .text.ddiv_shim
                0x10004770      0x1b0 CMakeFiles/carrier_receiver_baseband.dir/C_/Users/User/.pico-sdk/sdk/2.1.1/src/rp2_common/pico_double/double_v1_rom_shim_rp2040.S.obj
                0x10004770                ddiv_shim
 .text.dsqrt_shim
                0x10004920      0x1a8 CMakeFiles/carrier_receiver_baseband.dir/C_/Users/User/.pico-sdk/sdk/2.1.1/src/rp2_common/pico_double/double_v1_rom_shim_rp2040.S.obj
                0x1000493c                dsqrt_shim
 .text.dcordic_vec_step
                0x10004ac8        0xe CMakeFiles/carrier_receiver_baseband.dir/C_/Users/User/.pico-sdk/sdk/2.1.1/src/rp2_common/pico_double/double_v1_rom_shim_rp2040.S.obj
                0x10004ac8                dcordic_vec_step
 .text.dcordic_rot_step
                0x10004ad6       0x76 CMakeFiles/carrier_receiver_baseband.dir/C_/Users/User/.pico-sdk/sdk/2.1.1/src/rp2_common/pico_double/double_v1_rom_shim_rp2040.S.obj
                0x10004ad6                dcordic_rot_step
 .text.double2uint_shim
                0x10004b4c        0xe CMakeFiles/carrier_receiver_baseband.dir/C_/Users/User/.pico-sdk/sdk/2.1.1/src/rp2_common/pico_double/double_v1_rom_shim_rp2040.S.obj
                0x10004b4c                double2uint_shim
                0x10004b4e                double2ufix_shim
 .text.double2int64_shim
                0x10004b5a       0x1a CMakeFiles/carrier_receiver_baseband.dir/C_/Users/User/.pico-sdk/sdk/2.1.1/src/rp2_common/pico_double/double_v1_rom_shim_rp2040.S.obj
                0x10004b5a                double2int64_shim
                0x10004b5c                double2fix64_shim
 .text.double2uint64_shim
                0x10004b74       0x70 CMakeFiles/carrier_receiver_baseband.dir/C_/Users/User/.pico-sdk/sdk/2.1.1/src/rp2_common/pico_double/double_v1_rom_shim_rp2040.S.obj
                0x10004b74                double2uint64_shim
                0x10004b76                double2ufix64_shim
                0x10004b96                d2fix_a
 .text.x2double_shims
                0x10004be4       0x90 CMakeFiles/carrier_receiver_baseband.dir/C_/Users/User/.pico-sdk/sdk/2.1.1/src/rp2_common/pico_double/double_v1_rom_shim_rp2040.S.obj
                0x10004be4                uint2double_shim
                0x10004be6                ufix2double_shim
                0x10004bec                int2double_shim
                0x10004bee                fix2double_shim
                0x10004bf4                uint642double_shim
                0x10004bf6                ufix642double_shim
                0x10004bfc                int642double_shim
                0x10004bfe                fix642double_shim
 .text.dunpacks
                0x10004c74       0x3c CMakeFiles/carrier_receiver_baseband.dir/C_/Users/User/.pico-sdk/sdk/2.1.1/src/rp2_common/pico_double/double_v1_rom_shim_rp2040.S.obj
                0x10004c74                dunpacks
 .text.dreduce  0x10004cb0       0x82 CMakeFiles/carrier_receiver_baseband.dir/C_/Users/User/.pico-sdk/sdk/2.1.1/src/rp2_common/pico_double/double_v1_rom_shim_rp2040.S.obj
                0x10004cb0                dreduce
 .text.dcos_shim
                0x10004d32       0x10 CMakeFiles/carrier_receiver_baseband.dir/C_/Users/User/.pico-sdk/sdk/2.1.1/src/rp2_common/pico_double/double_v1_rom_shim_rp2040.S.obj
                0x10004d32                dcos_shim
 .text.dsin_shim
                0x10004d42       0x14 CMakeFiles/carrier_receiver_baseband.dir/C_/Users/User/.pico-sdk/sdk/2.1.1/src/rp2_common/pico_double/double_v1_rom_shim_rp2040.S.obj
                0x10004d42                dsin_shim
 *fill*         0x10004d56        0x2 
 .text.dtrig_guts
                0x10004d58      0x2ec CMakeFiles/carrier_receiver_baseband.dir/C_/Users/User/.pico-sdk/sdk/2.1.1/src/rp2_common/pico_double/double_v1_rom_shim_rp2040.S.obj
                0x10004e30                datan2_shim
 .text.dexp_guts
                0x10005044      0x268 CMakeFiles/carrier_receiver_baseband.dir/C_/Users/User/.pico-sdk/sdk/2.1.1/src/rp2_common/pico_double/double_v1_rom_shim_rp2040.S.obj
                0x10005044                dexp_shim
                0x100050e0                dln_shim
 .text.__aeabi_lmul
                0x100052ac       0x32 CMakeFiles/carrier_receiver_baseband.dir/C_/Users/User/.pico-sdk/sdk/2.1.1/src/rp2_common/pico_int64_ops/pico_int64_ops_aeabi.S.obj
                0x100052ac                __wrap___aeabi_lmul
 *fill*         0x100052de        0x2 
 .text.__aeabi_float_init
                0x100052e0       0x64 CMakeFiles/carrier_receiver_baseband.dir/C_/Users/User/.pico-sdk/sdk/2.1.1/src/rp2_common/pico_float/float_init_rom_rp2040.c.obj
                0x100052e0                __aeabi_float_init
 .text.float_table_shim_on_use_helper
                0x10005344       0x2c CMakeFiles/carrier_receiver_baseband.dir/C_/Users/User/.pico-sdk/sdk/2.1.1/src/rp2_common/pico_float/float_v1_rom_shim_rp2040.S.obj
                0x10005344                float_table_shim_on_use_helper
 .text.__wrap_calloc
                0x10005370       0x28 CMakeFiles/carrier_receiver_baseband.dir/C_/Users/User/.pico-sdk/sdk/2.1.1/src/rp2_common/pico_malloc/malloc.c.obj
                0x10005370                __wrap_calloc
 .text          0x10005398       0x10 CMakeFiles/carrier_receiver_baseband.dir/C_/Users/User/.pico-sdk/sdk/2.1.1/src/rp2_common/pico_mem_ops/mem_ops_aeabi.S.obj
                0x10005398                __aeabi_mem_init
 .text.memset   0x100053a8        0xc CMakeFiles/carrier_receiver_baseband.dir/C_/Users/User/.pico-sdk/sdk/2.1.1/src/rp2_common/pico_mem_ops/mem_ops_aeabi.S.obj
                0x100053a8                __wrap_memset
 .text.memcpy   0x100053b4        0xc CMakeFiles/carrier_receiver_baseband.dir/C_/Users/User/.pico-sdk/sdk/2.1.1/src/rp2_common/pico_mem_ops/mem_ops_aeabi.S.obj
                0x100053b4                __wrap_memcpy
                0x100053b4                __wrap___aeabi_memcpy
 .text._out_null
                0x100053c0        0x4 CMakeFiles/carrier_receiver_baseband.dir/C_/Users/User/.pico-sdk/sdk/2.1.1/src/rp2_common/pico_printf/printf.c.obj
 .text._out_rev
                0x100053c4       0xac CMakeFiles/carrier_receiver_baseband.dir/C_/Users/User/.pico-sdk/sdk/2.1.1/src/rp2_common/pico_printf/printf.c.obj
 .text._ntoa_format
                0x10005470      0x1cc CMakeFiles/carrier_receiver_baseband.dir/C_/Users/User/.pico-sdk/sdk/2.1.1/src/rp2_common/pico_printf/printf.c.obj
 .text._out_char
                0x1000563c       0x10 CMakeFiles/carrier_receiver_baseband.dir/C_/Users/User/.pico-sdk/sdk/2.1.1/src/rp2_common/pico_printf/printf.c.obj
 .text._out_fct
                0x1000564c       0x10 CMakeFiles/carrier_receiver_baseband.dir/C_/Users/User/.pico-sdk/sdk/2.1.1/src/rp2_common/pico_printf/printf.c.obj
 .text._ftoa    0x1000565c      0x4a8 CMakeFiles/carrier_receiver_baseband.dir/C_/Users/User/.pico-sdk/sdk/2.1.1/src/rp2_common/pico_printf/printf.c.obj
 .text._etoa    0x10005b04      0x57c CMakeFiles/carrier_receiver_baseband.dir/C_/Users/User/.pico-sdk/sdk/2.1.1/src/rp2_common/pico_printf/printf.c.obj
 .text._vsnprintf
                0x10006080      0xbe0 CMakeFiles/carrier_receiver_baseband.dir/C_/Users/User/.pico-sdk/sdk/2.1.1/src/rp2_common/pico_printf/printf.c.obj
 .text.vfctprintf
                0x10006c60       0x24 CMakeFiles/carrier_receiver_baseband.dir/C_/Users/User/.pico-sdk/sdk/2.1.1/src/rp2_common/pico_printf/printf.c.obj
                0x10006c60                vfctprintf
 .text.weak_raw_vprintf
                0x10006c84       0x30 CMakeFiles/carrier_receiver_baseband.dir/C_/Users/User/.pico-sdk/sdk/2.1.1/src/rp2_common/pico_printf/printf.c.obj
                0x10006c84                weak_raw_vprintf
 .text._exit    0x10006cb4        0x4 CMakeFiles/carrier_receiver_baseband.dir/C_/Users/User/.pico-sdk/sdk/2.1.1/src/rp2_common/pico_clib_interface/newlib_interface.c.obj
                0x10006cb4                _exit
 .text._sbrk    0x10006cb8       0x34 CMakeFiles/carrier_receiver_baseband.dir/C_/Users/User/.pico-sdk/sdk/2.1.1/src/rp2_common/pico_clib_interface/newlib_interface.c.obj
                0x10006cb8                _sbrk
 .text.exit     0x10006cec        0x8 CMakeFiles/carrier_receiver_baseband.dir/C_/Users/User/.pico-sdk/sdk/2.1.1/src/rp2_common/pico_clib_interface/newlib_interface.c.obj
                0x10006cec                exit
 .text.runtime_init
                0x10006cf4       0x2c CMakeFiles/carrier_receiver_baseband.dir/C_/Users/User/.pico-sdk/sdk/2.1.1/src/rp2_common/pico_clib_interface/newlib_interface.c.obj
                0x10006cf4                runtime_init
 .text.stdio_out_chars_no_crlf
                0x10006d20       0x10 CMakeFiles/carrier_receiver_baseband.dir/C_/Users/User/.pico-sdk/sdk/2.1.1/src/rp2_common/pico_stdio/stdio.c.obj
 .text.stdio_out_chars_crlf
                0x10006d30       0xb0 CMakeFiles/carrier_receiver_baseband.dir/C_/Users/User/.pico-sdk/sdk/2.1.1/src/rp2_common/pico_stdio/stdio.c.obj
 .text.stdio_buffered_printer
                0x10006de0       0x64 CMakeFiles/carrier_receiver_baseband.dir/C_/Users/User/.pico-sdk/sdk/2.1.1/src/rp2_common/pico_stdio/stdio.c.obj
 .text.stdio_put_string
                0x10006e44       0xfc CMakeFiles/carrier_receiver_baseband.dir/C_/Users/User/.pico-sdk/sdk/2.1.1/src/rp2_common/pico_stdio/stdio.c.obj
                0x10006e44                stdio_put_string
 .text.stdio_set_driver_enabled
                0x10006f40       0x30 CMakeFiles/carrier_receiver_baseband.dir/C_/Users/User/.pico-sdk/sdk/2.1.1/src/rp2_common/pico_stdio/stdio.c.obj
                0x10006f40                stdio_set_driver_enabled
 .text.stdio_init_all
                0x10006f70        0x8 CMakeFiles/carrier_receiver_baseband.dir/C_/Users/User/.pico-sdk/sdk/2.1.1/src/rp2_common/pico_stdio/stdio.c.obj
                0x10006f70                stdio_init_all
 .text.__wrap_putchar
                0x10006f78       0x94 CMakeFiles/carrier_receiver_baseband.dir/C_/Users/User/.pico-sdk/sdk/2.1.1/src/rp2_common/pico_stdio/stdio.c.obj
                0x10006f78                __wrap_putchar
                0x10006f78                stdio_putchar
 .text.__wrap_puts
                0x1000700c       0x3c CMakeFiles/carrier_receiver_baseband.dir/C_/Users/User/.pico-sdk/sdk/2.1.1/src/rp2_common/pico_stdio/stdio.c.obj
                0x1000700c                stdio_puts
                0x1000700c                __wrap_puts
 .text.__wrap_vprintf
                0x10007048       0xcc CMakeFiles/carrier_receiver_baseband.dir/C_/Users/User/.pico-sdk/sdk/2.1.1/src/rp2_common/pico_stdio/stdio.c.obj
                0x10007048                stdio_vprintf
                0x10007048                __wrap_vprintf
 .text.__wrap_printf
                0x10007114       0x18 CMakeFiles/carrier_receiver_baseband.dir/C_/Users/User/.pico-sdk/sdk/2.1.1/src/rp2_common/pico_stdio/stdio.c.obj
                0x10007114                __wrap_printf
                0x10007114                stdio_printf
 .text.resetd_init
                0x1000712c        0x4 CMakeFiles/carrier_receiver_baseband.dir/C_/Users/User/.pico-sdk/sdk/2.1.1/src/rp2_common/pico_stdio_usb/reset_interface.c.obj
 .text.resetd_reset
                0x10007130        0xc CMakeFiles/carrier_receiver_baseband.dir/C_/Users/User/.pico-sdk/sdk/2.1.1/src/rp2_common/pico_stdio_usb/reset_interface.c.obj
 .text.resetd_open
                0x1000713c       0x28 CMakeFiles/carrier_receiver_baseband.dir/C_/Users/User/.pico-sdk/sdk/2.1.1/src/rp2_common/pico_stdio_usb/reset_interface.c.obj
 .text.resetd_xfer_cb
                0x10007164        0x4 CMakeFiles/carrier_receiver_baseband.dir/C_/Users/User/.pico-sdk/sdk/2.1.1/src/rp2_common/pico_stdio_usb/reset_interface.c.obj
 .text.resetd_control_xfer_cb
                0x10007168       0x54 CMakeFiles/carrier_receiver_baseband.dir/C_/Users/User/.pico-sdk/sdk/2.1.1/src/rp2_common/pico_stdio_usb/reset_interface.c.obj
 .text.tud_descriptor_bos_cb
                0x100071bc        0x8 CMakeFiles/carrier_receiver_baseband.dir/C_/Users/User/.pico-sdk/sdk/2.1.1/src/rp2_common/pico_stdio_usb/reset_interface.c.obj
                0x100071bc                tud_descriptor_bos_cb
 .text.tud_vendor_control_xfer_cb
                0x100071c4       0x34 CMakeFiles/carrier_receiver_baseband.dir/C_/Users/User/.pico-sdk/sdk/2.1.1/src/rp2_common/pico_stdio_usb/reset_interface.c.obj
                0x100071c4                tud_vendor_control_xfer_cb
 .text.usbd_app_driver_get_cb
                0x100071f8        0xc CMakeFiles/carrier_receiver_baseband.dir/C_/Users/User/.pico-sdk/sdk/2.1.1/src/rp2_common/pico_stdio_usb/reset_interface.c.obj
                0x100071f8                usbd_app_driver_get_cb
 .text.tud_cdc_line_coding_cb
                0x10007204       0x2c CMakeFiles/carrier_receiver_baseband.dir/C_/Users/User/.pico-sdk/sdk/2.1.1/src/rp2_common/pico_stdio_usb/reset_interface.c.obj
                0x10007204                tud_cdc_line_coding_cb
 .text.stdio_usb_set_chars_available_callback
                0x10007230       0x14 CMakeFiles/carrier_receiver_baseband.dir/C_/Users/User/.pico-sdk/sdk/2.1.1/src/rp2_common/pico_stdio_usb/stdio_usb.c.obj
                0x10007230                stdio_usb_set_chars_available_callback
 .text.usb_irq  0x10007244       0x10 CMakeFiles/carrier_receiver_baseband.dir/C_/Users/User/.pico-sdk/sdk/2.1.1/src/rp2_common/pico_stdio_usb/stdio_usb.c.obj
 .text.timer_task
                0x10007254       0x64 CMakeFiles/carrier_receiver_baseband.dir/C_/Users/User/.pico-sdk/sdk/2.1.1/src/rp2_common/pico_stdio_usb/stdio_usb.c.obj
 .text.stdio_usb_in_chars
                0x100072b8       0x8c CMakeFiles/carrier_receiver_baseband.dir/C_/Users/User/.pico-sdk/sdk/2.1.1/src/rp2_common/pico_stdio_usb/stdio_usb.c.obj
                0x100072b8                stdio_usb_in_chars
 .text.stdio_usb_out_flush
                0x10007344       0x4c CMakeFiles/carrier_receiver_baseband.dir/C_/Users/User/.pico-sdk/sdk/2.1.1/src/rp2_common/pico_stdio_usb/stdio_usb.c.obj
 .text.stdio_usb_out_chars
                0x10007390      0x100 CMakeFiles/carrier_receiver_baseband.dir/C_/Users/User/.pico-sdk/sdk/2.1.1/src/rp2_common/pico_stdio_usb/stdio_usb.c.obj
 .text.low_priority_worker_irq
                0x10007490       0xc8 CMakeFiles/carrier_receiver_baseband.dir/C_/Users/User/.pico-sdk/sdk/2.1.1/src/rp2_common/pico_stdio_usb/stdio_usb.c.obj
 .text.stdio_usb_init
                0x10007558       0xe8 CMakeFiles/carrier_receiver_baseband.dir/C_/Users/User/.pico-sdk/sdk/2.1.1/src/rp2_common/pico_stdio_usb/stdio_usb.c.obj
                0x10007558                stdio_usb_init
 .text.tud_descriptor_device_cb
                0x10007640        0x8 CMakeFiles/carrier_receiver_baseband.dir/C_/Users/User/.pico-sdk/sdk/2.1.1/src/rp2_common/pico_stdio_usb/stdio_usb_descriptors.c.obj
                0x10007640                tud_descriptor_device_cb
 .text.tud_descriptor_configuration_cb
                0x10007648        0x8 CMakeFiles/carrier_receiver_baseband.dir/C_/Users/User/.pico-sdk/sdk/2.1.1/src/rp2_common/pico_stdio_usb/stdio_usb_descriptors.c.obj
                0x10007648                tud_descriptor_configuration_cb
 .text.tud_descriptor_string_cb
                0x10007650       0x78 CMakeFiles/carrier_receiver_baseband.dir/C_/Users/User/.pico-sdk/sdk/2.1.1/src/rp2_common/pico_stdio_usb/stdio_usb_descriptors.c.obj
                0x10007650                tud_descriptor_string_cb
 .text.startup._retrieve_unique_id_on_boot
                0x100076c8       0x10 CMakeFiles/carrier_receiver_baseband.dir/C_/Users/User/.pico-sdk/sdk/2.1.1/src/rp2_common/pico_unique_id/unique_id.c.obj
 .text.pico_get_unique_board_id_string
                0x100076d8      0x1a8 CMakeFiles/carrier_receiver_baseband.dir/C_/Users/User/.pico-sdk/sdk/2.1.1/src/rp2_common/pico_unique_id/unique_id.c.obj
                0x100076d8                pico_get_unique_board_id_string
 .text.flash_get_unique_id
                0x10007880       0x3c CMakeFiles/carrier_receiver_baseband.dir/C_/Users/User/.pico-sdk/sdk/2.1.1/src/rp2_common/hardware_flash/flash.c.obj
                0x10007880                flash_get_unique_id
 .text.dcd_init
                0x100078bc       0x90 CMakeFiles/carrier_receiver_baseband.dir/C_/Users/User/.pico-sdk/sdk/2.1.1/lib/tinyusb/src/portable/raspberrypi/rp2040/dcd_rp2040.c.obj
                0x100078bc                dcd_init
 .text.dcd_int_enable
                0x1000794c        0xc CMakeFiles/carrier_receiver_baseband.dir/C_/Users/User/.pico-sdk/sdk/2.1.1/lib/tinyusb/src/portable/raspberrypi/rp2040/dcd_rp2040.c.obj
                0x1000794c                dcd_int_enable
 .text.dcd_set_address
                0x10007958       0x14 CMakeFiles/carrier_receiver_baseband.dir/C_/Users/User/.pico-sdk/sdk/2.1.1/lib/tinyusb/src/portable/raspberrypi/rp2040/dcd_rp2040.c.obj
                0x10007958                dcd_set_address
 .text.dcd_sof_enable
                0x1000796c       0x1c CMakeFiles/carrier_receiver_baseband.dir/C_/Users/User/.pico-sdk/sdk/2.1.1/lib/tinyusb/src/portable/raspberrypi/rp2040/dcd_rp2040.c.obj
                0x1000796c                dcd_sof_enable
 .text.dcd_edpt0_status_complete
                0x10007988       0x1c CMakeFiles/carrier_receiver_baseband.dir/C_/Users/User/.pico-sdk/sdk/2.1.1/lib/tinyusb/src/portable/raspberrypi/rp2040/dcd_rp2040.c.obj
                0x10007988                dcd_edpt0_status_complete
 .text.dcd_edpt_open
                0x100079a4      0x114 CMakeFiles/carrier_receiver_baseband.dir/C_/Users/User/.pico-sdk/sdk/2.1.1/lib/tinyusb/src/portable/raspberrypi/rp2040/dcd_rp2040.c.obj
                0x100079a4                dcd_edpt_open
 .text.dcd_edpt_close_all
                0x10007ab8        0x8 CMakeFiles/carrier_receiver_baseband.dir/C_/Users/User/.pico-sdk/sdk/2.1.1/lib/tinyusb/src/portable/raspberrypi/rp2040/dcd_rp2040.c.obj
                0x10007ab8                dcd_edpt_close_all
 .text.dcd_edpt_xfer
                0x10007ac0       0x24 CMakeFiles/carrier_receiver_baseband.dir/C_/Users/User/.pico-sdk/sdk/2.1.1/lib/tinyusb/src/portable/raspberrypi/rp2040/dcd_rp2040.c.obj
                0x10007ac0                dcd_edpt_xfer
 .text.dcd_edpt_stall
                0x10007ae4       0x3c CMakeFiles/carrier_receiver_baseband.dir/C_/Users/User/.pico-sdk/sdk/2.1.1/lib/tinyusb/src/portable/raspberrypi/rp2040/dcd_rp2040.c.obj
                0x10007ae4                dcd_edpt_stall
 .text.dcd_edpt_clear_stall
                0x10007b20       0x30 CMakeFiles/carrier_receiver_baseband.dir/C_/Users/User/.pico-sdk/sdk/2.1.1/lib/tinyusb/src/portable/raspberrypi/rp2040/dcd_rp2040.c.obj
                0x10007b20                dcd_edpt_clear_stall
 .text.rp2040_usb_init
                0x10007b50       0x40 CMakeFiles/carrier_receiver_baseband.dir/C_/Users/User/.pico-sdk/sdk/2.1.1/lib/tinyusb/src/portable/raspberrypi/rp2040/rp2040_usb.c.obj
                0x10007b50                rp2040_usb_init
 .text.hw_endpoint_xfer_start
                0x10007b90       0x40 CMakeFiles/carrier_receiver_baseband.dir/C_/Users/User/.pico-sdk/sdk/2.1.1/lib/tinyusb/src/portable/raspberrypi/rp2040/rp2040_usb.c.obj
                0x10007b90                hw_endpoint_xfer_start
 .text.tud_event_hook_cb
                0x10007bd0        0x4 CMakeFiles/carrier_receiver_baseband.dir/C_/Users/User/.pico-sdk/sdk/2.1.1/lib/tinyusb/src/device/usbd.c.obj
                0x10007bd0                tud_event_hook_cb
 .text.tud_sof_cb
                0x10007bd4        0x4 CMakeFiles/carrier_receiver_baseband.dir/C_/Users/User/.pico-sdk/sdk/2.1.1/lib/tinyusb/src/device/usbd.c.obj
                0x10007bd4                tud_sof_cb
 .text.tud_descriptor_device_qualifier_cb
                0x10007bd8        0x4 CMakeFiles/carrier_receiver_baseband.dir/C_/Users/User/.pico-sdk/sdk/2.1.1/lib/tinyusb/src/device/usbd.c.obj
                0x10007bd8                tud_descriptor_device_qualifier_cb
 .text.tud_descriptor_other_speed_configuration_cb
                0x10007bdc        0x4 CMakeFiles/carrier_receiver_baseband.dir/C_/Users/User/.pico-sdk/sdk/2.1.1/lib/tinyusb/src/device/usbd.c.obj
                0x10007bdc                tud_descriptor_other_speed_configuration_cb
 .text.tud_mount_cb
                0x10007be0        0x4 CMakeFiles/carrier_receiver_baseband.dir/C_/Users/User/.pico-sdk/sdk/2.1.1/lib/tinyusb/src/device/usbd.c.obj
                0x10007be0                tud_mount_cb
 .text.tud_umount_cb
                0x10007be4        0x4 CMakeFiles/carrier_receiver_baseband.dir/C_/Users/User/.pico-sdk/sdk/2.1.1/lib/tinyusb/src/device/usbd.c.obj
                0x10007be4                tud_umount_cb
 .text.tud_suspend_cb
                0x10007be8        0x4 CMakeFiles/carrier_receiver_baseband.dir/C_/Users/User/.pico-sdk/sdk/2.1.1/lib/tinyusb/src/device/usbd.c.obj
                0x10007be8                tud_suspend_cb
 .text.tud_resume_cb
                0x10007bec        0x4 CMakeFiles/carrier_receiver_baseband.dir/C_/Users/User/.pico-sdk/sdk/2.1.1/lib/tinyusb/src/device/usbd.c.obj
                0x10007bec                tud_resume_cb
 .text.tud_mounted
                0x10007bf0       0x10 CMakeFiles/carrier_receiver_baseband.dir/C_/Users/User/.pico-sdk/sdk/2.1.1/lib/tinyusb/src/device/usbd.c.obj
                0x10007bf0                tud_mounted
 .text.tud_suspended
                0x10007c00       0x10 CMakeFiles/carrier_receiver_baseband.dir/C_/Users/User/.pico-sdk/sdk/2.1.1/lib/tinyusb/src/device/usbd.c.obj
                0x10007c00                tud_suspended
 .text.tud_rhport_init
                0x10007c10       0xf4 CMakeFiles/carrier_receiver_baseband.dir/C_/Users/User/.pico-sdk/sdk/2.1.1/lib/tinyusb/src/device/usbd.c.obj
                0x10007c10                tud_rhport_init
 .text.tud_task_ext
                0x10007d04      0x800 CMakeFiles/carrier_receiver_baseband.dir/C_/Users/User/.pico-sdk/sdk/2.1.1/lib/tinyusb/src/device/usbd.c.obj
                0x10007d04                tud_task_ext
 .text.usbd_open_edpt_pair
                0x10008504       0x9c CMakeFiles/carrier_receiver_baseband.dir/C_/Users/User/.pico-sdk/sdk/2.1.1/lib/tinyusb/src/device/usbd.c.obj
                0x10008504                usbd_open_edpt_pair
 .text.usbd_edpt_open
                0x100085a0       0x34 CMakeFiles/carrier_receiver_baseband.dir/C_/Users/User/.pico-sdk/sdk/2.1.1/lib/tinyusb/src/device/usbd.c.obj
                0x100085a0                usbd_edpt_open
 .text.usbd_edpt_claim
                0x100085d4       0x28 CMakeFiles/carrier_receiver_baseband.dir/C_/Users/User/.pico-sdk/sdk/2.1.1/lib/tinyusb/src/device/usbd.c.obj
                0x100085d4                usbd_edpt_claim
 .text.usbd_edpt_release
                0x100085fc       0x28 CMakeFiles/carrier_receiver_baseband.dir/C_/Users/User/.pico-sdk/sdk/2.1.1/lib/tinyusb/src/device/usbd.c.obj
                0x100085fc                usbd_edpt_release
 .text.usbd_edpt_xfer
                0x10008624       0x4c CMakeFiles/carrier_receiver_baseband.dir/C_/Users/User/.pico-sdk/sdk/2.1.1/lib/tinyusb/src/device/usbd.c.obj
                0x10008624                usbd_edpt_xfer
 .text.tud_control_status
                0x10008670       0x2c CMakeFiles/carrier_receiver_baseband.dir/C_/Users/User/.pico-sdk/sdk/2.1.1/lib/tinyusb/src/device/usbd_control.c.obj
                0x10008670                tud_control_status
 .text.tud_control_xfer
                0x1000869c       0xa8 CMakeFiles/carrier_receiver_baseband.dir/C_/Users/User/.pico-sdk/sdk/2.1.1/lib/tinyusb/src/device/usbd_control.c.obj
                0x1000869c                tud_control_xfer
 .text.usbd_control_reset
                0x10008744       0x14 CMakeFiles/carrier_receiver_baseband.dir/C_/Users/User/.pico-sdk/sdk/2.1.1/lib/tinyusb/src/device/usbd_control.c.obj
                0x10008744                usbd_control_reset
 .text.usbd_control_set_complete_callback
                0x10008758        0xc CMakeFiles/carrier_receiver_baseband.dir/C_/Users/User/.pico-sdk/sdk/2.1.1/lib/tinyusb/src/device/usbd_control.c.obj
                0x10008758                usbd_control_set_complete_callback
 .text.usbd_control_set_request
                0x10008764       0x1c CMakeFiles/carrier_receiver_baseband.dir/C_/Users/User/.pico-sdk/sdk/2.1.1/lib/tinyusb/src/device/usbd_control.c.obj
                0x10008764                usbd_control_set_request
 .text.usbd_control_xfer_cb
                0x10008780       0xec CMakeFiles/carrier_receiver_baseband.dir/C_/Users/User/.pico-sdk/sdk/2.1.1/lib/tinyusb/src/device/usbd_control.c.obj
                0x10008780                usbd_control_xfer_cb
 .text._prep_out_transaction.isra.0
                0x1000886c       0x6c CMakeFiles/carrier_receiver_baseband.dir/C_/Users/User/.pico-sdk/sdk/2.1.1/lib/tinyusb/src/class/cdc/cdc_device.c.obj
 .text.tud_cdc_n_connected
                0x100088d8       0x2c CMakeFiles/carrier_receiver_baseband.dir/C_/Users/User/.pico-sdk/sdk/2.1.1/lib/tinyusb/src/class/cdc/cdc_device.c.obj
                0x100088d8                tud_cdc_n_connected
 .text.tud_cdc_n_available
                0x10008904       0x14 CMakeFiles/carrier_receiver_baseband.dir/C_/Users/User/.pico-sdk/sdk/2.1.1/lib/tinyusb/src/class/cdc/cdc_device.c.obj
                0x10008904                tud_cdc_n_available
 .text.tud_cdc_n_read
                0x10008918       0x88 CMakeFiles/carrier_receiver_baseband.dir/C_/Users/User/.pico-sdk/sdk/2.1.1/lib/tinyusb/src/class/cdc/cdc_device.c.obj
                0x10008918                tud_cdc_n_read
 .text.tud_cdc_n_write_flush
                0x100089a0       0x74 CMakeFiles/carrier_receiver_baseband.dir/C_/Users/User/.pico-sdk/sdk/2.1.1/lib/tinyusb/src/class/cdc/cdc_device.c.obj
                0x100089a0                tud_cdc_n_write_flush
 .text.tud_cdc_n_write
                0x10008a14       0x40 CMakeFiles/carrier_receiver_baseband.dir/C_/Users/User/.pico-sdk/sdk/2.1.1/lib/tinyusb/src/class/cdc/cdc_device.c.obj
                0x10008a14                tud_cdc_n_write
 .text.tud_cdc_n_write_available
                0x10008a54       0x14 CMakeFiles/carrier_receiver_baseband.dir/C_/Users/User/.pico-sdk/sdk/2.1.1/lib/tinyusb/src/class/cdc/cdc_device.c.obj
                0x10008a54                tud_cdc_n_write_available
 .text.cdcd_init
                0x10008a68       0x70 CMakeFiles/carrier_receiver_baseband.dir/C_/Users/User/.pico-sdk/sdk/2.1.1/lib/tinyusb/src/class/cdc/cdc_device.c.obj
                0x10008a68                cdcd_init
 .text.cdcd_deinit
                0x10008ad8       0x30 CMakeFiles/carrier_receiver_baseband.dir/C_/Users/User/.pico-sdk/sdk/2.1.1/lib/tinyusb/src/class/cdc/cdc_device.c.obj
                0x10008ad8                cdcd_deinit
 .text.cdcd_reset
                0x10008b08       0x4c CMakeFiles/carrier_receiver_baseband.dir/C_/Users/User/.pico-sdk/sdk/2.1.1/lib/tinyusb/src/class/cdc/cdc_device.c.obj
                0x10008b08                cdcd_reset
 .text.cdcd_open
                0x10008b54       0xa4 CMakeFiles/carrier_receiver_baseband.dir/C_/Users/User/.pico-sdk/sdk/2.1.1/lib/tinyusb/src/class/cdc/cdc_device.c.obj
                0x10008b54                cdcd_open
 .text.cdcd_control_xfer_cb
                0x10008bf8       0xe8 CMakeFiles/carrier_receiver_baseband.dir/C_/Users/User/.pico-sdk/sdk/2.1.1/lib/tinyusb/src/class/cdc/cdc_device.c.obj
                0x10008bf8                cdcd_control_xfer_cb
 .text.cdcd_xfer_cb
                0x10008ce0      0x100 CMakeFiles/carrier_receiver_baseband.dir/C_/Users/User/.pico-sdk/sdk/2.1.1/lib/tinyusb/src/class/cdc/cdc_device.c.obj
                0x10008ce0                cdcd_xfer_cb
 .text.vendord_init
                0x10008de0       0x5c CMakeFiles/carrier_receiver_baseband.dir/C_/Users/User/.pico-sdk/sdk/2.1.1/lib/tinyusb/src/class/vendor/vendor_device.c.obj
                0x10008de0                vendord_init
 .text.vendord_deinit
                0x10008e3c       0x1c CMakeFiles/carrier_receiver_baseband.dir/C_/Users/User/.pico-sdk/sdk/2.1.1/lib/tinyusb/src/class/vendor/vendor_device.c.obj
                0x10008e3c                vendord_deinit
 .text.vendord_reset
                0x10008e58       0x28 CMakeFiles/carrier_receiver_baseband.dir/C_/Users/User/.pico-sdk/sdk/2.1.1/lib/tinyusb/src/class/vendor/vendor_device.c.obj
                0x10008e58                vendord_reset
 .text.vendord_open
                0x10008e80      0x120 CMakeFiles/carrier_receiver_baseband.dir/C_/Users/User/.pico-sdk/sdk/2.1.1/lib/tinyusb/src/class/vendor/vendor_device.c.obj
                0x10008e80                vendord_open
 .text.vendord_xfer_cb
                0x10008fa0       0x9c CMakeFiles/carrier_receiver_baseband.dir/C_/Users/User/.pico-sdk/sdk/2.1.1/lib/tinyusb/src/class/vendor/vendor_device.c.obj
                0x10008fa0                vendord_xfer_cb
 .text.tusb_rhport_init
                0x1000903c       0x4c CMakeFiles/carrier_receiver_baseband.dir/C_/Users/User/.pico-sdk/sdk/2.1.1/lib/tinyusb/src/tusb.c.obj
                0x1000903c                tusb_rhport_init
 .text.tu_edpt_claim
                0x10009088       0x50 CMakeFiles/carrier_receiver_baseband.dir/C_/Users/User/.pico-sdk/sdk/2.1.1/lib/tinyusb/src/tusb.c.obj
                0x10009088                tu_edpt_claim
 .text.tu_edpt_release
                0x100090d8       0x38 CMakeFiles/carrier_receiver_baseband.dir/C_/Users/User/.pico-sdk/sdk/2.1.1/lib/tinyusb/src/tusb.c.obj
                0x100090d8                tu_edpt_release
 .text.tu_edpt_validate
                0x10009110       0x7c CMakeFiles/carrier_receiver_baseband.dir/C_/Users/User/.pico-sdk/sdk/2.1.1/lib/tinyusb/src/tusb.c.obj
                0x10009110                tu_edpt_validate
 .text.tu_edpt_bind_driver
                0x1000918c       0x34 CMakeFiles/carrier_receiver_baseband.dir/C_/Users/User/.pico-sdk/sdk/2.1.1/lib/tinyusb/src/tusb.c.obj
                0x1000918c                tu_edpt_bind_driver
 .text.tu_edpt_stream_init
                0x100091c0       0x6c CMakeFiles/carrier_receiver_baseband.dir/C_/Users/User/.pico-sdk/sdk/2.1.1/lib/tinyusb/src/tusb.c.obj
                0x100091c0                tu_edpt_stream_init
 .text.tu_edpt_stream_deinit
                0x1000922c        0x4 CMakeFiles/carrier_receiver_baseband.dir/C_/Users/User/.pico-sdk/sdk/2.1.1/lib/tinyusb/src/tusb.c.obj
                0x1000922c                tu_edpt_stream_deinit
 .text.tu_edpt_stream_write_zlp_if_needed
                0x10009230       0x68 CMakeFiles/carrier_receiver_baseband.dir/C_/Users/User/.pico-sdk/sdk/2.1.1/lib/tinyusb/src/tusb.c.obj
                0x10009230                tu_edpt_stream_write_zlp_if_needed
 .text.tu_edpt_stream_write_xfer
                0x10009298       0x68 CMakeFiles/carrier_receiver_baseband.dir/C_/Users/User/.pico-sdk/sdk/2.1.1/lib/tinyusb/src/tusb.c.obj
                0x10009298                tu_edpt_stream_write_xfer
 .text.tu_edpt_stream_read_xfer
                0x10009300       0xd8 CMakeFiles/carrier_receiver_baseband.dir/C_/Users/User/.pico-sdk/sdk/2.1.1/lib/tinyusb/src/tusb.c.obj
                0x10009300                tu_edpt_stream_read_xfer
 .text.tu_fifo_config
                0x100093d8       0x6c CMakeFiles/carrier_receiver_baseband.dir/C_/Users/User/.pico-sdk/sdk/2.1.1/lib/tinyusb/src/common/tusb_fifo.c.obj
                0x100093d8                tu_fifo_config
 .text.tu_fifo_count
                0x10009444       0x2c CMakeFiles/carrier_receiver_baseband.dir/C_/Users/User/.pico-sdk/sdk/2.1.1/lib/tinyusb/src/common/tusb_fifo.c.obj
                0x10009444                tu_fifo_count
 .text.tu_fifo_empty
                0x10009470       0x10 CMakeFiles/carrier_receiver_baseband.dir/C_/Users/User/.pico-sdk/sdk/2.1.1/lib/tinyusb/src/common/tusb_fifo.c.obj
                0x10009470                tu_fifo_empty
 .text.tu_fifo_remaining
                0x10009480       0x2c CMakeFiles/carrier_receiver_baseband.dir/C_/Users/User/.pico-sdk/sdk/2.1.1/lib/tinyusb/src/common/tusb_fifo.c.obj
                0x10009480                tu_fifo_remaining
 .text.tu_fifo_read
                0x100094ac       0x9c CMakeFiles/carrier_receiver_baseband.dir/C_/Users/User/.pico-sdk/sdk/2.1.1/lib/tinyusb/src/common/tusb_fifo.c.obj
                0x100094ac                tu_fifo_read
 .text.tu_fifo_read_n
                0x10009548       0xe8 CMakeFiles/carrier_receiver_baseband.dir/C_/Users/User/.pico-sdk/sdk/2.1.1/lib/tinyusb/src/common/tusb_fifo.c.obj
                0x10009548                tu_fifo_read_n
 .text.tu_fifo_write
                0x10009630       0xa4 CMakeFiles/carrier_receiver_baseband.dir/C_/Users/User/.pico-sdk/sdk/2.1.1/lib/tinyusb/src/common/tusb_fifo.c.obj
                0x10009630                tu_fifo_write
 .text.tu_fifo_write_n
                0x100096d4      0x178 CMakeFiles/carrier_receiver_baseband.dir/C_/Users/User/.pico-sdk/sdk/2.1.1/lib/tinyusb/src/common/tusb_fifo.c.obj
                0x100096d4                tu_fifo_write_n
 .text.tu_fifo_clear
                0x1000984c       0x40 CMakeFiles/carrier_receiver_baseband.dir/C_/Users/User/.pico-sdk/sdk/2.1.1/lib/tinyusb/src/common/tusb_fifo.c.obj
                0x1000984c                tu_fifo_clear
 .text.tu_fifo_set_overwritable
                0x1000988c       0x48 CMakeFiles/carrier_receiver_baseband.dir/C_/Users/User/.pico-sdk/sdk/2.1.1/lib/tinyusb/src/common/tusb_fifo.c.obj
                0x1000988c                tu_fifo_set_overwritable
 .text.pio_add_program_at_offset
                0x100098d4       0xb0 CMakeFiles/carrier_receiver_baseband.dir/C_/Users/User/.pico-sdk/sdk/2.1.1/src/rp2_common/hardware_pio/pio.c.obj
                0x100098d4                pio_add_program_at_offset
 .text.pio_sm_set_consecutive_pindirs
                0x10009984       0xb4 CMakeFiles/carrier_receiver_baseband.dir/C_/Users/User/.pico-sdk/sdk/2.1.1/src/rp2_common/hardware_pio/pio.c.obj
                0x10009984                pio_sm_set_consecutive_pindirs
 .text.pio_sm_init
                0x10009a38       0x9c CMakeFiles/carrier_receiver_baseband.dir/C_/Users/User/.pico-sdk/sdk/2.1.1/src/rp2_common/hardware_pio/pio.c.obj
                0x10009a38                pio_sm_init
 .text.spi_init
                0x10009ad4      0x13c CMakeFiles/carrier_receiver_baseband.dir/C_/Users/User/.pico-sdk/sdk/2.1.1/src/rp2_common/hardware_spi/spi.c.obj
                0x10009ad4                spi_init
 .text.calloc   0x10009c10       0x18 C:/Users/User/.pico-sdk/toolchain/14_2_Rel1/bin/../lib/gcc/arm-none-eabi/14.2.1/thumb/v6-m/nofp\libg.a(libc_a-calloc.o)
                0x10009c10                calloc
 .text._calloc_r
                0x10009c28       0xa8 C:/Users/User/.pico-sdk/toolchain/14_2_Rel1/bin/../lib/gcc/arm-none-eabi/14.2.1/thumb/v6-m/nofp\libg.a(libc_a-callocr.o)
                0x10009c28                _calloc_r
 .text._malloc_r
                0x10009cd0      0x5cc C:/Users/User/.pico-sdk/toolchain/14_2_Rel1/bin/../lib/gcc/arm-none-eabi/14.2.1/thumb/v6-m/nofp\libg.a(libc_a-mallocr.o)
                0x10009cd0                _malloc_r
 .text.__malloc_lock
                0x1000a29c       0x10 C:/Users/User/.pico-sdk/toolchain/14_2_Rel1/bin/../lib/gcc/arm-none-eabi/14.2.1/thumb/v6-m/nofp\libg.a(libc_a-mlock.o)
                0x1000a29c                __malloc_lock
 .text.__malloc_unlock
                0x1000a2ac       0x10 C:/Users/User/.pico-sdk/toolchain/14_2_Rel1/bin/../lib/gcc/arm-none-eabi/14.2.1/thumb/v6-m/nofp\libg.a(libc_a-mlock.o)
                0x1000a2ac                __malloc_unlock
 .text._sbrk_r  0x1000a2bc       0x24 C:/Users/User/.pico-sdk/toolchain/14_2_Rel1/bin/../lib/gcc/arm-none-eabi/14.2.1/thumb/v6-m/nofp\libg.a(libc_a-sbrkr.o)
                0x1000a2bc                _sbrk_r
 .text.__errno  0x1000a2e0        0xc C:/Users/User/.pico-sdk/toolchain/14_2_Rel1/bin/../lib/gcc/arm-none-eabi/14.2.1/thumb/v6-m/nofp\libg.a(libc_a-errno.o)
                0x1000a2e0                __errno
 .text.__retarget_lock_acquire_recursive
                0x1000a2ec        0x4 C:/Users/User/.pico-sdk/toolchain/14_2_Rel1/bin/../lib/gcc/arm-none-eabi/14.2.1/thumb/v6-m/nofp\libg.a(libc_a-lock.o)
                0x1000a2ec                __retarget_lock_acquire_recursive
 .text.__retarget_lock_release_recursive
                0x1000a2f0        0x4 C:/Users/User/.pico-sdk/toolchain/14_2_Rel1/bin/../lib/gcc/arm-none-eabi/14.2.1/thumb/v6-m/nofp\libg.a(libc_a-lock.o)
                0x1000a2f0                __retarget_lock_release_recursive
 .text.sysconf  0x1000a2f4       0x1c C:/Users/User/.pico-sdk/toolchain/14_2_Rel1/bin/../lib/gcc/arm-none-eabi/14.2.1/thumb/v6-m/nofp\libg.a(libc_a-sysconf.o)
                0x1000a2f4                sysconf
 .text.strlen   0x1000a310       0x5c C:/Users/User/.pico-sdk/toolchain/14_2_Rel1/bin/../lib/gcc/arm-none-eabi/14.2.1/thumb/v6-m/nofp\libg.a(libc_a-strlen-stub.o)
                0x1000a310                strlen
 .text._malloc_trim_r
                0x1000a36c       0xb4 C:/Users/User/.pico-sdk/toolchain/14_2_Rel1/bin/../lib/gcc/arm-none-eabi/14.2.1/thumb/v6-m/nofp\libg.a(libc_a-freer.o)
                0x1000a36c                _malloc_trim_r
 .text._free_r  0x1000a420      0x1f0 C:/Users/User/.pico-sdk/toolchain/14_2_Rel1/bin/../lib/gcc/arm-none-eabi/14.2.1/thumb/v6-m/nofp\libg.a(libc_a-freer.o)
                0x1000a420                _free_r
 *(.fini)
 .fini          0x1000a610        0x4 C:/Users/User/.pico-sdk/toolchain/14_2_Rel1/bin/../lib/gcc/arm-none-eabi/14.2.1/thumb/v6-m/nofp/crti.o
                0x1000a610                _fini
 *fill*         0x1000a614        0x4 
 .fini.__stub   0x1000a618       0xe0 linker stubs
 *crtbegin.o(.ctors)
 *crtbegin?.o(.ctors)
 *(EXCLUDE_FILE(*crtend.o *crtend?.o) .ctors)
 *(SORT_BY_NAME(.ctors.*))
 *(.ctors)
 *crtbegin.o(.dtors)
 *crtbegin?.o(.dtors)
 *(EXCLUDE_FILE(*crtend.o *crtend?.o) .dtors)
 *(SORT_BY_NAME(.dtors.*))
 *(.dtors)
                0x1000a6f8                        . = ALIGN (0x4)
                0x1000a6f8                        PROVIDE (__preinit_array_start = .)
 *(SORT_BY_NAME(.preinit_array.*))
 .preinit_array.00100
                0x1000a6f8        0x4 CMakeFiles/carrier_receiver_baseband.dir/C_/Users/User/.pico-sdk/sdk/2.1.1/src/rp2_common/pico_runtime_init/runtime_init.c.obj
                0x1000a6f8                __pre_init_runtime_init_early_resets
 .preinit_array.00101
                0x1000a6fc        0x4 CMakeFiles/carrier_receiver_baseband.dir/C_/Users/User/.pico-sdk/sdk/2.1.1/src/rp2_common/pico_runtime_init/runtime_init.c.obj
                0x1000a6fc                __pre_init_runtime_init_usb_power_down
 .preinit_array.00275
                0x1000a700        0x4 CMakeFiles/carrier_receiver_baseband.dir/C_/Users/User/.pico-sdk/sdk/2.1.1/src/rp2_common/pico_bit_ops/bit_ops_aeabi.S.obj
 .preinit_array.00300
                0x1000a704        0x4 CMakeFiles/carrier_receiver_baseband.dir/C_/Users/User/.pico-sdk/sdk/2.1.1/src/rp2_common/pico_mem_ops/mem_ops_aeabi.S.obj
 .preinit_array.00350
                0x1000a708        0x4 CMakeFiles/carrier_receiver_baseband.dir/C_/Users/User/.pico-sdk/sdk/2.1.1/src/rp2_common/pico_double/double_aeabi_rp2040.S.obj
 .preinit_array.00350
                0x1000a70c        0x4 CMakeFiles/carrier_receiver_baseband.dir/C_/Users/User/.pico-sdk/sdk/2.1.1/src/rp2_common/pico_float/float_aeabi_rp2040.S.obj
 .preinit_array.00500
                0x1000a710        0x4 CMakeFiles/carrier_receiver_baseband.dir/C_/Users/User/.pico-sdk/sdk/2.1.1/src/rp2_common/pico_runtime_init/runtime_init.c.obj
                0x1000a710                __pre_init_runtime_init_clocks
 .preinit_array.00600
                0x1000a714        0x4 CMakeFiles/carrier_receiver_baseband.dir/C_/Users/User/.pico-sdk/sdk/2.1.1/src/rp2_common/pico_runtime_init/runtime_init.c.obj
                0x1000a714                __pre_init_runtime_init_post_clock_resets
 .preinit_array.00700
                0x1000a718        0x4 CMakeFiles/carrier_receiver_baseband.dir/C_/Users/User/.pico-sdk/sdk/2.1.1/src/rp2_common/pico_runtime_init/runtime_init.c.obj
                0x1000a718                __pre_init_runtime_init_rp2040_gpio_ie_disable
 .preinit_array.01000
                0x1000a71c        0x4 CMakeFiles/carrier_receiver_baseband.dir/C_/Users/User/.pico-sdk/sdk/2.1.1/src/rp2_common/pico_runtime_init/runtime_init.c.obj
                0x1000a71c                __pre_init_runtime_init_spin_locks_reset
 .preinit_array.01100
                0x1000a720        0x4 CMakeFiles/carrier_receiver_baseband.dir/C_/Users/User/.pico-sdk/sdk/2.1.1/src/common/pico_sync/mutex.c.obj
                0x1000a720                __pre_init_runtime_init_mutex
 .preinit_array.10080
                0x1000a724        0x4 CMakeFiles/carrier_receiver_baseband.dir/C_/Users/User/.pico-sdk/sdk/2.1.1/src/rp2_common/pico_runtime_init/runtime_init.c.obj
                0x1000a724                __pre_init_runtime_init_install_ram_vector_table
 .preinit_array.11000
                0x1000a728        0x4 CMakeFiles/carrier_receiver_baseband.dir/C_/Users/User/.pico-sdk/sdk/2.1.1/src/common/pico_time/time.c.obj
                0x1000a728                __pre_init_runtime_init_default_alarm_pool
 .preinit_array.YYYYY
                0x1000a72c        0x4 CMakeFiles/carrier_receiver_baseband.dir/C_/Users/User/.pico-sdk/sdk/2.1.1/src/rp2_common/pico_runtime/runtime.c.obj
                0x1000a72c                __pre_init_first_per_core_initializer
 .preinit_array.ZZZZZ.01200
                0x1000a730        0x4 CMakeFiles/carrier_receiver_baseband.dir/C_/Users/User/.pico-sdk/sdk/2.1.1/src/rp2_common/hardware_irq/irq.c.obj
                0x1000a730                __pre_init_runtime_init_per_core_irq_priorities
 *(.preinit_array)
                0x1000a734                        PROVIDE (__preinit_array_end = .)
                0x1000a734                        . = ALIGN (0x4)
                0x1000a734                        PROVIDE (__init_array_start = .)
 *(SORT_BY_NAME(.init_array.*))
 *(.init_array)
 .init_array    0x1000a734        0x4 C:/Users/User/.pico-sdk/toolchain/14_2_Rel1/bin/../lib/gcc/arm-none-eabi/14.2.1/thumb/v6-m/nofp/crtbegin.o
 .init_array    0x1000a738        0x4 CMakeFiles/carrier_receiver_baseband.dir/C_/Users/User/.pico-sdk/sdk/2.1.1/src/rp2_common/pico_unique_id/unique_id.c.obj
                0x1000a73c                        PROVIDE (__init_array_end = .)
                0x1000a73c                        . = ALIGN (0x4)
                [!provide]                        PROVIDE (__fini_array_start = .)
 *(SORT_BY_NAME(.fini_array.*))
 *(.fini_array)
                [!provide]                        PROVIDE (__fini_array_end = .)
 *(.eh_frame*)
 .eh_frame      0x1000a73c        0x0 C:/Users/User/.pico-sdk/toolchain/14_2_Rel1/bin/../lib/gcc/arm-none-eabi/14.2.1/thumb/v6-m/nofp/crtbegin.o
                0x1000a73c                        . = ALIGN (0x4)

.glue_7         0x1000a73c        0x0
 .glue_7        0x1000a73c        0x0 linker stubs

.glue_7t        0x1000a73c        0x0
 .glue_7t       0x1000a73c        0x0 linker stubs

.vfp11_veneer   0x1000a73c        0x0
 .vfp11_veneer  0x1000a73c        0x0 linker stubs

.v4_bx          0x1000a73c        0x0
 .v4_bx         0x1000a73c        0x0 linker stubs

.iplt           0x1000a73c        0x0
 .iplt          0x1000a73c        0x0 C:/Users/User/.pico-sdk/toolchain/14_2_Rel1/bin/../lib/gcc/arm-none-eabi/14.2.1/thumb/v6-m/nofp/crtbegin.o

.rodata         0x1000a740      0xbd4
 *(EXCLUDE_FILE(*libm.a: *libc.a:*lib_a-mem*.o *libgcc.a:) .rodata*)
 .rodata.main.str1.4
                0x1000a740      0x70c CMakeFiles/carrier_receiver_baseband.dir/main.c.obj
                                 0x86 (size before relaxing)
 .rodata.__bi_56.0
                0x1000ae4c        0x8 CMakeFiles/carrier_receiver_baseband.dir/main.c.obj
 .rodata.str1.4
                0x1000ae54       0x1f CMakeFiles/carrier_receiver_baseband.dir/main.c.obj
 .rodata.__bi_62.1
                0x1000ae54        0xc CMakeFiles/carrier_receiver_baseband.dir/main.c.obj
 .rodata.__bi_68.2
                0x1000ae60        0xc CMakeFiles/carrier_receiver_baseband.dir/main.c.obj
 .rodata.generate_data.str1.4
                0x1000ae6c       0x39 CMakeFiles/carrier_receiver_baseband.dir/C_/Users/User/tradlosaprojvar/WcnesProject2025/project_pico_libs/packet_generation.c.obj
 .rodata.printPacket.str1.4
                0x1000ae6c       0x7e CMakeFiles/carrier_receiver_baseband.dir/C_/Users/User/tradlosaprojvar/WcnesProject2025/project_pico_libs/receiver_CC2500.c.obj
 .rodata.set_datarate_rx.str1.4
                0x1000ae6c       0x1b CMakeFiles/carrier_receiver_baseband.dir/C_/Users/User/tradlosaprojvar/WcnesProject2025/project_pico_libs/receiver_CC2500.c.obj
 .rodata.set_filter_bandwidth_rx.str1.4
                0x1000ae6c       0x17 CMakeFiles/carrier_receiver_baseband.dir/C_/Users/User/tradlosaprojvar/WcnesProject2025/project_pico_libs/receiver_CC2500.c.obj
 .rodata.set_frequency_deviation_rx.str1.4
                0x1000ae6c       0x1a CMakeFiles/carrier_receiver_baseband.dir/C_/Users/User/tradlosaprojvar/WcnesProject2025/project_pico_libs/receiver_CC2500.c.obj
 .rodata.set_frecuency_rx.str1.4
                0x1000ae6c       0x23 CMakeFiles/carrier_receiver_baseband.dir/C_/Users/User/tradlosaprojvar/WcnesProject2025/project_pico_libs/receiver_CC2500.c.obj
 .rodata.set_frecuency_tx.str1.4
                0x1000ae6c       0x23 CMakeFiles/carrier_receiver_baseband.dir/C_/Users/User/tradlosaprojvar/WcnesProject2025/project_pico_libs/carrier_CC2500.c.obj
 .rodata.generatePIOprogram.str1.4
                0x1000ae6c      0x11d CMakeFiles/carrier_receiver_baseband.dir/C_/Users/User/tradlosaprojvar/WcnesProject2025/project_pico_libs/backscatter.c.obj
 .rodata.backscatter_program_init.str1.4
                0x1000ae6c      0x270 CMakeFiles/carrier_receiver_baseband.dir/C_/Users/User/tradlosaprojvar/WcnesProject2025/project_pico_libs/backscatter.c.obj
 .rodata.panic.str1.4
                0x1000ae6c       0x12 CMakeFiles/carrier_receiver_baseband.dir/C_/Users/User/.pico-sdk/sdk/2.1.1/src/rp2_common/pico_platform_panic/panic.c.obj
 .rodata.spin_lock_claim_unused.str1.4
                0x1000ae6c       0x1b CMakeFiles/carrier_receiver_baseband.dir/C_/Users/User/.pico-sdk/sdk/2.1.1/src/rp2_common/hardware_sync/sync.c.obj
 .rodata.user_irq_claim_unused.str1.4
                0x1000ae6c       0x1b CMakeFiles/carrier_receiver_baseband.dir/C_/Users/User/.pico-sdk/sdk/2.1.1/src/rp2_common/hardware_irq/irq.c.obj
 .rodata.timer_hardware_alarm_claim.str1.4
                0x1000ae6c       0x22 CMakeFiles/carrier_receiver_baseband.dir/C_/Users/User/.pico-sdk/sdk/2.1.1/src/rp2_common/hardware_timer/timer.c.obj
 .rodata.hard_assertion_failure.str1.4
                0x1000ae6c        0xc CMakeFiles/carrier_receiver_baseband.dir/C_/Users/User/.pico-sdk/sdk/2.1.1/src/rp2_common/pico_runtime/runtime.c.obj
 .rodata.__wrap_malloc.str1.4
                0x1000ae6c        0xe CMakeFiles/carrier_receiver_baseband.dir/C_/Users/User/.pico-sdk/sdk/2.1.1/src/rp2_common/pico_malloc/malloc.c.obj
 .rodata.str1.4
                0x1000ae6c       0x50 CMakeFiles/carrier_receiver_baseband.dir/C_/Users/User/.pico-sdk/sdk/2.1.1/src/rp2_common/pico_standard_binary_info/standard_binary_info.c.obj
 .rodata.__bi_84
                0x1000ae6c        0xc CMakeFiles/carrier_receiver_baseband.dir/C_/Users/User/.pico-sdk/sdk/2.1.1/src/rp2_common/pico_standard_binary_info/standard_binary_info.c.obj
 .rodata.__bi_78
                0x1000ae78        0xc CMakeFiles/carrier_receiver_baseband.dir/C_/Users/User/.pico-sdk/sdk/2.1.1/src/rp2_common/pico_standard_binary_info/standard_binary_info.c.obj
 .rodata.__bi_54
                0x1000ae84        0xc CMakeFiles/carrier_receiver_baseband.dir/C_/Users/User/.pico-sdk/sdk/2.1.1/src/rp2_common/pico_standard_binary_info/standard_binary_info.c.obj
 .rodata.__bi_48
                0x1000ae90        0xc CMakeFiles/carrier_receiver_baseband.dir/C_/Users/User/.pico-sdk/sdk/2.1.1/src/rp2_common/pico_standard_binary_info/standard_binary_info.c.obj
 .rodata.__bi_42
                0x1000ae9c        0xc CMakeFiles/carrier_receiver_baseband.dir/C_/Users/User/.pico-sdk/sdk/2.1.1/src/rp2_common/pico_standard_binary_info/standard_binary_info.c.obj
 .rodata.__bi_34
                0x1000aea8        0xc CMakeFiles/carrier_receiver_baseband.dir/C_/Users/User/.pico-sdk/sdk/2.1.1/src/rp2_common/pico_standard_binary_info/standard_binary_info.c.obj
 .rodata.__bi_26
                0x1000aeb4        0xc CMakeFiles/carrier_receiver_baseband.dir/C_/Users/User/.pico-sdk/sdk/2.1.1/src/rp2_common/pico_standard_binary_info/standard_binary_info.c.obj
 .rodata._ftoa.str1.4
                0x1000aec0       0x15 CMakeFiles/carrier_receiver_baseband.dir/C_/Users/User/.pico-sdk/sdk/2.1.1/src/rp2_common/pico_printf/printf.c.obj
 .rodata._vsnprintf
                0x1000aec0      0x19c CMakeFiles/carrier_receiver_baseband.dir/C_/Users/User/.pico-sdk/sdk/2.1.1/src/rp2_common/pico_printf/printf.c.obj
 *fill*         0x1000b05c        0x4 
 .rodata.pow10.0
                0x1000b060       0x50 CMakeFiles/carrier_receiver_baseband.dir/C_/Users/User/.pico-sdk/sdk/2.1.1/src/rp2_common/pico_printf/printf.c.obj
 .rodata.crlf_str.0
                0x1000b0b0        0x2 CMakeFiles/carrier_receiver_baseband.dir/C_/Users/User/.pico-sdk/sdk/2.1.1/src/rp2_common/pico_stdio/stdio.c.obj
 *fill*         0x1000b0b2        0x2 
 .rodata._resetd_driver
                0x1000b0b4       0x20 CMakeFiles/carrier_receiver_baseband.dir/C_/Users/User/.pico-sdk/sdk/2.1.1/src/rp2_common/pico_stdio_usb/reset_interface.c.obj
 .rodata.desc_ms_os_20
                0x1000b0d4       0xa6 CMakeFiles/carrier_receiver_baseband.dir/C_/Users/User/.pico-sdk/sdk/2.1.1/src/rp2_common/pico_stdio_usb/reset_interface.c.obj
 *fill*         0x1000b17a        0x2 
 .rodata.desc_bos
                0x1000b17c       0x21 CMakeFiles/carrier_receiver_baseband.dir/C_/Users/User/.pico-sdk/sdk/2.1.1/src/rp2_common/pico_stdio_usb/reset_interface.c.obj
                0x1000b17c                desc_bos
 .rodata.str1.4
                0x1000b19d       0x13 CMakeFiles/carrier_receiver_baseband.dir/C_/Users/User/.pico-sdk/sdk/2.1.1/src/rp2_common/pico_stdio_usb/stdio_usb.c.obj
 *fill*         0x1000b19d        0x3 
 .rodata.__bi_197.0
                0x1000b1a0        0xc CMakeFiles/carrier_receiver_baseband.dir/C_/Users/User/.pico-sdk/sdk/2.1.1/src/rp2_common/pico_stdio_usb/stdio_usb.c.obj
 .rodata.str1.4
                0x1000b1ac       0x2a CMakeFiles/carrier_receiver_baseband.dir/C_/Users/User/.pico-sdk/sdk/2.1.1/src/rp2_common/pico_stdio_usb/stdio_usb_descriptors.c.obj
 .rodata.usbd_desc_str
                0x1000b1ac       0x18 CMakeFiles/carrier_receiver_baseband.dir/C_/Users/User/.pico-sdk/sdk/2.1.1/src/rp2_common/pico_stdio_usb/stdio_usb_descriptors.c.obj
 .rodata.usbd_desc_cfg
                0x1000b1c4       0x54 CMakeFiles/carrier_receiver_baseband.dir/C_/Users/User/.pico-sdk/sdk/2.1.1/src/rp2_common/pico_stdio_usb/stdio_usb_descriptors.c.obj
 .rodata.usbd_desc_device
                0x1000b218       0x12 CMakeFiles/carrier_receiver_baseband.dir/C_/Users/User/.pico-sdk/sdk/2.1.1/src/rp2_common/pico_stdio_usb/stdio_usb_descriptors.c.obj
 .rodata.str1.4
                0x1000b22a       0x14 CMakeFiles/carrier_receiver_baseband.dir/C_/Users/User/.pico-sdk/sdk/2.1.1/lib/tinyusb/src/portable/raspberrypi/rp2040/dcd_rp2040.c.obj
 .rodata.str1.4
                0x1000b22a       0x48 CMakeFiles/carrier_receiver_baseband.dir/C_/Users/User/.pico-sdk/sdk/2.1.1/lib/tinyusb/src/portable/raspberrypi/rp2040/rp2040_usb.c.obj
 *fill*         0x1000b22a        0x2 
 .rodata.tud_task_ext
                0x1000b22c       0x8c CMakeFiles/carrier_receiver_baseband.dir/C_/Users/User/.pico-sdk/sdk/2.1.1/lib/tinyusb/src/device/usbd.c.obj
 .rodata        0x1000b2b8       0x1c CMakeFiles/carrier_receiver_baseband.dir/C_/Users/User/.pico-sdk/sdk/2.1.1/lib/tinyusb/src/device/usbd.c.obj
 .rodata._usbd_driver
                0x1000b2d4       0x40 CMakeFiles/carrier_receiver_baseband.dir/C_/Users/User/.pico-sdk/sdk/2.1.1/lib/tinyusb/src/device/usbd.c.obj
                0x1000b314                        . = ALIGN (0x4)
 *(SORT_BY_ALIGNMENT(SORT_BY_NAME(.flashdata*)))
                0x1000b314                        . = ALIGN (0x4)

.ARM.extab
 *(.ARM.extab* .gnu.linkonce.armextab.*)
                0x1000b314                        __exidx_start = .

.ARM.exidx
 *(.ARM.exidx* .gnu.linkonce.armexidx.*)
                0x1000b314                        __exidx_end = .
                0x1000b314                        . = ALIGN (0x4)
                0x1000b314                        __binary_info_start = .

.binary_info    0x1000b314       0x2c
 *(.binary_info.keep.*)
 .binary_info.keep.__bi_ptr68
                0x1000b314        0x4 CMakeFiles/carrier_receiver_baseband.dir/main.c.obj
 .binary_info.keep.__bi_ptr62
                0x1000b318        0x4 CMakeFiles/carrier_receiver_baseband.dir/main.c.obj
 .binary_info.keep.__bi_ptr56
                0x1000b31c        0x4 CMakeFiles/carrier_receiver_baseband.dir/main.c.obj
 .binary_info.keep.__bi_ptr84
                0x1000b320        0x4 CMakeFiles/carrier_receiver_baseband.dir/C_/Users/User/.pico-sdk/sdk/2.1.1/src/rp2_common/pico_standard_binary_info/standard_binary_info.c.obj
 .binary_info.keep.__bi_ptr78
                0x1000b324        0x4 CMakeFiles/carrier_receiver_baseband.dir/C_/Users/User/.pico-sdk/sdk/2.1.1/src/rp2_common/pico_standard_binary_info/standard_binary_info.c.obj
 .binary_info.keep.__bi_ptr54
                0x1000b328        0x4 CMakeFiles/carrier_receiver_baseband.dir/C_/Users/User/.pico-sdk/sdk/2.1.1/src/rp2_common/pico_standard_binary_info/standard_binary_info.c.obj
 .binary_info.keep.__bi_ptr48
                0x1000b32c        0x4 CMakeFiles/carrier_receiver_baseband.dir/C_/Users/User/.pico-sdk/sdk/2.1.1/src/rp2_common/pico_standard_binary_info/standard_binary_info.c.obj
 .binary_info.keep.__bi_ptr42
                0x1000b330        0x4 CMakeFiles/carrier_receiver_baseband.dir/C_/Users/User/.pico-sdk/sdk/2.1.1/src/rp2_common/pico_standard_binary_info/standard_binary_info.c.obj
 .binary_info.keep.__bi_ptr34
                0x1000b334        0x4 CMakeFiles/carrier_receiver_baseband.dir/C_/Users/User/.pico-sdk/sdk/2.1.1/src/rp2_common/pico_standard_binary_info/standard_binary_info.c.obj
 .binary_info.keep.__bi_ptr26
                0x1000b338        0x4 CMakeFiles/carrier_receiver_baseband.dir/C_/Users/User/.pico-sdk/sdk/2.1.1/src/rp2_common/pico_standard_binary_info/standard_binary_info.c.obj
 *(.binary_info.*)
 .binary_info.__bi_ptr197
                0x1000b33c        0x4 CMakeFiles/carrier_receiver_baseband.dir/C_/Users/User/.pico-sdk/sdk/2.1.1/src/rp2_common/pico_stdio_usb/stdio_usb.c.obj
                0x1000b340                        __binary_info_end = .

.rel.dyn        0x1000b340        0x0
 .rel.iplt      0x1000b340        0x0 C:/Users/User/.pico-sdk/toolchain/14_2_Rel1/bin/../lib/gcc/arm-none-eabi/14.2.1/thumb/v6-m/nofp/crtbegin.o
                0x1000b340                        . = ALIGN (0x4)

.ram_vector_table
                0x20000000       0xc0
 *(.ram_vector_table)
 .ram_vector_table
                0x20000000       0xc0 CMakeFiles/carrier_receiver_baseband.dir/C_/Users/User/.pico-sdk/sdk/2.1.1/src/rp2_common/pico_runtime_init/runtime_init.c.obj
                0x20000000                ram_vector_table

.uninitialized_data
                0x200000c0        0x0
                0x200000c0                        . = ALIGN (0x4)
 *(.uninitialized_data*)

.data           0x200000c0     0x1678 load address 0x1000b340
                0x200000c0                        __data_start__ = .
 *(vtable)
 *(.time_critical*)
 .time_critical.mutex_try_enter
                0x200000c0       0x40 CMakeFiles/carrier_receiver_baseband.dir/C_/Users/User/.pico-sdk/sdk/2.1.1/src/common/pico_sync/mutex.c.obj
                0x200000c0                mutex_try_enter
 .time_critical.mutex_try_enter_block_until
                0x20000100       0x98 CMakeFiles/carrier_receiver_baseband.dir/C_/Users/User/.pico-sdk/sdk/2.1.1/src/common/pico_sync/mutex.c.obj
                0x20000100                mutex_try_enter_block_until
 .time_critical.mutex_enter_timeout_ms
                0x20000198       0x8c CMakeFiles/carrier_receiver_baseband.dir/C_/Users/User/.pico-sdk/sdk/2.1.1/src/common/pico_sync/mutex.c.obj
                0x20000198                mutex_enter_timeout_ms
 .time_critical.mutex_exit
                0x20000224       0x28 CMakeFiles/carrier_receiver_baseband.dir/C_/Users/User/.pico-sdk/sdk/2.1.1/src/common/pico_sync/mutex.c.obj
                0x20000224                mutex_exit
 .time_critical.flash_init_boot2_copyout
                0x2000024c       0x30 CMakeFiles/carrier_receiver_baseband.dir/C_/Users/User/.pico-sdk/sdk/2.1.1/src/rp2_common/hardware_flash/flash.c.obj
 .time_critical.flash_enable_xip_via_boot2
                0x2000027c        0xc CMakeFiles/carrier_receiver_baseband.dir/C_/Users/User/.pico-sdk/sdk/2.1.1/src/rp2_common/hardware_flash/flash.c.obj
 .time_critical.flash_cs_force
                0x20000288       0x38 CMakeFiles/carrier_receiver_baseband.dir/C_/Users/User/.pico-sdk/sdk/2.1.1/src/rp2_common/hardware_flash/flash.c.obj
 .time_critical.flash_do_cmd
                0x200002c0      0x130 CMakeFiles/carrier_receiver_baseband.dir/C_/Users/User/.pico-sdk/sdk/2.1.1/src/rp2_common/hardware_flash/flash.c.obj
                0x200002c0                flash_do_cmd
 .time_critical.reset_non_control_endpoints
                0x200003f0       0x68 CMakeFiles/carrier_receiver_baseband.dir/C_/Users/User/.pico-sdk/sdk/2.1.1/lib/tinyusb/src/portable/raspberrypi/rp2040/dcd_rp2040.c.obj
 .time_critical.hw_handle_buff_status
                0x20000458       0xa0 CMakeFiles/carrier_receiver_baseband.dir/C_/Users/User/.pico-sdk/sdk/2.1.1/lib/tinyusb/src/portable/raspberrypi/rp2040/dcd_rp2040.c.obj
 .time_critical.dcd_rp2040_irq
                0x200004f8      0x548 CMakeFiles/carrier_receiver_baseband.dir/C_/Users/User/.pico-sdk/sdk/2.1.1/lib/tinyusb/src/portable/raspberrypi/rp2040/dcd_rp2040.c.obj
 .time_critical.prepare_ep_buffer
                0x20000a40       0xc8 CMakeFiles/carrier_receiver_baseband.dir/C_/Users/User/.pico-sdk/sdk/2.1.1/lib/tinyusb/src/portable/raspberrypi/rp2040/rp2040_usb.c.obj
 .time_critical.sync_ep_buffer
                0x20000b08       0x9c CMakeFiles/carrier_receiver_baseband.dir/C_/Users/User/.pico-sdk/sdk/2.1.1/lib/tinyusb/src/portable/raspberrypi/rp2040/rp2040_usb.c.obj
 .time_critical._hw_endpoint_xfer_sync
                0x20000ba4       0x28 CMakeFiles/carrier_receiver_baseband.dir/C_/Users/User/.pico-sdk/sdk/2.1.1/lib/tinyusb/src/portable/raspberrypi/rp2040/rp2040_usb.c.obj
 .time_critical.e15_is_bulkin_ep