Archive member included to satisfy reference by file (symbol)

C:/Users/User/.pico-sdk/toolchain/14_2_Rel1/bin/../lib/gcc/arm-none-eabi/14.2.1/thumb/v6-m/nofp\libgcc.a(_dvmd_tls.o)
                              CMakeFiles/carrier_receiver_baseband.dir/C_/Users/User/.pico-sdk/sdk/2.1.1/src/rp2_common/pico_divider/divider_hardware.S.obj (__aeabi_idiv0)
C:/Users/User/.pico-sdk/toolchain/14_2_Rel1/bin/../lib/gcc/arm-none-eabi/14.2.1/thumb/v6-m/nofp\libg.a(libc_a-calloc.o)
                              CMakeFiles/carrier_receiver_baseband.dir/C_/Users/User/.pico-sdk/sdk/2.1.1/src/rp2_common/pico_malloc/malloc.c.obj (calloc)
C:/Users/User/.pico-sdk/toolchain/14_2_Rel1/bin/../lib/gcc/arm-none-eabi/14.2.1/thumb/v6-m/nofp\libg.a(libc_a-callocr.o)
                              C:/Users/User/.pico-sdk/toolchain/14_2_Rel1/bin/../lib/gcc/arm-none-eabi/14.2.1/thumb/v6-m/nofp\libg.a(libc_a-calloc.o) (_calloc_r)
C:/Users/User/.pico-sdk/toolchain/14_2_Rel1/bin/../lib/gcc/arm-none-eabi/14.2.1/thumb/v6-m/nofp\libg.a(libc_a-malloc.o)
                              CMakeFiles/carrier_receiver_baseband.dir/C_/Users/User/.pico-sdk/sdk/2.1.1/src/rp2_common/pico_malloc/malloc.c.obj (malloc)
C:/Users/User/.pico-sdk/toolchain/14_2_Rel1/bin/../lib/gcc/arm-none-eabi/14.2.1/thumb/v6-m/nofp\libg.a(libc_a-mallocr.o)
                              C:/Users/User/.pico-sdk/toolchain/14_2_Rel1/bin/../lib/gcc/arm-none-eabi/14.2.1/thumb/v6-m/nofp\libg.a(libc_a-callocr.o) (_malloc_r)
C:/Users/User/.pico-sdk/toolchain/14_2_Rel1/bin/../lib/gcc/arm-none-eabi/14.2.1/thumb/v6-m/nofp\libg.a(libc_a-mlock.o)
                              C:/Users/User/.pico-sdk/toolchain/14_2_Rel1/bin/../lib/gcc/arm-none-eabi/14.2.1/thumb/v6-m/nofp\libg.a(libc_a-mallocr.o) (__malloc_lock)
C:/Users/User/.pico-sdk/toolchain/14_2_Rel1/bin/../lib/gcc/arm-none-eabi/14.2.1/thumb/v6-m/nofp\libg.a(libc_a-realloc.o)
                              CMakeFiles/carrier_receiver_baseband.dir/C_/Users/User/.pico-sdk/sdk/2.1.1/src/rp2_common/pico_malloc/malloc.c.obj (realloc)
C:/Users/User/.pico-sdk/toolchain/14_2_Rel1/bin/../lib/gcc/arm-none-eabi/14.2.1/thumb/v6-m/nofp\libg.a(libc_a-reallocr.o)
                              C:/Users/User/.pico-sdk/toolchain/14_2_Rel1/bin/../lib/gcc/arm-none-eabi/14.2.1/thumb/v6-m/nofp\libg.a(libc_a-realloc.o) (_realloc_r)
C:/Users/User/.pico-sdk/toolchain/14_2_Rel1/bin/../lib/gcc/arm-none-eabi/14.2.1/thumb/v6-m/nofp\libg.a(libc_a-memcmp.o)
                              CMakeFiles/carrier_receiver_baseband.dir/C_/Users/User/.pico-sdk/sdk/2.1.1/src/rp2_common/pico_atomic/atomic.c.obj (memcmp)
C:/Users/User/.pico-sdk/toolchain/14_2_Rel1/bin/../lib/gcc/arm-none-eabi/14.2.1/thumb/v6-m/nofp\libg.a(libc_a-memmove.o)
                              C:/Users/User/.pico-sdk/toolchain/14_2_Rel1/bin/../lib/gcc/arm-none-eabi/14.2.1/thumb/v6-m/nofp\libg.a(libc_a-reallocr.o) (memmove)
C:/Users/User/.pico-sdk/toolchain/14_2_Rel1/bin/../lib/gcc/arm-none-eabi/14.2.1/thumb/v6-m/nofp\libg.a(libc_a-lcltime_r.o)
                              CMakeFiles/carrier_receiver_baseband.dir/C_/Users/User/.pico-sdk/sdk/2.1.1/src/common/pico_util/datetime.c.obj (localtime_r)
C:/Users/User/.pico-sdk/toolchain/14_2_Rel1/bin/../lib/gcc/arm-none-eabi/14.2.1/thumb/v6-m/nofp\libg.a(libc_a-mktime.o)
                              CMakeFiles/carrier_receiver_baseband.dir/C_/Users/User/.pico-sdk/sdk/2.1.1/src/common/pico_util/datetime.c.obj (mktime)
C:/Users/User/.pico-sdk/toolchain/14_2_Rel1/bin/../lib/gcc/arm-none-eabi/14.2.1/thumb/v6-m/nofp\libg.a(libc_a-month_lengths.o)
                              C:/Users/User/.pico-sdk/toolchain/14_2_Rel1/bin/../lib/gcc/arm-none-eabi/14.2.1/thumb/v6-m/nofp\libg.a(libc_a-lcltime_r.o) (__month_lengths)
C:/Users/User/.pico-sdk/toolchain/14_2_Rel1/bin/../lib/gcc/arm-none-eabi/14.2.1/thumb/v6-m/nofp\libg.a(libc_a-tzcalc_limits.o)
                              C:/Users/User/.pico-sdk/toolchain/14_2_Rel1/bin/../lib/gcc/arm-none-eabi/14.2.1/thumb/v6-m/nofp\libg.a(libc_a-lcltime_r.o) (__tzcalc_limits)
C:/Users/User/.pico-sdk/toolchain/14_2_Rel1/bin/../lib/gcc/arm-none-eabi/14.2.1/thumb/v6-m/nofp\libg.a(libc_a-tzlock.o)
                              C:/Users/User/.pico-sdk/toolchain/14_2_Rel1/bin/../lib/gcc/arm-none-eabi/14.2.1/thumb/v6-m/nofp\libg.a(libc_a-lcltime_r.o) (__tz_lock)
C:/Users/User/.pico-sdk/toolchain/14_2_Rel1/bin/../lib/gcc/arm-none-eabi/14.2.1/thumb/v6-m/nofp\libg.a(libc_a-tzset.o)
                              C:/Users/User/.pico-sdk/toolchain/14_2_Rel1/bin/../lib/gcc/arm-none-eabi/14.2.1/thumb/v6-m/nofp\libg.a(libc_a-lcltime_r.o) (_tzset_unlocked)
C:/Users/User/.pico-sdk/toolchain/14_2_Rel1/bin/../lib/gcc/arm-none-eabi/14.2.1/thumb/v6-m/nofp\libg.a(libc_a-tzset_r.o)
                              C:/Users/User/.pico-sdk/toolchain/14_2_Rel1/bin/../lib/gcc/arm-none-eabi/14.2.1/thumb/v6-m/nofp\libg.a(libc_a-tzset.o) (_tzset_unlocked_r)
[...]
Memory Configuration

Name             Origin             Length             Attributes
FLASH            0x10000000         0x00200000         xr
RAM              0x20000000         0x00040000         xrw
SCRATCH_X        0x20040000         0x00001000         xrw
SCRATCH_Y        0x20041000         0x00001000         xrw
*default*        0x00000000         0xffffffff

Linker script and memory map

LOAD C:/Users/User/.pico-sdk/toolchain/14_2_Rel1/bin/../lib/gcc/arm-none-eabi/14.2.1/thumb/v6-m/nofp/crti.o
LOAD C:/Users/User/.pico-sdk/toolchain/14_2_Rel1/bin/../lib/gcc/arm-none-eabi/14.2.1/thumb/v6-m/nofp/crtbegin.o
LOAD C:/Users/User/.pico-sdk/toolchain/14_2_Rel1/bin/../lib/gcc/arm-none-eabi/14.2.1/thumb/v6-m/nofp/crt0.o

.flash_begin    0x10000000        0x0
                0x10000000                        __flash_binary_start = .

.boot2          0x10000000      0x100
                0x10000000                        __boot2_start__ = .
 *(.boot2)
 .boot2         0x10000000      0x100 pico-sdk\src\rp2040\boot_stage2\CMakeFiles\bs2_default_library.dir\bs2_default_padded_checksummed.S.obj
                0x10000100                        __boot2_end__ = .
                0x00000001                        ASSERT (((__boot2_end__ - __boot2_start__) == 0x100), ERROR: Pico second stage bootloader must be 256 bytes in size)

.text           0x10000100     0xa5fc
                0x10000100                        __logical_binary_start = .
 *(.vectors)
 .vectors       0x10000100       0xd4 CMakeFiles/carrier_receiver_baseband.dir/C_/Users/User/.pico-sdk/sdk/2.1.1/src/rp2_common/pico_crt0/crt0.S.obj
                0x10000100                __VECTOR_TABLE
                0x10000100                __vectors
                0x100001c0                isr_invalid
                0x100001c0                __default_isrs_start
                0x100001c2                isr_nmi
                0x100001c4                isr_hardfault
                0x100001c6                isr_svcall
                0x100001c8                isr_pendsv
                0x100001ca                isr_systick
                0x100001cc                isr_irq23
                0x100001cc                isr_irq18
                0x100001cc                isr_irq11
                0x100001cc                isr_irq28
                0x100001cc                isr_irq19
                0x100001cc                isr_irq0
                0x100001cc                isr_irq6
                0x100001cc                isr_irq5
                0x100001cc                isr_irq12
                0x100001cc                isr_irq22
                0x100001cc                isr_irq31
                0x100001cc                isr_irq17
                0x100001cc                isr_irq27
                0x100001cc                isr_irq30
                0x100001cc                isr_irq2
                0x100001cc                isr_irq10
                0x100001cc                isr_irq8
                0x100001cc                isr_irq24
                0x100001cc                isr_irq1
                0x100001cc                isr_irq7
                0x100001cc                isr_irq21
                0x100001cc                isr_irq20
                0x100001cc                isr_irq15
                0x100001cc                isr_irq25
                0x100001cc                isr_irq13
                0x100001cc                __unhandled_user_irq
                0x100001cc                isr_irq4
                0x100001cc                isr_irq16
                0x100001cc                isr_irq29
                0x100001cc                isr_irq26
                0x100001cc                __default_isrs_end
                0x100001cc                isr_irq3
                0x100001cc                isr_irq14
                0x100001cc                isr_irq9
                0x100001d2                unhandled_user_irq_num_in_r0
 *(.binary_info_header)
 .binary_info_header
                0x100001d4       0x14 CMakeFiles/carrier_receiver_baseband.dir/C_/Users/User/.pico-sdk/sdk/2.1.1/src/rp2_common/pico_crt0/crt0.S.obj
                0x100001e8                        __binary_info_header_end = .
 *(.embedded_block)
                0x100001e8                        __embedded_block_end = .
 *(.reset)
 .reset         0x100001e8       0x9c CMakeFiles/carrier_receiver_baseband.dir/C_/Users/User/.pico-sdk/sdk/2.1.1/src/rp2_common/pico_crt0/crt0.S.obj
                0x100001e8                _entry_point
 *(.init)
 .init          0x10000284        0x4 C:/Users/User/.pico-sdk/toolchain/14_2_Rel1/bin/../lib/gcc/arm-none-eabi/14.2.1/thumb/v6-m/nofp/crti.o
                0x10000284                _init
 *(EXCLUDE_FILE(*libm.a: *libc.a:*lib_a-mem*.o *libgcc.a:) .text*)
 .text.register_tm_clones
                0x10000288       0x28 C:/Users/User/.pico-sdk/toolchain/14_2_Rel1/bin/../lib/gcc/arm-none-eabi/14.2.1/thumb/v6-m/nofp/crtbegin.o
 .text.frame_dummy
                0x100002b0       0x24 C:/Users/User/.pico-sdk/toolchain/14_2_Rel1/bin/../lib/gcc/arm-none-eabi/14.2.1/thumb/v6-m/nofp/crtbegin.o
 .text.startup.main
                0x100002d4      0x1dc CMakeFiles/carrier_receiver_baseband.dir/main.c.obj
                0x100002d4                main
 .text.packet_hdr_template
                0x100004b0       0x1c CMakeFiles/carrier_receiver_baseband.dir/C_/Users/User/tradlosaprojvar/WcnesProject2025/project_pico_libs/packet_generation.c.obj
                0x100004b0                packet_hdr_template
 .text.generate_sample
                0x100004cc      0x100 CMakeFiles/carrier_receiver_baseband.dir/C_/Users/User/tradlosaprojvar/WcnesProject2025/project_pico_libs/packet_generation.c.obj
                0x100004cc                generate_sample
 .text.generate_data
                0x100005cc       0x54 CMakeFiles/carrier_receiver_baseband.dir/C_/Users/User/tradlosaprojvar/WcnesProject2025/project_pico_libs/packet_generation.c.obj
                0x100005cc                generate_data
 .text.add_header
                0x10000620       0x44 CMakeFiles/carrier_receiver_baseband.dir/C_/Users/User/tradlosaprojvar/WcnesProject2025/project_pico_libs/packet_generation.c.obj
                0x10000620                add_header
 .text.receiver_isr
                0x10000664       0x38 CMakeFiles/carrier_receiver_baseband.dir/C_/Users/User/tradlosaprojvar/WcnesProject2025/project_pico_libs/receiver_CC2500.c.obj
                0x10000664                receiver_isr
 .text.setupReceiver
                0x1000069c       0xf4 CMakeFiles/carrier_receiver_baseband.dir/C_/Users/User/tradlosaprojvar/WcnesProject2025/project_pico_libs/receiver_CC2500.c.obj
                0x1000069c                setupReceiver
 .text.RX_start_listen
                0x10000790       0xdc CMakeFiles/carrier_receiver_baseband.dir/C_/Users/User/tradlosaprojvar/WcnesProject2025/project_pico_libs/receiver_CC2500.c.obj
                0x10000790                RX_start_listen
 .text.readPacket
                0x1000086c      0x104 CMakeFiles/carrier_receiver_baseband.dir/C_/Users/User/tradlosaprojvar/WcnesProject2025/project_pico_libs/receiver_CC2500.c.obj
                0x1000086c                readPacket
 .text.printPacket
                0x10000970       0xec CMakeFiles/carrier_receiver_baseband.dir/C_/Users/User/tradlosaprojvar/WcnesProject2025/project_pico_libs/receiver_CC2500.c.obj
                0x10000970                printPacket
 .text.get_event
                0x10000a5c       0x28 CMakeFiles/carrier_receiver_baseband.dir/C_/Users/User/tradlosaprojvar/WcnesProject2025/project_pico_libs/receiver_CC2500.c.obj
                0x10000a5c                get_event
 .text.set_datarate_rx
                0x10000a84      0x1b0 CMakeFiles/carrier_receiver_baseband.dir/C_/Users/User/tradlosaprojvar/WcnesProject2025/project_pico_libs/receiver_CC2500.c.obj
                0x10000a84                set_datarate_rx
 .text.set_filter_bandwidth_rx
                0x10000c34      0x1ac CMakeFiles/carrier_receiver_baseband.dir/C_/Users/User/tradlosaprojvar/WcnesProject2025/project_pico_libs/receiver_CC2500.c.obj
                0x10000c34                set_filter_bandwidth_rx
 .text.set_frequency_deviation_rx
                0x10000de0      0x17c CMakeFiles/carrier_receiver_baseband.dir/C_/Users/User/tradlosaprojvar/WcnesProject2025/project_pico_libs/receiver_CC2500.c.obj
                0x10000de0                set_frequency_deviation_rx
 .text.set_frecuency_rx
                0x10000f5c      0x1b8 CMakeFiles/carrier_receiver_baseband.dir/C_/Users/User/tradlosaprojvar/WcnesProject2025/project_pico_libs/receiver_CC2500.c.obj
                0x10000f5c                set_frecuency_rx
 .text.setupCarrier
                0x10001114       0xf4 CMakeFiles/carrier_receiver_baseband.dir/C_/Users/User/tradlosaprojvar/WcnesProject2025/project_pico_libs/carrier_CC2500.c.obj
                0x10001114                setupCarrier
 .text.startCarrier
                0x10001208       0x48 CMakeFiles/carrier_receiver_baseband.dir/C_/Users/User/tradlosaprojvar/WcnesProject2025/project_pico_libs/carrier_CC2500.c.obj
                0x10001208                startCarrier
 .text.stopCarrier
                0x10001250       0x48 CMakeFiles/carrier_receiver_baseband.dir/C_/Users/User/tradlosaprojvar/WcnesProject2025/project_pico_libs/carrier_CC2500.c.obj
                0x10001250                stopCarrier
 .text.set_frecuency_tx
                0x10001298      0x1b4 CMakeFiles/carrier_receiver_baseband.dir/C_/Users/User/tradlosaprojvar/WcnesProject2025/project_pico_libs/carrier_CC2500.c.obj
                0x10001298                set_frecuency_tx
 .text.generatePIOprogram
                0x1000144c      0x538 CMakeFiles/carrier_receiver_baseband.dir/C_/Users/User/tradlosaprojvar/WcnesProject2025/project_pico_libs/backscatter.c.obj
                0x1000144c                generatePIOprogram
 .text.backscatter_program_init
                0x10001984      0x2d8 CMakeFiles/carrier_receiver_baseband.dir/C_/Users/User/tradlosaprojvar/WcnesProject2025/project_pico_libs/backscatter.c.obj
                0x10001984                backscatter_program_init
 .text.backscatter_send
                0x10001c5c       0x30 CMakeFiles/carrier_receiver_baseband.dir/C_/Users/User/tradlosaprojvar/WcnesProject2025/project_pico_libs/backscatter.c.obj
                0x10001c5c                backscatter_send
 .text.gpio_default_irq_handler
                0x10001c8c      0x2c8 CMakeFiles/carrier_receiver_baseband.dir/C_/Users/User/.pico-sdk/sdk/2.1.1/src/rp2_common/hardware_gpio/gpio.c.obj
 .text.gpio_set_function
                0x10001f54       0x34 CMakeFiles/carrier_receiver_baseband.dir/C_/Users/User/.pico-sdk/sdk/2.1.1/src/rp2_common/hardware_gpio/gpio.c.obj
                0x10001f54                gpio_set_function
 .text.gpio_set_irq_enabled_with_callback
                0x10001f88       0xd0 CMakeFiles/carrier_receiver_baseband.dir/C_/Users/User/.pico-sdk/sdk/2.1.1/src/rp2_common/hardware_gpio/gpio.c.obj
                0x10001f88                gpio_set_irq_enabled_with_callback
 .text.gpio_init
                0x10002058       0x40 CMakeFiles/carrier_receiver_baseband.dir/C_/Users/User/.pico-sdk/sdk/2.1.1/src/rp2_common/hardware_gpio/gpio.c.obj
                0x10002058                gpio_init
 .text.rp2040_chip_version
                0x10002098        0xc CMakeFiles/carrier_receiver_baseband.dir/C_/Users/User/.pico-sdk/sdk/2.1.1/src/rp2040/pico_platform/platform.c.obj
                0x10002098                rp2040_chip_version
 .text.panic    0x100020a4       0x30 CMakeFiles/carrier_receiver_baseband.dir/C_/Users/User/.pico-sdk/sdk/2.1.1/src/rp2_common/pico_platform_panic/panic.c.obj
                0x100020a4                panic
 .text.hw_claim_lock
                0x100020d4       0x18 CMakeFiles/carrier_receiver_baseband.dir/C_/Users/User/.pico-sdk/sdk/2.1.1/src/common/hardware_claim/claim.c.obj
                0x100020d4                hw_claim_lock
 .text.hw_claim_unlock
                0x100020ec       0x14 CMakeFiles/carrier_receiver_baseband.dir/C_/Users/User/.pico-sdk/sdk/2.1.1/src/common/hardware_claim/claim.c.obj
                0x100020ec                hw_claim_unlock
 .text.hw_claim_or_assert
                0x10002100       0x44 CMakeFiles/carrier_receiver_baseband.dir/C_/Users/User/.pico-sdk/sdk/2.1.1/src/common/hardware_claim/claim.c.obj
                0x10002100                hw_claim_or_assert
 .text.hw_claim_unused_from_range
                0x10002144       0x88 CMakeFiles/carrier_receiver_baseband.dir/C_/Users/User/.pico-sdk/sdk/2.1.1/src/common/hardware_claim/claim.c.obj
                0x10002144                hw_claim_unused_from_range
 .text.next_striped_spin_lock_num
                0x100021cc       0x18 CMakeFiles/carrier_receiver_baseband.dir/C_/Users/User/.pico-sdk/sdk/2.1.1/src/rp2_common/hardware_sync/sync.c.obj
                0x100021cc                next_striped_spin_lock_num
 .text.spin_lock_claim_unused
                0x100021e4       0x24 CMakeFiles/carrier_receiver_baseband.dir/C_/Users/User/.pico-sdk/sdk/2.1.1/src/rp2_common/hardware_sync/sync.c.obj
                0x100021e4                spin_lock_claim_unused
 .text.spin_locks_reset
                0x10002208       0x1c CMakeFiles/carrier_receiver_baseband.dir/C_/Users/User/.pico-sdk/sdk/2.1.1/src/rp2_common/hardware_sync_spin_lock/sync_spin_lock.c.obj
                0x10002208                spin_locks_reset
 .text.runtime_init_per_core_irq_priorities
                0x10002224       0x24 CMakeFiles/carrier_receiver_baseband.dir/C_/Users/User/.pico-sdk/sdk/2.1.1/src/rp2_common/hardware_irq/irq.c.obj
                0x10002224                runtime_init_per_core_irq_priorities
 .text.irq_set_enabled
                0x10002248       0x24 CMakeFiles/carrier_receiver_baseband.dir/C_/Users/User/.pico-sdk/sdk/2.1.1/src/rp2_common/hardware_irq/irq.c.obj
                0x10002248                irq_set_enabled
 .text.irq_is_enabled
                0x1000226c       0x18 CMakeFiles/carrier_receiver_baseband.dir/C_/Users/User/.pico-sdk/sdk/2.1.1/src/rp2_common/hardware_irq/irq.c.obj
                0x1000226c                irq_is_enabled
 .text.irq_set_pending
                0x10002284       0x10 CMakeFiles/carrier_receiver_baseband.dir/C_/Users/User/.pico-sdk/sdk/2.1.1/src/rp2_common/hardware_irq/irq.c.obj
                0x10002284                irq_set_pending
 .text.irq_has_shared_handler
                0x10002294       0x24 CMakeFiles/carrier_receiver_baseband.dir/C_/Users/User/.pico-sdk/sdk/2.1.1/src/rp2_common/hardware_irq/irq.c.obj
                0x10002294                irq_has_shared_handler
 .text.irq_set_exclusive_handler
                0x100022b8       0x54 CMakeFiles/carrier_receiver_baseband.dir/C_/Users/User/.pico-sdk/sdk/2.1.1/src/rp2_common/hardware_irq/irq.c.obj
                0x100022b8                irq_set_exclusive_handler
 .text.irq_add_shared_handler
                0x1000230c      0x1f4 CMakeFiles/carrier_receiver_baseband.dir/C_/Users/User/.pico-sdk/sdk/2.1.1/src/rp2_common/hardware_irq/irq.c.obj
                0x1000230c                irq_add_shared_handler
 .text.irq_remove_handler
                0x10002500      0x1d4 CMakeFiles/carrier_receiver_baseband.dir/C_/Users/User/.pico-sdk/sdk/2.1.1/src/rp2_common/hardware_irq/irq.c.obj
                0x10002500                irq_remove_handler
 .text.irq_add_tail_to_free_list
                0x100026d4       0xb4 CMakeFiles/carrier_receiver_baseband.dir/C_/Users/User/.pico-sdk/sdk/2.1.1/src/rp2_common/hardware_irq/irq.c.obj
                0x100026d4                irq_add_tail_to_free_list
 .text.user_irq_claim_unused
                0x10002788       0x2c CMakeFiles/carrier_receiver_baseband.dir/C_/Users/User/.pico-sdk/sdk/2.1.1/src/rp2_common/hardware_irq/irq.c.obj
                0x10002788                user_irq_claim_unused
 .text.lock_init
                0x100027b4       0x10 CMakeFiles/carrier_receiver_baseband.dir/C_/Users/User/.pico-sdk/sdk/2.1.1/src/common/pico_sync/lock_core.c.obj
                0x100027b4                lock_init
 .text.runtime_init_mutex
                0x100027c4       0x50 CMakeFiles/carrier_receiver_baseband.dir/C_/Users/User/.pico-sdk/sdk/2.1.1/src/common/pico_sync/mutex.c.obj
                0x100027c4                runtime_init_mutex
 .text.mutex_init
                0x10002814       0x1c CMakeFiles/carrier_receiver_baseband.dir/C_/Users/User/.pico-sdk/sdk/2.1.1/src/common/pico_sync/mutex.c.obj
                0x10002814                mutex_init
 .text.critical_section_init
                0x10002830       0x1c CMakeFiles/carrier_receiver_baseband.dir/C_/Users/User/.pico-sdk/sdk/2.1.1/src/common/pico_sync/critical_section.c.obj
                0x10002830                critical_section_init
 .text.critical_section_init_with_lock_num
                0x1000284c       0x14 CMakeFiles/carrier_receiver_baseband.dir/C_/Users/User/.pico-sdk/sdk/2.1.1/src/common/pico_sync/critical_section.c.obj
                0x1000284c                critical_section_init_with_lock_num
 .text.sleep_until_callback
                0x10002860       0x30 CMakeFiles/carrier_receiver_baseband.dir/C_/Users/User/.pico-sdk/sdk/2.1.1/src/common/pico_time/time.c.obj
 .text.alarm_pool_irq_handler
                0x10002890      0x300 CMakeFiles/carrier_receiver_baseband.dir/C_/Users/User/.pico-sdk/sdk/2.1.1/src/common/pico_time/time.c.obj
 .text.runtime_init_default_alarm_pool
                0x10002b90       0xdc CMakeFiles/carrier_receiver_baseband.dir/C_/Users/User/.pico-sdk/sdk/2.1.1/src/common/pico_time/time.c.obj
                0x10002b90                runtime_init_default_alarm_pool
 .text.alarm_pool_get_default
                0x10002c6c        0x8 CMakeFiles/carrier_receiver_baseband.dir/C_/Users/User/.pico-sdk/sdk/2.1.1/src/common/pico_time/time.c.obj
                0x10002c6c                alarm_pool_get_default
 .text.alarm_pool_add_alarm_at
                0x10002c74       0xd0 CMakeFiles/carrier_receiver_baseband.dir/C_/Users/User/.pico-sdk/sdk/2.1.1/src/common/pico_time/time.c.obj
                0x10002c74                alarm_pool_add_alarm_at
 .text.alarm_pool_add_alarm_at_force_in_context
                0x10002d44       0xb0 CMakeFiles/carrier_receiver_baseband.dir/C_/Users/User/.pico-sdk/sdk/2.1.1/src/common/pico_time/time.c.obj
                0x10002d44                alarm_pool_add_alarm_at_force_in_context
 .text.alarm_pool_cancel_alarm
                0x10002df4       0x74 CMakeFiles/carrier_receiver_baseband.dir/C_/Users/User/.pico-sdk/sdk/2.1.1/src/common/pico_time/time.c.obj
                0x10002df4                alarm_pool_cancel_alarm
 .text.alarm_pool_core_num
                0x10002e68        0x4 CMakeFiles/carrier_receiver_baseband.dir/C_/Users/User/.pico-sdk/sdk/2.1.1/src/common/pico_time/time.c.obj
                0x10002e68                alarm_pool_core_num
 .text.sleep_us
                0x10002e6c       0xec CMakeFiles/carrier_receiver_baseband.dir/C_/Users/User/.pico-sdk/sdk/2.1.1/src/common/pico_time/time.c.obj
                0x10002e6c                sleep_us
 .text.sleep_ms
                0x10002f58       0xfc CMakeFiles/carrier_receiver_baseband.dir/C_/Users/User/.pico-sdk/sdk/2.1.1/src/common/pico_time/time.c.obj
                0x10002f58                sleep_ms
 .text.best_effort_wfe_or_timeout
                0x10003054      0x10c CMakeFiles/carrier_receiver_baseband.dir/C_/Users/User/.pico-sdk/sdk/2.1.1/src/common/pico_time/time.c.obj
                0x10003054                best_effort_wfe_or_timeout
 .text.timer_hardware_alarm_claim
                0x10003160       0x14 CMakeFiles/carrier_receiver_baseband.dir/C_/Users/User/.pico-sdk/sdk/2.1.1/src/rp2_common/hardware_timer/timer.c.obj
                0x10003160                timer_hardware_alarm_claim
 .text.timer_time_us_64
                0x10003174       0x10 CMakeFiles/carrier_receiver_baseband.dir/C_/Users/User/.pico-sdk/sdk/2.1.1/src/rp2_common/hardware_timer/timer.c.obj
                0x10003174                timer_time_us_64
 .text.time_us_64
                0x10003184       0x14 CMakeFiles/carrier_receiver_baseband.dir/C_/Users/User/.pico-sdk/sdk/2.1.1/src/rp2_common/hardware_timer/timer.c.obj
                0x10003184                time_us_64
 .text.busy_wait_until
                0x10003198       0x20 CMakeFiles/carrier_receiver_baseband.dir/C_/Users/User/.pico-sdk/sdk/2.1.1/src/rp2_common/hardware_timer/timer.c.obj
                0x10003198                busy_wait_until
 .text.queue_init_with_spinlock
                0x100031b8       0x24 CMakeFiles/carrier_receiver_baseband.dir/C_/Users/User/.pico-sdk/sdk/2.1.1/src/common/pico_util/queue.c.obj
                0x100031b8                queue_init_with_spinlock
 .text.queue_try_add
                0x100031dc       0x70 CMakeFiles/carrier_receiver_baseband.dir/C_/Users/User/.pico-sdk/sdk/2.1.1/src/common/pico_util/queue.c.obj
                0x100031dc                queue_try_add
 .text.queue_try_remove
                0x1000324c       0x74 CMakeFiles/carrier_receiver_baseband.dir/C_/Users/User/.pico-sdk/sdk/2.1.1/src/common/pico_util/queue.c.obj
                0x1000324c                queue_try_remove
 .text.clock_configure_int_divider
                0x100032c0       0xf4 CMakeFiles/carrier_receiver_baseband.dir/C_/Users/User/.pico-sdk/sdk/2.1.1/src/rp2_common/hardware_clocks/clocks.c.obj
                0x100032c0                clock_configure_int_divider
 .text.clock_configure_undivided
                0x100033b4       0xe8 CMakeFiles/carrier_receiver_baseband.dir/C_/Users/User/.pico-sdk/sdk/2.1.1/src/rp2_common/hardware_clocks/clocks.c.obj
                0x100033b4                clock_configure_undivided
 .text.clock_get_hz
                0x1000349c        0xc CMakeFiles/carrier_receiver_baseband.dir/C_/Users/User/.pico-sdk/sdk/2.1.1/src/rp2_common/hardware_clocks/clocks.c.obj
                0x1000349c                clock_get_hz
 .text.pll_init
                0x100034a8       0xa4 CMakeFiles/carrier_receiver_baseband.dir/C_/Users/User/.pico-sdk/sdk/2.1.1/src/rp2_common/hardware_pll/pll.c.obj
                0x100034a8                pll_init
 .text.watchdog_reboot
                0x1000354c       0x9c CMakeFiles/carrier_receiver_baseband.dir/C_/Users/User/.pico-sdk/sdk/2.1.1/src/rp2_common/hardware_watchdog/watchdog.c.obj
                0x1000354c                watchdog_reboot
 .text.tick_start
                0x100035e8       0x10 CMakeFiles/carrier_receiver_baseband.dir/C_/Users/User/.pico-sdk/sdk/2.1.1/src/rp2_common/hardware_ticks/ticks.c.obj
                0x100035e8                tick_start
 .text.rom_func_lookup
                0x100035f8       0x10 CMakeFiles/carrier_receiver_baseband.dir/C_/Users/User/.pico-sdk/sdk/2.1.1/src/rp2_common/pico_bootrom/bootrom.c.obj
                0x100035f8                rom_func_lookup
 .text.rom_data_lookup
                0x10003608       0x10 CMakeFiles/carrier_receiver_baseband.dir/C_/Users/User/.pico-sdk/sdk/2.1.1/src/rp2_common/pico_bootrom/bootrom.c.obj
                0x10003608                rom_data_lookup
 .text.rom_funcs_lookup
                0x10003618       0x44 CMakeFiles/carrier_receiver_baseband.dir/C_/Users/User/.pico-sdk/sdk/2.1.1/src/rp2_common/pico_bootrom/bootrom.c.obj
                0x10003618                rom_funcs_lookup
 .text.rom_reset_usb_boot_extra
                0x1000365c       0x24 CMakeFiles/carrier_receiver_baseband.dir/C_/Users/User/.pico-sdk/sdk/2.1.1/src/rp2_common/pico_bootrom/bootrom.c.obj
                0x1000365c                rom_reset_usb_boot_extra
 .text.xosc_init
                0x10003680       0x28 CMakeFiles/carrier_receiver_baseband.dir/C_/Users/User/.pico-sdk/sdk/2.1.1/src/rp2_common/hardware_xosc/xosc.c.obj
                0x10003680                xosc_init
 .text.first_per_core_initializer
                0x100036a8        0x4 CMakeFiles/carrier_receiver_baseband.dir/C_/Users/User/.pico-sdk/sdk/2.1.1/src/rp2_common/pico_runtime/runtime.c.obj
 .text.hard_assertion_failure
                0x100036ac        0xc CMakeFiles/carrier_receiver_baseband.dir/C_/Users/User/.pico-sdk/sdk/2.1.1/src/rp2_common/pico_runtime/runtime.c.obj
                0x100036ac                hard_assertion_failure
 .text.runtime_run_initializers
                0x100036b8       0x28 CMakeFiles/carrier_receiver_baseband.dir/C_/Users/User/.pico-sdk/sdk/2.1.1/src/rp2_common/pico_runtime/runtime.c.obj
                0x100036b8                runtime_run_initializers
 .text.runtime_init_early_resets
                0x100036e0       0x2c CMakeFiles/carrier_receiver_baseband.dir/C_/Users/User/.pico-sdk/sdk/2.1.1/src/rp2_common/pico_runtime_init/runtime_init.c.obj
                0x100036e0                runtime_init_early_resets
 .text.runtime_init_usb_power_down
                0x1000370c       0x1c CMakeFiles/carrier_receiver_baseband.dir/C_/Users/User/.pico-sdk/sdk/2.1.1/src/rp2_common/pico_runtime_init/runtime_init.c.obj
                0x1000370c                runtime_init_usb_power_down
 .text.runtime_init_post_clock_resets
                0x10003728       0x20 CMakeFiles/carrier_receiver_baseband.dir/C_/Users/User/.pico-sdk/sdk/2.1.1/src/rp2_common/pico_runtime_init/runtime_init.c.obj
                0x10003728                runtime_init_post_clock_resets
 .text.runtime_init_rp2040_gpio_ie_disable
                0x10003748       0x14 CMakeFiles/carrier_receiver_baseband.dir/C_/Users/User/.pico-sdk/sdk/2.1.1/src/rp2_common/pico_runtime_init/runtime_init.c.obj
                0x10003748                runtime_init_rp2040_gpio_ie_disable
 .text.runtime_init_spin_locks_reset
                0x1000375c        0x8 CMakeFiles/carrier_receiver_baseband.dir/C_/Users/User/.pico-sdk/sdk/2.1.1/src/rp2_common/pico_runtime_init/runtime_init.c.obj
                0x1000375c                runtime_init_spin_locks_reset
 .text.runtime_init_install_ram_vector_table
                0x10003764       0x1c CMakeFiles/carrier_receiver_baseband.dir/C_/Users/User/.pico-sdk/sdk/2.1.1/src/rp2_common/pico_runtime_init/runtime_init.c.obj
                0x10003764                runtime_init_install_ram_vector_table
 .text.runtime_init_clocks
                0x10003780       0xd8 CMakeFiles/carrier_receiver_baseband.dir/C_/Users/User/.pico-sdk/sdk/2.1.1/src/rp2_common/pico_runtime_init/runtime_init_clocks.c.obj
                0x10003780                runtime_init_clocks
 .text          0x10003858       0x10 CMakeFiles/carrier_receiver_baseband.dir/C_/Users/User/.pico-sdk/sdk/2.1.1/src/rp2_common/pico_bit_ops/bit_ops_aeabi.S.obj
 .text.__wrap___aeabi_idiv
                0x10003868       0x50 CMakeFiles/carrier_receiver_baseband.dir/C_/Users/User/.pico-sdk/sdk/2.1.1/src/rp2_common/pico_divider/divider_hardware.S.obj
                0x10003868                __wrap___aeabi_idivmod
                0x10003868                divmod_s32s32
                0x10003868                div_s32s32
                0x10003868                __wrap___aeabi_idiv
                0x10003870                divmod_s32s32_unsafe
                0x1000389c                divmod_s32s32_savestate
 .text.__wrap___aeabi_uidiv
                0x100038b8       0x4c CMakeFiles/carrier_receiver_baseband.dir/C_/Users/User/.pico-sdk/sdk/2.1.1/src/rp2_common/pico_divider/divider_hardware.S.obj
                0x100038b8                __wrap___aeabi_uidiv
                0x100038b8                __wrap___aeabi_uidivmod
                0x100038b8                div_u32u32
                0x100038b8                divmod_u32u32
                0x100038c0                divmod_u32u32_unsafe
                0x100038e8                divmod_u32u32_savestate
 .text.__wrap___aeabi_ldiv
                0x10003904      0x424 CMakeFiles/carrier_receiver_baseband.dir/C_/Users/User/.pico-sdk/sdk/2.1.1/src/rp2_common/pico_divider/divider_hardware.S.obj
                0x10003904                div_s64s64
                0x10003904                divmod_s64s64
                0x10003904                __wrap___aeabi_ldivmod
                0x10003934                divmod_u64u64
                0x10003934                div_u64u64
                0x10003934                __wrap___aeabi_uldivmod
                0x10003944                divmod_u64u64_savestate
                0x10003964                divmod_s64s64_unsafe
                0x100039ec                divmod_u64u64_unsafe
 .text.push_r8_r11
                0x10003d28        0xc CMakeFiles/carrier_receiver_baseband.dir/C_/Users/User/.pico-sdk/sdk/2.1.1/src/rp2_common/pico_double/double_aeabi_rp2040.S.obj
                0x10003d28                push_r8_r11
 .text.pop_r8_r11
                0x10003d34        0xc CMakeFiles/carrier_receiver_baseband.dir/C_/Users/User/.pico-sdk/sdk/2.1.1/src/rp2_common/pico_double/double_aeabi_rp2040.S.obj
                0x10003d34                pop_r8_r11
 .text.__wrap___aeabi_darithmetic
                0x10003d40       0x80 CMakeFiles/carrier_receiver_baseband.dir/C_/Users/User/.pico-sdk/sdk/2.1.1/src/rp2_common/pico_double/double_aeabi_rp2040.S.obj
                0x10003d40                __wrap___aeabi_drsub
                0x10003d46                __wrap___aeabi_dsub
                0x10003d58                __wrap___aeabi_dadd
                0x10003d6a                __wrap___aeabi_ddiv
                0x10003da6                __wrap___aeabi_dmul
 .text.__wrap___aeabi_cdcmple
                0x10003dc0       0x6c CMakeFiles/carrier_receiver_baseband.dir/C_/Users/User/.pico-sdk/sdk/2.1.1/src/rp2_common/pico_double/double_aeabi_rp2040.S.obj
                0x10003dc0                __wrap___aeabi_cdrcmple
                0x10003dd0                __wrap___aeabi_cdcmpeq
                0x10003dd0                __wrap___aeabi_cdcmple
 .text.__wrap___aeabi_dcmplt
                0x10003e2c        0xc CMakeFiles/carrier_receiver_baseband.dir/C_/Users/User/.pico-sdk/sdk/2.1.1/src/rp2_common/pico_double/double_aeabi_rp2040.S.obj
                0x10003e2c                __wrap___aeabi_dcmplt
 .text.__wrap___aeabi_dcmple
                0x10003e38       0x10 CMakeFiles/carrier_receiver_baseband.dir/C_/Users/User/.pico-sdk/sdk/2.1.1/src/rp2_common/pico_double/double_aeabi_rp2040.S.obj
                0x10003e38                __wrap___aeabi_dcmple
 .text.__wrap___aeabi_dcmpge
                0x10003e48       0x10 CMakeFiles/carrier_receiver_baseband.dir/C_/Users/User/.pico-sdk/sdk/2.1.1/src/rp2_common/pico_double/double_aeabi_rp2040.S.obj
                0x10003e48                __wrap___aeabi_dcmpge
 .text.__wrap___aeabi_dcmpgt
                0x10003e58        0xa CMakeFiles/carrier_receiver_baseband.dir/C_/Users/User/.pico-sdk/sdk/2.1.1/src/rp2_common/pico_double/double_aeabi_rp2040.S.obj
                0x10003e58                __wrap___aeabi_dcmpgt
 .text.__wrap___aeabi_dcmpun
                0x10003e62       0x18 CMakeFiles/carrier_receiver_baseband.dir/C_/Users/User/.pico-sdk/sdk/2.1.1/src/rp2_common/pico_double/double_aeabi_rp2040.S.obj
                0x10003e62                __wrap___aeabi_dcmpun
 *fill*         0x10003e7a        0x2 
 .text.__wrap___aeabi_i2d
                0x10003e7c       0x38 CMakeFiles/carrier_receiver_baseband.dir/C_/Users/User/.pico-sdk/sdk/2.1.1/src/rp2_common/pico_double/double_aeabi_rp2040.S.obj
                0x10003e7c                uint2double
                0x10003e7c                __wrap___aeabi_ui2d
                0x10003e84                int2double
                0x10003e84                __wrap___aeabi_i2d
 .text.__wrap___aeabi_d2iz
                0x10003eb4       0x48 CMakeFiles/carrier_receiver_baseband.dir/C_/Users/User/.pico-sdk/sdk/2.1.1/src/rp2_common/pico_double/double_aeabi_rp2040.S.obj
                0x10003eb4                double2int_z
                0x10003eb4                __wrap___aeabi_d2iz
 .text.__wrap___aeabi_d2uiz
                0x10003efc       0x18 CMakeFiles/carrier_receiver_baseband.dir/C_/Users/User/.pico-sdk/sdk/2.1.1/src/rp2_common/pico_double/double_aeabi_rp2040.S.obj
                0x10003efc                double2uint
                0x10003efc                __wrap___aeabi_d2uiz
                0x10003efc                double2uint_z
 .text.fix642double
                0x10003f14       0x18 CMakeFiles/carrier_receiver_baseband.dir/C_/Users/User/.pico-sdk/sdk/2.1.1/src/rp2_common/pico_double/double_aeabi_rp2040.S.obj
                0x10003f14                fix642double
 .text.__wrap_srqt
                0x10003f2c       0x18 CMakeFiles/carrier_receiver_baseband.dir/C_/Users/User/.pico-sdk/sdk/2.1.1/src/rp2_common/pico_double/double_aeabi_rp2040.S.obj
                0x10003f2c                __wrap_sqrt
 .text.__wrap_sincostan_remainder
                0x10003f44       0x14 CMakeFiles/carrier_receiver_baseband.dir/C_/Users/User/.pico-sdk/sdk/2.1.1/src/rp2_common/pico_double/double_aeabi_rp2040.S.obj
                0x10003f44                sincostan_remainder
 .text.__wrap_cos
                0x10003f58       0x2c CMakeFiles/carrier_receiver_baseband.dir/C_/Users/User/.pico-sdk/sdk/2.1.1/src/rp2_common/pico_double/double_aeabi_rp2040.S.obj
                0x10003f58                __wrap_cos
 .text.__wrap_log
                0x10003f84       0x18 CMakeFiles/carrier_receiver_baseband.dir/C_/Users/User/.pico-sdk/sdk/2.1.1/src/rp2_common/pico_double/double_aeabi_rp2040.S.obj
                0x10003f84                __wrap_log
 .text.__aeabi_double_init
                0x10003f9c       0xa4 CMakeFiles/carrier_receiver_baseband.dir/C_/Users/User/.pico-sdk/sdk/2.1.1/src/rp2_common/pico_double/double_init_rom_rp2040.c.obj
                0x10003f9c                __aeabi_double_init
 .text.__wrap_round
                0x10004040       0x9c CMakeFiles/carrier_receiver_baseband.dir/C_/Users/User/.pico-sdk/sdk/2.1.1/src/rp2_common/pico_double/double_math.c.obj
                0x10004040                __wrap_round
 .text.__wrap_floor
                0x100040dc       0xb4 CMakeFiles/carrier_receiver_baseband.dir/C_/Users/User/.pico-sdk/sdk/2.1.1/src/rp2_common/pico_double/double_math.c.obj
                0x100040dc                __wrap_floor
 .text.__wrap_remquo
                0x10004190      0x2a0 CMakeFiles/carrier_receiver_baseband.dir/C_/Users/User/.pico-sdk/sdk/2.1.1/src/rp2_common/pico_double/double_math.c.obj
                0x10004190                __wrap_remquo
 .text.__wrap_remainder
                0x10004430       0x10 CMakeFiles/carrier_receiver_baseband.dir/C_/Users/User/.pico-sdk/sdk/2.1.1/src/rp2_common/pico_double/double_math.c.obj
                0x10004430                __wrap_remainder
 .text.double_table_shim_on_use_helper
                0x10004440       0x2c CMakeFiles/carrier_receiver_baseband.dir/C_/Users/User/.pico-sdk/sdk/2.1.1/src/rp2_common/pico_double/double_v1_rom_shim_rp2040.S.obj
                0x10004440                double_table_shim_on_use_helper
 .text.__wrap___aeabi_dsub
                0x1000446c       0x10 CMakeFiles/carrier_receiver_baseband.dir/C_/Users/User/.pico-sdk/sdk/2.1.1/src/rp2_common/pico_double/double_v1_rom_shim_rp2040.S.obj
                0x1000446c                drsub_shim
                0x10004472                dsub_shim
 .text.dadd_shim
                0x1000447c      0x15c CMakeFiles/carrier_receiver_baseband.dir/C_/Users/User/.pico-sdk/sdk/2.1.1/src/rp2_common/pico_double/double_v1_rom_shim_rp2040.S.obj
                0x1000447c                dadd_shim
 .text.dmul_shim
                0x100045d8      0x15c CMakeFiles/carrier_receiver_baseband.dir/C_/Users/User/.pico-sdk/sdk/2.1.1/src/rp2_common/pico_double/double_v1_rom_shim_rp2040.S.obj
                0x100045d8                dmul_shim
 .text.ddiv_shim
                0x10004734      0x1b0 CMakeFiles/carrier_receiver_baseband.dir/C_/Users/User/.pico-sdk/sdk/2.1.1/src/rp2_common/pico_double/double_v1_rom_shim_rp2040.S.obj
                0x10004734                ddiv_shim
 .text.dsqrt_shim
                0x100048e4      0x1a8 CMakeFiles/carrier_receiver_baseband.dir/C_/Users/User/.pico-sdk/sdk/2.1.1/src/rp2_common/pico_double/double_v1_rom_shim_rp2040.S.obj
                0x10004900                dsqrt_shim
 .text.dcordic_vec_step
                0x10004a8c        0xe CMakeFiles/carrier_receiver_baseband.dir/C_/Users/User/.pico-sdk/sdk/2.1.1/src/rp2_common/pico_double/double_v1_rom_shim_rp2040.S.obj
                0x10004a8c                dcordic_vec_step
 .text.dcordic_rot_step
                0x10004a9a       0x76 CMakeFiles/carrier_receiver_baseband.dir/C_/Users/User/.pico-sdk/sdk/2.1.1/src/rp2_common/pico_double/double_v1_rom_shim_rp2040.S.obj
                0x10004a9a                dcordic_rot_step
 .text.double2uint_shim
                0x10004b10        0xe CMakeFiles/carrier_receiver_baseband.dir/C_/Users/User/.pico-sdk/sdk/2.1.1/src/rp2_common/pico_double/double_v1_rom_shim_rp2040.S.obj
                0x10004b10                double2uint_shim
                0x10004b12                double2ufix_shim
 .text.double2int64_shim
                0x10004b1e       0x1a CMakeFiles/carrier_receiver_baseband.dir/C_/Users/User/.pico-sdk/sdk/2.1.1/src/rp2_common/pico_double/double_v1_rom_shim_rp2040.S.obj
                0x10004b1e                double2int64_shim
                0x10004b20                double2fix64_shim
 .text.double2uint64_shim
                0x10004b38       0x70 CMakeFiles/carrier_receiver_baseband.dir/C_/Users/User/.pico-sdk/sdk/2.1.1/src/rp2_common/pico_double/double_v1_rom_shim_rp2040.S.obj
                0x10004b38                double2uint64_shim
                0x10004b3a                double2ufix64_shim
                0x10004b5a                d2fix_a
 .text.x2double_shims
                0x10004ba8       0x90 CMakeFiles/carrier_receiver_baseband.dir/C_/Users/User/.pico-sdk/sdk/2.1.1/src/rp2_common/pico_double/double_v1_rom_shim_rp2040.S.obj
                0x10004ba8                uint2double_shim
                0x10004baa                ufix2double_shim
                0x10004bb0                int2double_shim
                0x10004bb2                fix2double_shim
                0x10004bb8                uint642double_shim
                0x10004bba                ufix642double_shim
                0x10004bc0                int642double_shim
                0x10004bc2                fix642double_shim
 .text.dunpacks
                0x10004c38       0x3c CMakeFiles/carrier_receiver_baseband.dir/C_/Users/User/.pico-sdk/sdk/2.1.1/src/rp2_common/pico_double/double_v1_rom_shim_rp2040.S.obj
                0x10004c38                dunpacks
 .text.dreduce  0x10004c74       0x82 CMakeFiles/carrier_receiver_baseband.dir/C_/Users/User/.pico-sdk/sdk/2.1.1/src/rp2_common/pico_double/double_v1_rom_shim_rp2040.S.obj
                0x10004c74                dreduce
 .text.dcos_shim
                0x10004cf6       0x10 CMakeFiles/carrier_receiver_baseband.dir/C_/Users/User/.pico-sdk/sdk/2.1.1/src/rp2_common/pico_double/double_v1_rom_shim_rp2040.S.obj
                0x10004cf6                dcos_shim
 .text.dsin_shim
                0x10004d06       0x14 CMakeFiles/carrier_receiver_baseband.dir/C_/Users/User/.pico-sdk/sdk/2.1.1/src/rp2_common/pico_double/double_v1_rom_shim_rp2040.S.obj
                0x10004d06                dsin_shim
 *fill*         0x10004d1a        0x2 
 .text.dtrig_guts
                0x10004d1c      0x2ec CMakeFiles/carrier_receiver_baseband.dir/C_/Users/User/.pico-sdk/sdk/2.1.1/src/rp2_common/pico_double/double_v1_rom_shim_rp2040.S.obj
                0x10004df4                datan2_shim
 .text.dexp_guts
                0x10005008      0x268 CMakeFiles/carrier_receiver_baseband.dir/C_/Users/User/.pico-sdk/sdk/2.1.1/src/rp2_common/pico_double/double_v1_rom_shim_rp2040.S.obj
                0x10005008                dexp_shim
                0x100050a4                dln_shim
 .text.__aeabi_lmul
                0x10005270       0x32 CMakeFiles/carrier_receiver_baseband.dir/C_/Users/User/.pico-sdk/sdk/2.1.1/src/rp2_common/pico_int64_ops/pico_int64_ops_aeabi.S.obj
                0x10005270                __wrap___aeabi_lmul
 *fill*         0x100052a2        0x2 
 .text.__aeabi_float_init
                0x100052a4       0x64 CMakeFiles/carrier_receiver_baseband.dir/C_/Users/User/.pico-sdk/sdk/2.1.1/src/rp2_common/pico_float/float_init_rom_rp2040.c.obj
                0x100052a4                __aeabi_float_init
 .text.float_table_shim_on_use_helper
                0x10005308       0x2c CMakeFiles/carrier_receiver_baseband.dir/C_/Users/User/.pico-sdk/sdk/2.1.1/src/rp2_common/pico_float/float_v1_rom_shim_rp2040.S.obj
                0x10005308                float_table_shim_on_use_helper
 .text.__wrap_calloc
                0x10005334       0x28 CMakeFiles/carrier_receiver_baseband.dir/C_/Users/User/.pico-sdk/sdk/2.1.1/src/rp2_common/pico_malloc/malloc.c.obj
                0x10005334                __wrap_calloc
 .text          0x1000535c       0x10 CMakeFiles/carrier_receiver_baseband.dir/C_/Users/User/.pico-sdk/sdk/2.1.1/src/rp2_common/pico_mem_ops/mem_ops_aeabi.S.obj
                0x1000535c                __aeabi_mem_init
 .text.memset   0x1000536c        0xc CMakeFiles/carrier_receiver_baseband.dir/C_/Users/User/.pico-sdk/sdk/2.1.1/src/rp2_common/pico_mem_ops/mem_ops_aeabi.S.obj
                0x1000536c                __wrap_memset
 .text.memcpy   0x10005378        0xc CMakeFiles/carrier_receiver_baseband.dir/C_/Users/User/.pico-sdk/sdk/2.1.1/src/rp2_common/pico_mem_ops/mem_ops_aeabi.S.obj
                0x10005378                __wrap_memcpy
                0x10005378                __wrap___aeabi_memcpy
 .text._out_null
                0x10005384        0x4 CMakeFiles/carrier_receiver_baseband.dir/C_/Users/User/.pico-sdk/sdk/2.1.1/src/rp2_common/pico_printf/printf.c.obj
 .text._out_rev
                0x10005388       0xac CMakeFiles/carrier_receiver_baseband.dir/C_/Users/User/.pico-sdk/sdk/2.1.1/src/rp2_common/pico_printf/printf.c.obj
 .text._ntoa_format
                0x10005434      0x1cc CMakeFiles/carrier_receiver_baseband.dir/C_/Users/User/.pico-sdk/sdk/2.1.1/src/rp2_common/pico_printf/printf.c.obj
 .text._out_char
                0x10005600       0x10 CMakeFiles/carrier_receiver_baseband.dir/C_/Users/User/.pico-sdk/sdk/2.1.1/src/rp2_common/pico_printf/printf.c.obj
 .text._out_fct
                0x10005610       0x10 CMakeFiles/carrier_receiver_baseband.dir/C_/Users/User/.pico-sdk/sdk/2.1.1/src/rp2_common/pico_printf/printf.c.obj
 .text._ftoa    0x10005620      0x4a8 CMakeFiles/carrier_receiver_baseband.dir/C_/Users/User/.pico-sdk/sdk/2.1.1/src/rp2_common/pico_printf/printf.c.obj
 .text._etoa    0x10005ac8      0x57c CMakeFiles/carrier_receiver_baseband.dir/C_/Users/User/.pico-sdk/sdk/2.1.1/src/rp2_common/pico_printf/printf.c.obj
 .text._vsnprintf
                0x10006044      0xbe0 CMakeFiles/carrier_receiver_baseband.dir/C_/Users/User/.pico-sdk/sdk/2.1.1/src/rp2_common/pico_printf/printf.c.obj
 .text.vfctprintf
                0x10006c24       0x24 CMakeFiles/carrier_receiver_baseband.dir/C_/Users/User/.pico-sdk/sdk/2.1.1/src/rp2_common/pico_printf/printf.c.obj
                0x10006c24                vfctprintf
 .text.weak_raw_vprintf
                0x10006c48       0x30 CMakeFiles/carrier_receiver_baseband.dir/C_/Users/User/.pico-sdk/sdk/2.1.1/src/rp2_common/pico_printf/printf.c.obj
                0x10006c48                weak_raw_vprintf
 .text._exit    0x10006c78        0x4 CMakeFiles/carrier_receiver_baseband.dir/C_/Users/User/.pico-sdk/sdk/2.1.1/src/rp2_common/pico_clib_interface/newlib_interface.c.obj
                0x10006c78                _exit
 .text._sbrk    0x10006c7c       0x34 CMakeFiles/carrier_receiver_baseband.dir/C_/Users/User/.pico-sdk/sdk/2.1.1/src/rp2_common/pico_clib_interface/newlib_interface.c.obj
                0x10006c7c                _sbrk
 .text.exit     0x10006cb0        0x8 CMakeFiles/carrier_receiver_baseband.dir/C_/Users/User/.pico-sdk/sdk/2.1.1/src/rp2_common/pico_clib_interface/newlib_interface.c.obj
                0x10006cb0                exit
 .text.runtime_init
                0x10006cb8       0x2c CMakeFiles/carrier_receiver_baseband.dir/C_/Users/User/.pico-sdk/sdk/2.1.1/src/rp2_common/pico_clib_interface/newlib_interface.c.obj
                0x10006cb8                runtime_init
 .text.stdio_out_chars_no_crlf
                0x10006ce4       0x10 CMakeFiles/carrier_receiver_baseband.dir/C_/Users/User/.pico-sdk/sdk/2.1.1/src/rp2_common/pico_stdio/stdio.c.obj
 .text.stdio_out_chars_crlf
                0x10006cf4       0xb0 CMakeFiles/carrier_receiver_baseband.dir/C_/Users/User/.pico-sdk/sdk/2.1.1/src/rp2_common/pico_stdio/stdio.c.obj
 .text.stdio_buffered_printer
                0x10006da4       0x64 CMakeFiles/carrier_receiver_baseband.dir/C_/Users/User/.pico-sdk/sdk/2.1.1/src/rp2_common/pico_stdio/stdio.c.obj
 .text.stdio_put_string
                0x10006e08       0xfc CMakeFiles/carrier_receiver_baseband.dir/C_/Users/User/.pico-sdk/sdk/2.1.1/src/rp2_common/pico_stdio/stdio.c.obj
                0x10006e08                stdio_put_string
 .text.stdio_set_driver_enabled
                0x10006f04       0x30 CMakeFiles/carrier_receiver_baseband.dir/C_/Users/User/.pico-sdk/sdk/2.1.1/src/rp2_common/pico_stdio/stdio.c.obj
                0x10006f04                stdio_set_driver_enabled
 .text.stdio_init_all
                0x10006f34        0x8 CMakeFiles/carrier_receiver_baseband.dir/C_/Users/User/.pico-sdk/sdk/2.1.1/src/rp2_common/pico_stdio/stdio.c.obj
                0x10006f34                stdio_init_all
 .text.__wrap_putchar
                0x10006f3c       0x94 CMakeFiles/carrier_receiver_baseband.dir/C_/Users/User/.pico-sdk/sdk/2.1.1/src/rp2_common/pico_stdio/stdio.c.obj
                0x10006f3c                __wrap_putchar
                0x10006f3c                stdio_putchar
 .text.__wrap_puts
                0x10006fd0       0x3c CMakeFiles/carrier_receiver_baseband.dir/C_/Users/User/.pico-sdk/sdk/2.1.1/src/rp2_common/pico_stdio/stdio.c.obj
                0x10006fd0                stdio_puts
                0x10006fd0                __wrap_puts
 .text.__wrap_vprintf
                0x1000700c       0xcc CMakeFiles/carrier_receiver_baseband.dir/C_/Users/User/.pico-sdk/sdk/2.1.1/src/rp2_common/pico_stdio/stdio.c.obj
                0x1000700c                stdio_vprintf
                0x1000700c                __wrap_vprintf
 .text.__wrap_printf
                0x100070d8       0x18 CMakeFiles/carrier_receiver_baseband.dir/C_/Users/User/.pico-sdk/sdk/2.1.1/src/rp2_common/pico_stdio/stdio.c.obj
                0x100070d8                __wrap_printf
                0x100070d8                stdio_printf
 .text.resetd_init
                0x100070f0        0x4 CMakeFiles/carrier_receiver_baseband.dir/C_/Users/User/.pico-sdk/sdk/2.1.1/src/rp2_common/pico_stdio_usb/reset_interface.c.obj
 .text.resetd_reset
                0x100070f4        0xc CMakeFiles/carrier_receiver_baseband.dir/C_/Users/User/.pico-sdk/sdk/2.1.1/src/rp2_common/pico_stdio_usb/reset_interface.c.obj
 .text.resetd_open
                0x10007100       0x28 CMakeFiles/carrier_receiver_baseband.dir/C_/Users/User/.pico-sdk/sdk/2.1.1/src/rp2_common/pico_stdio_usb/reset_interface.c.obj
 .text.resetd_xfer_cb
                0x10007128        0x4 CMakeFiles/carrier_receiver_baseband.dir/C_/Users/User/.pico-sdk/sdk/2.1.1/src/rp2_common/pico_stdio_usb/reset_interface.c.obj
 .text.resetd_control_xfer_cb
                0x1000712c       0x54 CMakeFiles/carrier_receiver_baseband.dir/C_/Users/User/.pico-sdk/sdk/2.1.1/src/rp2_common/pico_stdio_usb/reset_interface.c.obj
 .text.tud_descriptor_bos_cb
                0x10007180        0x8 CMakeFiles/carrier_receiver_baseband.dir/C_/Users/User/.pico-sdk/sdk/2.1.1/src/rp2_common/pico_stdio_usb/reset_interface.c.obj
                0x10007180                tud_descriptor_bos_cb
 .text.tud_vendor_control_xfer_cb
                0x10007188       0x34 CMakeFiles/carrier_receiver_baseband.dir/C_/Users/User/.pico-sdk/sdk/2.1.1/src/rp2_common/pico_stdio_usb/reset_interface.c.obj
                0x10007188                tud_vendor_control_xfer_cb
 .text.usbd_app_driver_get_cb
                0x100071bc        0xc CMakeFiles/carrier_receiver_baseband.dir/C_/Users/User/.pico-sdk/sdk/2.1.1/src/rp2_common/pico_stdio_usb/reset_interface.c.obj
                0x100071bc                usbd_app_driver_get_cb
 .text.tud_cdc_line_coding_cb
                0x100071c8       0x2c CMakeFiles/carrier_receiver_baseband.dir/C_/Users/User/.pico-sdk/sdk/2.1.1/src/rp2_common/pico_stdio_usb/reset_interface.c.obj
                0x100071c8                tud_cdc_line_coding_cb
 .text.stdio_usb_set_chars_available_callback
                0x100071f4       0x14 CMakeFiles/carrier_receiver_baseband.dir/C_/Users/User/.pico-sdk/sdk/2.1.1/src/rp2_common/pico_stdio_usb/stdio_usb.c.obj
                0x100071f4                stdio_usb_set_chars_available_callback
 .text.usb_irq  0x10007208       0x10 CMakeFiles/carrier_receiver_baseband.dir/C_/Users/User/.pico-sdk/sdk/2.1.1/src/rp2_common/pico_stdio_usb/stdio_usb.c.obj
 .text.timer_task
                0x10007218       0x64 CMakeFiles/carrier_receiver_baseband.dir/C_/Users/User/.pico-sdk/sdk/2.1.1/src/rp2_common/pico_stdio_usb/stdio_usb.c.obj
 .text.stdio_usb_in_chars
                0x1000727c       0x8c CMakeFiles/carrier_receiver_baseband.dir/C_/Users/User/.pico-sdk/sdk/2.1.1/src/rp2_common/pico_stdio_usb/stdio_usb.c.obj
                0x1000727c                stdio_usb_in_chars
 .text.stdio_usb_out_flush
                0x10007308       0x4c CMakeFiles/carrier_receiver_baseband.dir/C_/Users/User/.pico-sdk/sdk/2.1.1/src/rp2_common/pico_stdio_usb/stdio_usb.c.obj
 .text.stdio_usb_out_chars
                0x10007354      0x100 CMakeFiles/carrier_receiver_baseband.dir/C_/Users/User/.pico-sdk/sdk/2.1.1/src/rp2_common/pico_stdio_usb/stdio_usb.c.obj
 .text.low_priority_worker_irq
                0x10007454       0xc8 CMakeFiles/carrier_receiver_baseband.dir/C_/Users/User/.pico-sdk/sdk/2.1.1/src/rp2_common/pico_stdio_usb/stdio_usb.c.obj
 .text.stdio_usb_init
                0x1000751c       0xe8 CMakeFiles/carrier_receiver_baseband.dir/C_/Users/User/.pico-sdk/sdk/2.1.1/src/rp2_common/pico_stdio_usb/stdio_usb.c.obj
                0x1000751c                stdio_usb_init
 .text.tud_descriptor_device_cb
                0x10007604        0x8 CMakeFiles/carrier_receiver_baseband.dir/C_/Users/User/.pico-sdk/sdk/2.1.1/src/rp2_common/pico_stdio_usb/stdio_usb_descriptors.c.obj
                0x10007604                tud_descriptor_device_cb
 .text.tud_descriptor_configuration_cb
                0x1000760c        0x8 CMakeFiles/carrier_receiver_baseband.dir/C_/Users/User/.pico-sdk/sdk/2.1.1/src/rp2_common/pico_stdio_usb/stdio_usb_descriptors.c.obj
                0x1000760c                tud_descriptor_configuration_cb
 .text.tud_descriptor_string_cb
                0x10007614       0x78 CMakeFiles/carrier_receiver_baseband.dir/C_/Users/User/.pico-sdk/sdk/2.1.1/src/rp2_common/pico_stdio_usb/stdio_usb_descriptors.c.obj
                0x10007614                tud_descriptor_string_cb
 .text.startup._retrieve_unique_id_on_boot
                0x1000768c       0x10 CMakeFiles/carrier_receiver_baseband.dir/C_/Users/User/.pico-sdk/sdk/2.1.1/src/rp2_common/pico_unique_id/unique_id.c.obj
 .text.pico_get_unique_board_id_string
                0x1000769c      0x1a8 CMakeFiles/carrier_receiver_baseband.dir/C_/Users/User/.pico-sdk/sdk/2.1.1/src/rp2_common/pico_unique_id/unique_id.c.obj
                0x1000769c                pico_get_unique_board_id_string
 .text.flash_get_unique_id
                0x10007844       0x3c CMakeFiles/carrier_receiver_baseband.dir/C_/Users/User/.pico-sdk/sdk/2.1.1/src/rp2_common/hardware_flash/flash.c.obj
                0x10007844                flash_get_unique_id
 .text.dcd_init
                0x10007880       0x90 CMakeFiles/carrier_receiver_baseband.dir/C_/Users/User/.pico-sdk/sdk/2.1.1/lib/tinyusb/src/portable/raspberrypi/rp2040/dcd_rp2040.c.obj
                0x10007880                dcd_init
 .text.dcd_int_enable
                0x10007910        0xc CMakeFiles/carrier_receiver_baseband.dir/C_/Users/User/.pico-sdk/sdk/2.1.1/lib/tinyusb/src/portable/raspberrypi/rp2040/dcd_rp2040.c.obj
                0x10007910                dcd_int_enable
 .text.dcd_set_address
                0x1000791c       0x14 CMakeFiles/carrier_receiver_baseband.dir/C_/Users/User/.pico-sdk/sdk/2.1.1/lib/tinyusb/src/portable/raspberrypi/rp2040/dcd_rp2040.c.obj
                0x1000791c                dcd_set_address
 .text.dcd_sof_enable
                0x10007930       0x1c CMakeFiles/carrier_receiver_baseband.dir/C_/Users/User/.pico-sdk/sdk/2.1.1/lib/tinyusb/src/portable/raspberrypi/rp2040/dcd_rp2040.c.obj
                0x10007930                dcd_sof_enable
 .text.dcd_edpt0_status_complete
                0x1000794c       0x1c CMakeFiles/carrier_receiver_baseband.dir/C_/Users/User/.pico-sdk/sdk/2.1.1/lib/tinyusb/src/portable/raspberrypi/rp2040/dcd_rp2040.c.obj
                0x1000794c                dcd_edpt0_status_complete
 .text.dcd_edpt_open
                0x10007968      0x114 CMakeFiles/carrier_receiver_baseband.dir/C_/Users/User/.pico-sdk/sdk/2.1.1/lib/tinyusb/src/portable/raspberrypi/rp2040/dcd_rp2040.c.obj
                0x10007968                dcd_edpt_open
 .text.dcd_edpt_close_all
                0x10007a7c        0x8 CMakeFiles/carrier_receiver_baseband.dir/C_/Users/User/.pico-sdk/sdk/2.1.1/lib/tinyusb/src/portable/raspberrypi/rp2040/dcd_rp2040.c.obj
                0x10007a7c                dcd_edpt_close_all
 .text.dcd_edpt_xfer
                0x10007a84       0x24 CMakeFiles/carrier_receiver_baseband.dir/C_/Users/User/.pico-sdk/sdk/2.1.1/lib/tinyusb/src/portable/raspberrypi/rp2040/dcd_rp2040.c.obj
                0x10007a84                dcd_edpt_xfer
 .text.dcd_edpt_stall
                0x10007aa8       0x3c CMakeFiles/carrier_receiver_baseband.dir/C_/Users/User/.pico-sdk/sdk/2.1.1/lib/tinyusb/src/portable/raspberrypi/rp2040/dcd_rp2040.c.obj
                0x10007aa8                dcd_edpt_stall
 .text.dcd_edpt_clear_stall
                0x10007ae4       0x30 CMakeFiles/carrier_receiver_baseband.dir/C_/Users/User/.pico-sdk/sdk/2.1.1/lib/tinyusb/src/portable/raspberrypi/rp2040/dcd_rp2040.c.obj
                0x10007ae4                dcd_edpt_clear_stall
 .text.rp2040_usb_init
                0x10007b14       0x40 CMakeFiles/carrier_receiver_baseband.dir/C_/Users/User/.pico-sdk/sdk/2.1.1/lib/tinyusb/src/portable/raspberrypi/rp2040/rp2040_usb.c.obj
                0x10007b14                rp2040_usb_init
 .text.hw_endpoint_xfer_start
                0x10007b54       0x40 CMakeFiles/carrier_receiver_baseband.dir/C_/Users/User/.pico-sdk/sdk/2.1.1/lib/tinyusb/src/portable/raspberrypi/rp2040/rp2040_usb.c.obj
                0x10007b54                hw_endpoint_xfer_start
 .text.tud_event_hook_cb
                0x10007b94        0x4 CMakeFiles/carrier_receiver_baseband.dir/C_/Users/User/.pico-sdk/sdk/2.1.1/lib/tinyusb/src/device/usbd.c.obj
                0x10007b94                tud_event_hook_cb
 .text.tud_sof_cb
                0x10007b98        0x4 CMakeFiles/carrier_receiver_baseband.dir/C_/Users/User/.pico-sdk/sdk/2.1.1/lib/tinyusb/src/device/usbd.c.obj
                0x10007b98                tud_sof_cb
 .text.tud_descriptor_device_qualifier_cb
                0x10007b9c        0x4 CMakeFiles/carrier_receiver_baseband.dir/C_/Users/User/.pico-sdk/sdk/2.1.1/lib/tinyusb/src/device/usbd.c.obj
                0x10007b9c                tud_descriptor_device_qualifier_cb
 .text.tud_descriptor_other_speed_configuration_cb
                0x10007ba0        0x4 CMakeFiles/carrier_receiver_baseband.dir/C_/Users/User/.pico-sdk/sdk/2.1.1/lib/tinyusb/src/device/usbd.c.obj
                0x10007ba0                tud_descriptor_other_speed_configuration_cb
 .text.tud_mount_cb
                0x10007ba4        0x4 CMakeFiles/carrier_receiver_baseband.dir/C_/Users/User/.pico-sdk/sdk/2.1.1/lib/tinyusb/src/device/usbd.c.obj
                0x10007ba4                tud_mount_cb
 .text.tud_umount_cb
                0x10007ba8        0x4 CMakeFiles/carrier_receiver_baseband.dir/C_/Users/User/.pico-sdk/sdk/2.1.1/lib/tinyusb/src/device/usbd.c.obj
                0x10007ba8                tud_umount_cb
 .text.tud_suspend_cb
                0x10007bac        0x4 CMakeFiles/carrier_receiver_baseband.dir/C_/Users/User/.pico-sdk/sdk/2.1.1/lib/tinyusb/src/device/usbd.c.obj
                0x10007bac                tud_suspend_cb
 .text.tud_resume_cb
                0x10007bb0        0x4 CMakeFiles/carrier_receiver_baseband.dir/C_/Users/User/.pico-sdk/sdk/2.1.1/lib/tinyusb/src/device/usbd.c.obj
                0x10007bb0                tud_resume_cb
 .text.tud_mounted
                0x10007bb4       0x10 CMakeFiles/carrier_receiver_baseband.dir/C_/Users/User/.pico-sdk/sdk/2.1.1/lib/tinyusb/src/device/usbd.c.obj
                0x10007bb4                tud_mounted
 .text.tud_suspended
                0x10007bc4       0x10 CMakeFiles/carrier_receiver_baseband.dir/C_/Users/User/.pico-sdk/sdk/2.1.1/lib/tinyusb/src/device/usbd.c.obj
                0x10007bc4                tud_suspended
 .text.tud_rhport_init
                0x10007bd4       0xf4 CMakeFiles/carrier_receiver_baseband.dir/C_/Users/User/.pico-sdk/sdk/2.1.1/lib/tinyusb/src/device/usbd.c.obj
                0x10007bd4                tud_rhport_init
 .text.tud_task_ext
                0x10007cc8      0x800 CMakeFiles/carrier_receiver_baseband.dir/C_/Users/User/.pico-sdk/sdk/2.1.1/lib/tinyusb/src/device/usbd.c.obj
                0x10007cc8                tud_task_ext
 .text.usbd_open_edpt_pair
                0x100084c8       0x9c CMakeFiles/carrier_receiver_baseband.dir/C_/Users/User/.pico-sdk/sdk/2.1.1/lib/tinyusb/src/device/usbd.c.obj
                0x100084c8                usbd_open_edpt_pair
 .text.usbd_edpt_open
                0x10008564       0x34 CMakeFiles/carrier_receiver_baseband.dir/C_/Users/User/.pico-sdk/sdk/2.1.1/lib/tinyusb/src/device/usbd.c.obj
                0x10008564                usbd_edpt_open
 .text.usbd_edpt_claim
                0x10008598       0x28 CMakeFiles/carrier_receiver_baseband.dir/C_/Users/User/.pico-sdk/sdk/2.1.1/lib/tinyusb/src/device/usbd.c.obj
                0x10008598                usbd_edpt_claim
 .text.usbd_edpt_release
                0x100085c0       0x28 CMakeFiles/carrier_receiver_baseband.dir/C_/Users/User/.pico-sdk/sdk/2.1.1/lib/tinyusb/src/device/usbd.c.obj
                0x100085c0                usbd_edpt_release
 .text.usbd_edpt_xfer
                0x100085e8       0x4c CMakeFiles/carrier_receiver_baseband.dir/C_/Users/User/.pico-sdk/sdk/2.1.1/lib/tinyusb/src/device/usbd.c.obj
                0x100085e8                usbd_edpt_xfer
 .text.tud_control_status
                0x10008634       0x2c CMakeFiles/carrier_receiver_baseband.dir/C_/Users/User/.pico-sdk/sdk/2.1.1/lib/tinyusb/src/device/usbd_control.c.obj
                0x10008634                tud_control_status
 .text.tud_control_xfer
                0x10008660       0xa8 CMakeFiles/carrier_receiver_baseband.dir/C_/Users/User/.pico-sdk/sdk/2.1.1/lib/tinyusb/src/device/usbd_control.c.obj
                0x10008660                tud_control_xfer
 .text.usbd_control_reset
                0x10008708       0x14 CMakeFiles/carrier_receiver_baseband.dir/C_/Users/User/.pico-sdk/sdk/2.1.1/lib/tinyusb/src/device/usbd_control.c.obj
                0x10008708                usbd_control_reset
 .text.usbd_control_set_complete_callback
                0x1000871c        0xc CMakeFiles/carrier_receiver_baseband.dir/C_/Users/User/.pico-sdk/sdk/2.1.1/lib/tinyusb/src/device/usbd_control.c.obj
                0x1000871c                usbd_control_set_complete_callback
 .text.usbd_control_set_request
                0x10008728       0x1c CMakeFiles/carrier_receiver_baseband.dir/C_/Users/User/.pico-sdk/sdk/2.1.1/lib/tinyusb/src/device/usbd_control.c.obj
                0x10008728                usbd_control_set_request
 .text.usbd_control_xfer_cb
                0x10008744       0xec CMakeFiles/carrier_receiver_baseband.dir/C_/Users/User/.pico-sdk/sdk/2.1.1/lib/tinyusb/src/device/usbd_control.c.obj
                0x10008744                usbd_control_xfer_cb
 .text._prep_out_transaction.isra.0
                0x10008830       0x6c CMakeFiles/carrier_receiver_baseband.dir/C_/Users/User/.pico-sdk/sdk/2.1.1/lib/tinyusb/src/class/cdc/cdc_device.c.obj
 .text.tud_cdc_n_connected
                0x1000889c       0x2c CMakeFiles/carrier_receiver_baseband.dir/C_/Users/User/.pico-sdk/sdk/2.1.1/lib/tinyusb/src/class/cdc/cdc_device.c.obj
                0x1000889c                tud_cdc_n_connected
 .text.tud_cdc_n_available
                0x100088c8       0x14 CMakeFiles/carrier_receiver_baseband.dir/C_/Users/User/.pico-sdk/sdk/2.1.1/lib/tinyusb/src/class/cdc/cdc_device.c.obj
                0x100088c8                tud_cdc_n_available
 .text.tud_cdc_n_read
                0x100088dc       0x88 CMakeFiles/carrier_receiver_baseband.dir/C_/Users/User/.pico-sdk/sdk/2.1.1/lib/tinyusb/src/class/cdc/cdc_device.c.obj
                0x100088dc                tud_cdc_n_read
 .text.tud_cdc_n_write_flush
                0x10008964       0x74 CMakeFiles/carrier_receiver_baseband.dir/C_/Users/User/.pico-sdk/sdk/2.1.1/lib/tinyusb/src/class/cdc/cdc_device.c.obj
                0x10008964                tud_cdc_n_write_flush
 .text.tud_cdc_n_write
                0x100089d8       0x40 CMakeFiles/carrier_receiver_baseband.dir/C_/Users/User/.pico-sdk/sdk/2.1.1/lib/tinyusb/src/class/cdc/cdc_device.c.obj
                0x100089d8                tud_cdc_n_write
 .text.tud_cdc_n_write_available
                0x10008a18       0x14 CMakeFiles/carrier_receiver_baseband.dir/C_/Users/User/.pico-sdk/sdk/2.1.1/lib/tinyusb/src/class/cdc/cdc_device.c.obj
                0x10008a18                tud_cdc_n_write_available
 .text.cdcd_init
                0x10008a2c       0x70 CMakeFiles/carrier_receiver_baseband.dir/C_/Users/User/.pico-sdk/sdk/2.1.1/lib/tinyusb/src/class/cdc/cdc_device.c.obj
                0x10008a2c                cdcd_init
 .text.cdcd_deinit
                0x10008a9c       0x30 CMakeFiles/carrier_receiver_baseband.dir/C_/Users/User/.pico-sdk/sdk/2.1.1/lib/tinyusb/src/class/cdc/cdc_device.c.obj
                0x10008a9c                cdcd_deinit
 .text.cdcd_reset
                0x10008acc       0x4c CMakeFiles/carrier_receiver_baseband.dir/C_/Users/User/.pico-sdk/sdk/2.1.1/lib/tinyusb/src/class/cdc/cdc_device.c.obj
                0x10008acc                cdcd_reset
 .text.cdcd_open
                0x10008b18       0xa4 CMakeFiles/carrier_receiver_baseband.dir/C_/Users/User/.pico-sdk/sdk/2.1.1/lib/tinyusb/src/class/cdc/cdc_device.c.obj
                0x10008b18                cdcd_open
 .text.cdcd_control_xfer_cb
                0x10008bbc       0xe8 CMakeFiles/carrier_receiver_baseband.dir/C_/Users/User/.pico-sdk/sdk/2.1.1/lib/tinyusb/src/class/cdc/cdc_device.c.obj
                0x10008bbc                cdcd_control_xfer_cb
 .text.cdcd_xfer_cb
                0x10008ca4      0x100 CMakeFiles/carrier_receiver_baseband.dir/C_/Users/User/.pico-sdk/sdk/2.1.1/lib/tinyusb/src/class/cdc/cdc_device.c.obj
                0x10008ca4                cdcd_xfer_cb
 .text.vendord_init
                0x10008da4       0x5c CMakeFiles/carrier_receiver_baseband.dir/C_/Users/User/.pico-sdk/sdk/2.1.1/lib/tinyusb/src/class/vendor/vendor_device.c.obj
                0x10008da4                vendord_init
 .text.vendord_deinit
                0x10008e00       0x1c CMakeFiles/carrier_receiver_baseband.dir/C_/Users/User/.pico-sdk/sdk/2.1.1/lib/tinyusb/src/class/vendor/vendor_device.c.obj
                0x10008e00                vendord_deinit
 .text.vendord_reset
                0x10008e1c       0x28 CMakeFiles/carrier_receiver_baseband.dir/C_/Users/User/.pico-sdk/sdk/2.1.1/lib/tinyusb/src/class/vendor/vendor_device.c.obj
                0x10008e1c                vendord_reset
 .text.vendord_open
                0x10008e44      0x120 CMakeFiles/carrier_receiver_baseband.dir/C_/Users/User/.pico-sdk/sdk/2.1.1/lib/tinyusb/src/class/vendor/vendor_device.c.obj
                0x10008e44                vendord_open
 .text.vendord_xfer_cb
                0x10008f64       0x9c CMakeFiles/carrier_receiver_baseband.dir/C_/Users/User/.pico-sdk/sdk/2.1.1/lib/tinyusb/src/class/vendor/vendor_device.c.obj
                0x10008f64                vendord_xfer_cb
 .text.tusb_rhport_init
                0x10009000       0x4c CMakeFiles/carrier_receiver_baseband.dir/C_/Users/User/.pico-sdk/sdk/2.1.1/lib/tinyusb/src/tusb.c.obj
                0x10009000                tusb_rhport_init
 .text.tu_edpt_claim
                0x1000904c       0x50 CMakeFiles/carrier_receiver_baseband.dir/C_/Users/User/.pico-sdk/sdk/2.1.1/lib/tinyusb/src/tusb.c.obj
                0x1000904c                tu_edpt_claim
 .text.tu_edpt_release
                0x1000909c       0x38 CMakeFiles/carrier_receiver_baseband.dir/C_/Users/User/.pico-sdk/sdk/2.1.1/lib/tinyusb/src/tusb.c.obj
                0x1000909c                tu_edpt_release
 .text.tu_edpt_validate
                0x100090d4       0x7c CMakeFiles/carrier_receiver_baseband.dir/C_/Users/User/.pico-sdk/sdk/2.1.1/lib/tinyusb/src/tusb.c.obj
                0x100090d4                tu_edpt_validate
 .text.tu_edpt_bind_driver
                0x10009150       0x34 CMakeFiles/carrier_receiver_baseband.dir/C_/Users/User/.pico-sdk/sdk/2.1.1/lib/tinyusb/src/tusb.c.obj
                0x10009150                tu_edpt_bind_driver
 .text.tu_edpt_stream_init
                0x10009184       0x6c CMakeFiles/carrier_receiver_baseband.dir/C_/Users/User/.pico-sdk/sdk/2.1.1/lib/tinyusb/src/tusb.c.obj
                0x10009184                tu_edpt_stream_init
 .text.tu_edpt_stream_deinit
                0x100091f0        0x4 CMakeFiles/carrier_receiver_baseband.dir/C_/Users/User/.pico-sdk/sdk/2.1.1/lib/tinyusb/src/tusb.c.obj
                0x100091f0                tu_edpt_stream_deinit
 .text.tu_edpt_stream_write_zlp_if_needed
                0x100091f4       0x68 CMakeFiles/carrier_receiver_baseband.dir/C_/Users/User/.pico-sdk/sdk/2.1.1/lib/tinyusb/src/tusb.c.obj
                0x100091f4                tu_edpt_stream_write_zlp_if_needed
 .text.tu_edpt_stream_write_xfer
                0x1000925c       0x68 CMakeFiles/carrier_receiver_baseband.dir/C_/Users/User/.pico-sdk/sdk/2.1.1/lib/tinyusb/src/tusb.c.obj
                0x1000925c                tu_edpt_stream_write_xfer
 .text.tu_edpt_stream_read_xfer
                0x100092c4       0xd8 CMakeFiles/carrier_receiver_baseband.dir/C_/Users/User/.pico-sdk/sdk/2.1.1/lib/tinyusb/src/tusb.c.obj
                0x100092c4                tu_edpt_stream_read_xfer
 .text.tu_fifo_config
                0x1000939c       0x6c CMakeFiles/carrier_receiver_baseband.dir/C_/Users/User/.pico-sdk/sdk/2.1.1/lib/tinyusb/src/common/tusb_fifo.c.obj
                0x1000939c                tu_fifo_config
 .text.tu_fifo_count
                0x10009408       0x2c CMakeFiles/carrier_receiver_baseband.dir/C_/Users/User/.pico-sdk/sdk/2.1.1/lib/tinyusb/src/common/tusb_fifo.c.obj
                0x10009408                tu_fifo_count
 .text.tu_fifo_empty
                0x10009434       0x10 CMakeFiles/carrier_receiver_baseband.dir/C_/Users/User/.pico-sdk/sdk/2.1.1/lib/tinyusb/src/common/tusb_fifo.c.obj
                0x10009434                tu_fifo_empty
 .text.tu_fifo_remaining
                0x10009444       0x2c CMakeFiles/carrier_receiver_baseband.dir/C_/Users/User/.pico-sdk/sdk/2.1.1/lib/tinyusb/src/common/tusb_fifo.c.obj
                0x10009444                tu_fifo_remaining
 .text.tu_fifo_read
                0x10009470       0x9c CMakeFiles/carrier_receiver_baseband.dir/C_/Users/User/.pico-sdk/sdk/2.1.1/lib/tinyusb/src/common/tusb_fifo.c.obj
                0x10009470                tu_fifo_read
 .text.tu_fifo_read_n
                0x1000950c       0xe8 CMakeFiles/carrier_receiver_baseband.dir/C_/Users/User/.pico-sdk/sdk/2.1.1/lib/tinyusb/src/common/tusb_fifo.c.obj
                0x1000950c                tu_fifo_read_n
 .text.tu_fifo_write
                0x100095f4       0xa4 CMakeFiles/carrier_receiver_baseband.dir/C_/Users/User/.pico-sdk/sdk/2.1.1/lib/tinyusb/src/common/tusb_fifo.c.obj
                0x100095f4                tu_fifo_write
 .text.tu_fifo_write_n
                0x10009698      0x178 CMakeFiles/carrier_receiver_baseband.dir/C_/Users/User/.pico-sdk/sdk/2.1.1/lib/tinyusb/src/common/tusb_fifo.c.obj
                0x10009698                tu_fifo_write_n
 .text.tu_fifo_clear
                0x10009810       0x40 CMakeFiles/carrier_receiver_baseband.dir/C_/Users/User/.pico-sdk/sdk/2.1.1/lib/tinyusb/src/common/tusb_fifo.c.obj
                0x10009810                tu_fifo_clear
 .text.tu_fifo_set_overwritable
                0x10009850       0x48 CMakeFiles/carrier_receiver_baseband.dir/C_/Users/User/.pico-sdk/sdk/2.1.1/lib/tinyusb/src/common/tusb_fifo.c.obj
                0x10009850                tu_fifo_set_overwritable
 .text.pio_add_program_at_offset
                0x10009898       0xb0 CMakeFiles/carrier_receiver_baseband.dir/C_/Users/User/.pico-sdk/sdk/2.1.1/src/rp2_common/hardware_pio/pio.c.obj
                0x10009898                pio_add_program_at_offset
 .text.pio_sm_set_consecutive_pindirs
                0x10009948       0xb4 CMakeFiles/carrier_receiver_baseband.dir/C_/Users/User/.pico-sdk/sdk/2.1.1/src/rp2_common/hardware_pio/pio.c.obj
                0x10009948                pio_sm_set_consecutive_pindirs
 .text.pio_sm_init
                0x100099fc       0x9c CMakeFiles/carrier_receiver_baseband.dir/C_/Users/User/.pico-sdk/sdk/2.1.1/src/rp2_common/hardware_pio/pio.c.obj
                0x100099fc                pio_sm_init
 .text.spi_init
                0x10009a98      0x13c CMakeFiles/carrier_receiver_baseband.dir/C_/Users/User/.pico-sdk/sdk/2.1.1/src/rp2_common/hardware_spi/spi.c.obj
                0x10009a98                spi_init
 .text.calloc   0x10009bd4       0x18 C:/Users/User/.pico-sdk/toolchain/14_2_Rel1/bin/../lib/gcc/arm-none-eabi/14.2.1/thumb/v6-m/nofp\libg.a(libc_a-calloc.o)
                0x10009bd4                calloc
 .text._calloc_r
                0x10009bec       0xa8 C:/Users/User/.pico-sdk/toolchain/14_2_Rel1/bin/../lib/gcc/arm-none-eabi/14.2.1/thumb/v6-m/nofp\libg.a(libc_a-callocr.o)
                0x10009bec                _calloc_r
 .text._malloc_r
                0x10009c94      0x5cc C:/Users/User/.pico-sdk/toolchain/14_2_Rel1/bin/../lib/gcc/arm-none-eabi/14.2.1/thumb/v6-m/nofp\libg.a(libc_a-mallocr.o)
                0x10009c94                _malloc_r
 .text.__malloc_lock
                0x1000a260       0x10 C:/Users/User/.pico-sdk/toolchain/14_2_Rel1/bin/../lib/gcc/arm-none-eabi/14.2.1/thumb/v6-m/nofp\libg.a(libc_a-mlock.o)
                0x1000a260                __malloc_lock
 .text.__malloc_unlock
                0x1000a270       0x10 C:/Users/User/.pico-sdk/toolchain/14_2_Rel1/bin/../lib/gcc/arm-none-eabi/14.2.1/thumb/v6-m/nofp\libg.a(libc_a-mlock.o)
                0x1000a270                __malloc_unlock
 .text._sbrk_r  0x1000a280       0x24 C:/Users/User/.pico-sdk/toolchain/14_2_Rel1/bin/../lib/gcc/arm-none-eabi/14.2.1/thumb/v6-m/nofp\libg.a(libc_a-sbrkr.o)
                0x1000a280                _sbrk_r
 .text.__errno  0x1000a2a4        0xc C:/Users/User/.pico-sdk/toolchain/14_2_Rel1/bin/../lib/gcc/arm-none-eabi/14.2.1/thumb/v6-m/nofp\libg.a(libc_a-errno.o)
                0x1000a2a4                __errno
 .text.__retarget_lock_acquire_recursive
                0x1000a2b0        0x4 C:/Users/User/.pico-sdk/toolchain/14_2_Rel1/bin/../lib/gcc/arm-none-eabi/14.2.1/thumb/v6-m/nofp\libg.a(libc_a-lock.o)
                0x1000a2b0                __retarget_lock_acquire_recursive
 .text.__retarget_lock_release_recursive
                0x1000a2b4        0x4 C:/Users/User/.pico-sdk/toolchain/14_2_Rel1/bin/../lib/gcc/arm-none-eabi/14.2.1/thumb/v6-m/nofp\libg.a(libc_a-lock.o)
                0x1000a2b4                __retarget_lock_release_recursive
 .text.sysconf  0x1000a2b8       0x1c C:/Users/User/.pico-sdk/toolchain/14_2_Rel1/bin/../lib/gcc/arm-none-eabi/14.2.1/thumb/v6-m/nofp\libg.a(libc_a-sysconf.o)
                0x1000a2b8                sysconf
 .text.strlen   0x1000a2d4       0x5c C:/Users/User/.pico-sdk/toolchain/14_2_Rel1/bin/../lib/gcc/arm-none-eabi/14.2.1/thumb/v6-m/nofp\libg.a(libc_a-strlen-stub.o)
                0x1000a2d4                strlen
 .text._malloc_trim_r
                0x1000a330       0xb4 C:/Users/User/.pico-sdk/toolchain/14_2_Rel1/bin/../lib/gcc/arm-none-eabi/14.2.1/thumb/v6-m/nofp\libg.a(libc_a-freer.o)
                0x1000a330                _malloc_trim_r
 .text._free_r  0x1000a3e4      0x1f0 C:/Users/User/.pico-sdk/toolchain/14_2_Rel1/bin/../lib/gcc/arm-none-eabi/14.2.1/thumb/v6-m/nofp\libg.a(libc_a-freer.o)
                0x1000a3e4                _free_r
 *(.fini)
 .fini          0x1000a5d4        0x4 C:/Users/User/.pico-sdk/toolchain/14_2_Rel1/bin/../lib/gcc/arm-none-eabi/14.2.1/thumb/v6-m/nofp/crti.o
                0x1000a5d4                _fini
 .fini.__stub   0x1000a5d8       0xe0 linker stubs
 *crtbegin.o(.ctors)
 *crtbegin?.o(.ctors)
 *(EXCLUDE_FILE(*crtend.o *crtend?.o) .ctors)
 *(SORT_BY_NAME(.ctors.*))
 *(.ctors)
 *crtbegin.o(.dtors)
 *crtbegin?.o(.dtors)
 *(EXCLUDE_FILE(*crtend.o *crtend?.o) .dtors)
 *(SORT_BY_NAME(.dtors.*))
 *(.dtors)
                0x1000a6b8                        . = ALIGN (0x4)
                0x1000a6b8                        PROVIDE (__preinit_array_start = .)
 *(SORT_BY_NAME(.preinit_array.*))
 .preinit_array.00100
                0x1000a6b8        0x4 CMakeFiles/carrier_receiver_baseband.dir/C_/Users/User/.pico-sdk/sdk/2.1.1/src/rp2_common/pico_runtime_init/runtime_init.c.obj
                0x1000a6b8                __pre_init_runtime_init_early_resets
 .preinit_array.00101
                0x1000a6bc        0x4 CMakeFiles/carrier_receiver_baseband.dir/C_/Users/User/.pico-sdk/sdk/2.1.1/src/rp2_common/pico_runtime_init/runtime_init.c.obj
                0x1000a6bc                __pre_init_runtime_init_usb_power_down
 .preinit_array.00275
                0x1000a6c0        0x4 CMakeFiles/carrier_receiver_baseband.dir/C_/Users/User/.pico-sdk/sdk/2.1.1/src/rp2_common/pico_bit_ops/bit_ops_aeabi.S.obj
 .preinit_array.00300
                0x1000a6c4        0x4 CMakeFiles/carrier_receiver_baseband.dir/C_/Users/User/.pico-sdk/sdk/2.1.1/src/rp2_common/pico_mem_ops/mem_ops_aeabi.S.obj
 .preinit_array.00350
                0x1000a6c8        0x4 CMakeFiles/carrier_receiver_baseband.dir/C_/Users/User/.pico-sdk/sdk/2.1.1/src/rp2_common/pico_double/double_aeabi_rp2040.S.obj
 .preinit_array.00350
                0x1000a6cc        0x4 CMakeFiles/carrier_receiver_baseband.dir/C_/Users/User/.pico-sdk/sdk/2.1.1/src/rp2_common/pico_float/float_aeabi_rp2040.S.obj
 .preinit_array.00500
                0x1000a6d0        0x4 CMakeFiles/carrier_receiver_baseband.dir/C_/Users/User/.pico-sdk/sdk/2.1.1/src/rp2_common/pico_runtime_init/runtime_init.c.obj
                0x1000a6d0                __pre_init_runtime_init_clocks
 .preinit_array.00600
                0x1000a6d4        0x4 CMakeFiles/carrier_receiver_baseband.dir/C_/Users/User/.pico-sdk/sdk/2.1.1/src/rp2_common/pico_runtime_init/runtime_init.c.obj
                0x1000a6d4                __pre_init_runtime_init_post_clock_resets
 .preinit_array.00700
                0x1000a6d8        0x4 CMakeFiles/carrier_receiver_baseband.dir/C_/Users/User/.pico-sdk/sdk/2.1.1/src/rp2_common/pico_runtime_init/runtime_init.c.obj
                0x1000a6d8                __pre_init_runtime_init_rp2040_gpio_ie_disable
 .preinit_array.01000
                0x1000a6dc        0x4 CMakeFiles/carrier_receiver_baseband.dir/C_/Users/User/.pico-sdk/sdk/2.1.1/src/rp2_common/pico_runtime_init/runtime_init.c.obj
                0x1000a6dc                __pre_init_runtime_init_spin_locks_reset
 .preinit_array.01100
                0x1000a6e0        0x4 CMakeFiles/carrier_receiver_baseband.dir/C_/Users/User/.pico-sdk/sdk/2.1.1/src/common/pico_sync/mutex.c.obj
                0x1000a6e0                __pre_init_runtime_init_mutex
 .preinit_array.10080
                0x1000a6e4        0x4 CMakeFiles/carrier_receiver_baseband.dir/C_/Users/User/.pico-sdk/sdk/2.1.1/src/rp2_common/pico_runtime_init/runtime_init.c.obj
                0x1000a6e4                __pre_init_runtime_init_install_ram_vector_table
 .preinit_array.11000
                0x1000a6e8        0x4 CMakeFiles/carrier_receiver_baseband.dir/C_/Users/User/.pico-sdk/sdk/2.1.1/src/common/pico_time/time.c.obj
                0x1000a6e8                __pre_init_runtime_init_default_alarm_pool
 .preinit_array.YYYYY
                0x1000a6ec        0x4 CMakeFiles/carrier_receiver_baseband.dir/C_/Users/User/.pico-sdk/sdk/2.1.1/src/rp2_common/pico_runtime/runtime.c.obj
                0x1000a6ec                __pre_init_first_per_core_initializer
 .preinit_array.ZZZZZ.01200
                0x1000a6f0        0x4 CMakeFiles/carrier_receiver_baseband.dir/C_/Users/User/.pico-sdk/sdk/2.1.1/src/rp2_common/hardware_irq/irq.c.obj
                0x1000a6f0                __pre_init_runtime_init_per_core_irq_priorities
 *(.preinit_array)
                0x1000a6f4                        PROVIDE (__preinit_array_end = .)
                0x1000a6f4                        . = ALIGN (0x4)
                0x1000a6f4                        PROVIDE (__init_array_start = .)
 *(SORT_BY_NAME(.init_array.*))
 *(.init_array)
 .init_array    0x1000a6f4        0x4 C:/Users/User/.pico-sdk/toolchain/14_2_Rel1/bin/../lib/gcc/arm-none-eabi/14.2.1/thumb/v6-m/nofp/crtbegin.o
 .init_array    0x1000a6f8        0x4 CMakeFiles/carrier_receiver_baseband.dir/C_/Users/User/.pico-sdk/sdk/2.1.1/src/rp2_common/pico_unique_id/unique_id.c.obj
                0x1000a6fc                        PROVIDE (__init_array_end = .)
                0x1000a6fc                        . = ALIGN (0x4)
                [!provide]                        PROVIDE (__fini_array_start = .)
 *(SORT_BY_NAME(.fini_array.*))
 *(.fini_array)
                [!provide]                        PROVIDE (__fini_array_end = .)
 *(.eh_frame*)
 .eh_frame      0x1000a6fc        0x0 C:/Users/User/.pico-sdk/toolchain/14_2_Rel1/bin/../lib/gcc/arm-none-eabi/14.2.1/thumb/v6-m/nofp/crtbegin.o
                0x1000a6fc                        . = ALIGN (0x4)

.glue_7         0x1000a6fc        0x0
 .glue_7        0x1000a6fc        0x0 linker stubs

.glue_7t        0x1000a6fc        0x0
 .glue_7t       0x1000a6fc        0x0 linker stubs

.vfp11_veneer   0x1000a6fc        0x0
 .vfp11_veneer  0x1000a6fc        0x0 linker stubs

.v4_bx          0x1000a6fc        0x0
 .v4_bx         0x1000a6fc        0x0 linker stubs

.iplt           0x1000a6fc        0x0
 .iplt          0x1000a6fc        0x0 C:/Users/User/.pico-sdk/toolchain/14_2_Rel1/bin/../lib/gcc/arm-none-eabi/14.2.1/thumb/v6-m/nofp/crtbegin.o

.rodata         0x1000a700      0xbd4
 *(EXCLUDE_FILE(*libm.a: *libc.a:*lib_a-mem*.o *libgcc.a:) .rodata*)
 .rodata.main.str1.4
                0x1000a700      0x70c CMakeFiles/carrier_receiver_baseband.dir/main.c.obj
                                 0x86 (size before relaxing)
 .rodata.__bi_56.0
                0x1000ae0c        0x8 CMakeFiles/carrier_receiver_baseband.dir/main.c.obj
 .rodata.str1.4
                0x1000ae14       0x1f CMakeFiles/carrier_receiver_baseband.dir/main.c.obj
 .rodata.__bi_62.1
                0x1000ae14        0xc CMakeFiles/carrier_receiver_baseband.dir/main.c.obj
 .rodata.__bi_68.2
                0x1000ae20        0xc CMakeFiles/carrier_receiver_baseband.dir/main.c.obj
 .rodata.generate_data.str1.4
                0x1000ae2c       0x39 CMakeFiles/carrier_receiver_baseband.dir/C_/Users/User/tradlosaprojvar/WcnesProject2025/project_pico_libs/packet_generation.c.obj
 .rodata.printPacket.str1.4
                0x1000ae2c       0x7e CMakeFiles/carrier_receiver_baseband.dir/C_/Users/User/tradlosaprojvar/WcnesProject2025/project_pico_libs/receiver_CC2500.c.obj
 .rodata.set_datarate_rx.str1.4
                0x1000ae2c       0x1b CMakeFiles/carrier_receiver_baseband.dir/C_/Users/User/tradlosaprojvar/WcnesProject2025/project_pico_libs/receiver_CC2500.c.obj
 .rodata.set_filter_bandwidth_rx.str1.4
                0x1000ae2c       0x17 CMakeFiles/carrier_receiver_baseband.dir/C_/Users/User/tradlosaprojvar/WcnesProject2025/project_pico_libs/receiver_CC2500.c.obj
 .rodata.set_frequency_deviation_rx.str1.4
                0x1000ae2c       0x1a CMakeFiles/carrier_receiver_baseband.dir/C_/Users/User/tradlosaprojvar/WcnesProject2025/project_pico_libs/receiver_CC2500.c.obj
 .rodata.set_frecuency_rx.str1.4
                0x1000ae2c       0x23 CMakeFiles/carrier_receiver_baseband.dir/C_/Users/User/tradlosaprojvar/WcnesProject2025/project_pico_libs/receiver_CC2500.c.obj
 .rodata.set_frecuency_tx.str1.4
                0x1000ae2c       0x23 CMakeFiles/carrier_receiver_baseband.dir/C_/Users/User/tradlosaprojvar/WcnesProject2025/project_pico_libs/carrier_CC2500.c.obj
 .rodata.generatePIOprogram.str1.4
                0x1000ae2c      0x11d CMakeFiles/carrier_receiver_baseband.dir/C_/Users/User/tradlosaprojvar/WcnesProject2025/project_pico_libs/backscatter.c.obj
 .rodata.backscatter_program_init.str1.4
                0x1000ae2c      0x270 CMakeFiles/carrier_receiver_baseband.dir/C_/Users/User/tradlosaprojvar/WcnesProject2025/project_pico_libs/backscatter.c.obj
 .rodata.panic.str1.4
                0x1000ae2c       0x12 CMakeFiles/carrier_receiver_baseband.dir/C_/Users/User/.pico-sdk/sdk/2.1.1/src/rp2_common/pico_platform_panic/panic.c.obj
 .rodata.spin_lock_claim_unused.str1.4
                0x1000ae2c       0x1b CMakeFiles/carrier_receiver_baseband.dir/C_/Users/User/.pico-sdk/sdk/2.1.1/src/rp2_common/hardware_sync/sync.c.obj
 .rodata.user_irq_claim_unused.str1.4
                0x1000ae2c       0x1b CMakeFiles/carrier_receiver_baseband.dir/C_/Users/User/.pico-sdk/sdk/2.1.1/src/rp2_common/hardware_irq/irq.c.obj
 .rodata.timer_hardware_alarm_claim.str1.4
                0x1000ae2c       0x22 CMakeFiles/carrier_receiver_baseband.dir/C_/Users/User/.pico-sdk/sdk/2.1.1/src/rp2_common/hardware_timer/timer.c.obj
 .rodata.hard_assertion_failure.str1.4
                0x1000ae2c        0xc CMakeFiles/carrier_receiver_baseband.dir/C_/Users/User/.pico-sdk/sdk/2.1.1/src/rp2_common/pico_runtime/runtime.c.obj
 .rodata.__wrap_malloc.str1.4
                0x1000ae2c        0xe CMakeFiles/carrier_receiver_baseband.dir/C_/Users/User/.pico-sdk/sdk/2.1.1/src/rp2_common/pico_malloc/malloc.c.obj
 .rodata.str1.4
                0x1000ae2c       0x50 CMakeFiles/carrier_receiver_baseband.dir/C_/Users/User/.pico-sdk/sdk/2.1.1/src/rp2_common/pico_standard_binary_info/standard_binary_info.c.obj
 .rodata.__bi_84
                0x1000ae2c        0xc CMakeFiles/carrier_receiver_baseband.dir/C_/Users/User/.pico-sdk/sdk/2.1.1/src/rp2_common/pico_standard_binary_info/standard_binary_info.c.obj
 .rodata.__bi_78
                0x1000ae38        0xc CMakeFiles/carrier_receiver_baseband.dir/C_/Users/User/.pico-sdk/sdk/2.1.1/src/rp2_common/pico_standard_binary_info/standard_binary_info.c.obj
 .rodata.__bi_54
                0x1000ae44        0xc CMakeFiles/carrier_receiver_baseband.dir/C_/Users/User/.pico-sdk/sdk/2.1.1/src/rp2_common/pico_standard_binary_info/standard_binary_info.c.obj
 .rodata.__bi_48
                0x1000ae50        0xc CMakeFiles/carrier_receiver_baseband.dir/C_/Users/User/.pico-sdk/sdk/2.1.1/src/rp2_common/pico_standard_binary_info/standard_binary_info.c.obj
 .rodata.__bi_42
                0x1000ae5c        0xc CMakeFiles/carrier_receiver_baseband.dir/C_/Users/User/.pico-sdk/sdk/2.1.1/src/rp2_common/pico_standard_binary_info/standard_binary_info.c.obj
 .rodata.__bi_34
                0x1000ae68        0xc CMakeFiles/carrier_receiver_baseband.dir/C_/Users/User/.pico-sdk/sdk/2.1.1/src/rp2_common/pico_standard_binary_info/standard_binary_info.c.obj
 .rodata.__bi_26
                0x1000ae74        0xc CMakeFiles/carrier_receiver_baseband.dir/C_/Users/User/.pico-sdk/sdk/2.1.1/src/rp2_common/pico_standard_binary_info/standard_binary_info.c.obj
 .rodata._ftoa.str1.4
                0x1000ae80       0x15 CMakeFiles/carrier_receiver_baseband.dir/C_/Users/User/.pico-sdk/sdk/2.1.1/src/rp2_common/pico_printf/printf.c.obj
 .rodata._vsnprintf
                0x1000ae80      0x19c CMakeFiles/carrier_receiver_baseband.dir/C_/Users/User/.pico-sdk/sdk/2.1.1/src/rp2_common/pico_printf/printf.c.obj
 *fill*         0x1000b01c        0x4 
 .rodata.pow10.0
                0x1000b020       0x50 CMakeFiles/carrier_receiver_baseband.dir/C_/Users/User/.pico-sdk/sdk/2.1.1/src/rp2_common/pico_printf/printf.c.obj
 .rodata.crlf_str.0
                0x1000b070        0x2 CMakeFiles/carrier_receiver_baseband.dir/C_/Users/User/.pico-sdk/sdk/2.1.1/src/rp2_common/pico_stdio/stdio.c.obj
 *fill*         0x1000b072        0x2 
 .rodata._resetd_driver
                0x1000b074       0x20 CMakeFiles/carrier_receiver_baseband.dir/C_/Users/User/.pico-sdk/sdk/2.1.1/src/rp2_common/pico_stdio_usb/reset_interface.c.obj
 .rodata.desc_ms_os_20
                0x1000b094       0xa6 CMakeFiles/carrier_receiver_baseband.dir/C_/Users/User/.pico-sdk/sdk/2.1.1/src/rp2_common/pico_stdio_usb/reset_interface.c.obj
 *fill*         0x1000b13a        0x2 
 .rodata.desc_bos
                0x1000b13c       0x21 CMakeFiles/carrier_receiver_baseband.dir/C_/Users/User/.pico-sdk/sdk/2.1.1/src/rp2_common/pico_stdio_usb/reset_interface.c.obj
                0x1000b13c                desc_bos
 .rodata.str1.4
                0x1000b15d       0x13 CMakeFiles/carrier_receiver_baseband.dir/C_/Users/User/.pico-sdk/sdk/2.1.1/src/rp2_common/pico_stdio_usb/stdio_usb.c.obj
 *fill*         0x1000b15d        0x3 
 .rodata.__bi_197.0
                0x1000b160        0xc CMakeFiles/carrier_receiver_baseband.dir/C_/Users/User/.pico-sdk/sdk/2.1.1/src/rp2_common/pico_stdio_usb/stdio_usb.c.obj
 .rodata.str1.4
                0x1000b16c       0x2a CMakeFiles/carrier_receiver_baseband.dir/C_/Users/User/.pico-sdk/sdk/2.1.1/src/rp2_common/pico_stdio_usb/stdio_usb_descriptors.c.obj
 .rodata.usbd_desc_str
                0x1000b16c       0x18 CMakeFiles/carrier_receiver_baseband.dir/C_/Users/User/.pico-sdk/sdk/2.1.1/src/rp2_common/pico_stdio_usb/stdio_usb_descriptors.c.obj
 .rodata.usbd_desc_cfg
                0x1000b184       0x54 CMakeFiles/carrier_receiver_baseband.dir/C_/Users/User/.pico-sdk/sdk/2.1.1/src/rp2_common/pico_stdio_usb/stdio_usb_descriptors.c.obj
 .rodata.usbd_desc_device
                0x1000b1d8       0x12 CMakeFiles/carrier_receiver_baseband.dir/C_/Users/User/.pico-sdk/sdk/2.1.1/src/rp2_common/pico_stdio_usb/stdio_usb_descriptors.c.obj
 .rodata.str1.4
                0x1000b1ea       0x14 CMakeFiles/carrier_receiver_baseband.dir/C_/Users/User/.pico-sdk/sdk/2.1.1/lib/tinyusb/src/portable/raspberrypi/rp2040/dcd_rp2040.c.obj
 .rodata.str1.4
                0x1000b1ea       0x48 CMakeFiles/carrier_receiver_baseband.dir/C_/Users/User/.pico-sdk/sdk/2.1.1/lib/tinyusb/src/portable/raspberrypi/rp2040/rp2040_usb.c.obj
 *fill*         0x1000b1ea        0x2 
 .rodata.tud_task_ext
                0x1000b1ec       0x8c CMakeFiles/carrier_receiver_baseband.dir/C_/Users/User/.pico-sdk/sdk/2.1.1/lib/tinyusb/src/device/usbd.c.obj
 .rodata        0x1000b278       0x1c CMakeFiles/carrier_receiver_baseband.dir/C_/Users/User/.pico-sdk/sdk/2.1.1/lib/tinyusb/src/device/usbd.c.obj
 .rodata._usbd_driver
                0x1000b294       0x40 CMakeFiles/carrier_receiver_baseband.dir/C_/Users/User/.pico-sdk/sdk/2.1.1/lib/tinyusb/src/device/usbd.c.obj
                0x1000b2d4                        . = ALIGN (0x4)
 *(SORT_BY_ALIGNMENT(SORT_BY_NAME(.flashdata*)))
                0x1000b2d4                        . = ALIGN (0x4)

.ARM.extab
 *(.ARM.extab* .gnu.linkonce.armextab.*)
                0x1000b2d4                        __exidx_start = .

.ARM.exidx
 *(.ARM.exidx* .gnu.linkonce.armexidx.*)
                0x1000b2d4                        __exidx_end = .
                0x1000b2d4                        . = ALIGN (0x4)
                0x1000b2d4                        __binary_info_start = .

.binary_info    0x1000b2d4       0x2c
 *(.binary_info.keep.*)
 .binary_info.keep.__bi_ptr68
                0x1000b2d4        0x4 CMakeFiles/carrier_receiver_baseband.dir/main.c.obj
 .binary_info.keep.__bi_ptr62
                0x1000b2d8        0x4 CMakeFiles/carrier_receiver_baseband.dir/main.c.obj
 .binary_info.keep.__bi_ptr56
                0x1000b2dc        0x4 CMakeFiles/carrier_receiver_baseband.dir/main.c.obj
 .binary_info.keep.__bi_ptr84
                0x1000b2e0        0x4 CMakeFiles/carrier_receiver_baseband.dir/C_/Users/User/.pico-sdk/sdk/2.1.1/src/rp2_common/pico_standard_binary_info/standard_binary_info.c.obj
 .binary_info.keep.__bi_ptr78
                0x1000b2e4        0x4 CMakeFiles/carrier_receiver_baseband.dir/C_/Users/User/.pico-sdk/sdk/2.1.1/src/rp2_common/pico_standard_binary_info/standard_binary_info.c.obj
 .binary_info.keep.__bi_ptr54
                0x1000b2e8        0x4 CMakeFiles/carrier_receiver_baseband.dir/C_/Users/User/.pico-sdk/sdk/2.1.1/src/rp2_common/pico_standard_binary_info/standard_binary_info.c.obj
 .binary_info.keep.__bi_ptr48
                0x1000b2ec        0x4 CMakeFiles/carrier_receiver_baseband.dir/C_/Users/User/.pico-sdk/sdk/2.1.1/src/rp2_common/pico_standard_binary_info/standard_binary_info.c.obj
 .binary_info.keep.__bi_ptr42
                0x1000b2f0        0x4 CMakeFiles/carrier_receiver_baseband.dir/C_/Users/User/.pico-sdk/sdk/2.1.1/src/rp2_common/pico_standard_binary_info/standard_binary_info.c.obj
 .binary_info.keep.__bi_ptr34
                0x1000b2f4        0x4 CMakeFiles/carrier_receiver_baseband.dir/C_/Users/User/.pico-sdk/sdk/2.1.1/src/rp2_common/pico_standard_binary_info/standard_binary_info.c.obj
 .binary_info.keep.__bi_ptr26
                0x1000b2f8        0x4 CMakeFiles/carrier_receiver_baseband.dir/C_/Users/User/.pico-sdk/sdk/2.1.1/src/rp2_common/pico_standard_binary_info/standard_binary_info.c.obj
 *(.binary_info.*)
 .binary_info.__bi_ptr197
                0x1000b2fc        0x4 CMakeFiles/carrier_receiver_baseband.dir/C_/Users/User/.pico-sdk/sdk/2.1.1/src/rp2_common/pico_stdio_usb/stdio_usb.c.obj
                0x1000b300                        __binary_info_end = .

.rel.dyn        0x1000b300        0x0
 .rel.iplt      0x1000b300        0x0 C:/Users/User/.pico-sdk/toolchain/14_2_Rel1/bin/../lib/gcc/arm-none-eabi/14.2.1/thumb/v6-m/nofp/crtbegin.o
                0x1000b300                        . = ALIGN (0x4)

.ram_vector_table
                0x20000000       0xc0
 *(.ram_vector_table)
 .ram_vector_table
                0x20000000       0xc0 CMakeFiles/carrier_receiver_baseband.dir/C_/Users/User/.pico-sdk/sdk/2.1.1/src/rp2_common/pico_runtime_init/runtime_init.c.obj
                0x20000000                ram_vector_table

.uninitialized_data
                0x200000c0        0x0
                0x200000c0                        . = ALIGN (0x4)
 *(.uninitialized_data*)

.data           0x200000c0     0x1678 load address 0x1000b300
                0x200000c0                        __data_start__ = .
 *(vtable)
 *(.time_critical*)
 .time_critical.mutex_try_enter
                0x200000c0       0x40 CMakeFiles/carrier_receiver_baseband.dir/C_/Users/User/.pico-sdk/sdk/2.1.1/src/common/pico_sync/mutex.c.obj
                0x200000c0                mutex_try_enter
 .time_critical.mutex_try_enter_block_until
                0x20000100       0x98 CMakeFiles/carrier_receiver_baseband.dir/C_/Users/User/.pico-sdk/sdk/2.1.1/src/common/pico_sync/mutex.c.obj
                0x20000100                mutex_try_enter_block_until
 .time_critical.mutex_enter_timeout_ms
                0x20000198       0x8c CMakeFiles/carrier_receiver_baseband.dir/C_/Users/User/.pico-sdk/sdk/2.1.1/src/common/pico_sync/mutex.c.obj
                0x20000198                mutex_enter_timeout_ms
 .time_critical.mutex_exit
                0x20000224       0x28 CMakeFiles/carrier_receiver_baseband.dir/C_/Users/User/.pico-sdk/sdk/2.1.1/src/common/pico_sync/mutex.c.obj
                0x20000224                mutex_exit
 .time_critical.flash_init_boot2_copyout
                0x2000024c       0x30 CMakeFiles/carrier_receiver_baseband.dir/C_/Users/User/.pico-sdk/sdk/2.1.1/src/rp2_common/hardware_flash/flash.c.obj
 .time_critical.flash_enable_xip_via_boot2
                0x2000027c        0xc CMakeFiles/carrier_receiver_baseband.dir/C_/Users/User/.pico-sdk/sdk/2.1.1/src/rp2_common/hardware_flash/flash.c.obj
 .time_critical.flash_cs_force
                0x20000288       0x38 CMakeFiles/carrier_receiver_baseband.dir/C_/Users/User/.pico-sdk/sdk/2.1.1/src/rp2_common/hardware_flash/flash.c.obj
 .time_critical.flash_do_cmd
                0x200002c0      0x130 CMakeFiles/carrier_receiver_baseband.dir/C_/Users/User/.pico-sdk/sdk/2.1.1/src/rp2_common/hardware_flash/flash.c.obj
                0x200002c0                flash_do_cmd
 .time_critical.reset_non_control_endpoints
                0x200003f0       0x68 CMakeFiles/carrier_receiver_baseband.dir/C_/Users/User/.pico-sdk/sdk/2.1.1/lib/tinyusb/src/portable/raspberrypi/rp2040/dcd_rp2040.c.obj
 .time_critical.hw_handle_buff_status
                0x20000458       0xa0 CMakeFiles/carrier_receiver_baseband.dir/C_/Users/User/.pico-sdk/sdk/2.1.1/lib/tinyusb/src/portable/raspberrypi/rp2040/dcd_rp2040.c.obj
 .time_critical.dcd_rp2040_irq
                0x200004f8      0x548 CMakeFiles/carrier_receiver_baseband.dir/C_/Users/User/.pico-sdk/sdk/2.1.1/lib/tinyusb/src/portable/raspberrypi/rp2040/dcd_rp2040.c.obj
 .time_critical.prepare_ep_buffer
                0x20000a40       0xc8 CMakeFiles/carrier_receiver_baseband.dir/C_/Users/User/.pico-sdk/sdk/2.1.1/lib/tinyusb/src/portable/raspberrypi/rp2040/rp2040_usb.c.obj
 .time_critical.sync_ep_buffer
                0x20000b08       0x9c CMakeFiles/carrier_receiver_baseband.dir/C_/Users/User/.pico-sdk/sdk/2.1.1/lib/tinyusb/src/portable/raspberrypi/rp2040/rp2040_usb.c.obj
 .time_critical._hw_endpoint_xfer_sync
                0x20000ba4       0x28 CMakeFiles/carrier_receiver_baseband.dir/C_/Users/User/.pico-sdk/sdk/2.1.1/lib/tinyusb/src/portable/raspberrypi/rp2040/rp2040_usb.c.obj
 .time_critical.e15_is_bulkin_ep